Microchip MPLAB XC8 Compiler V2.46

Linker command line:

-W-3 \
  --edf=C:\Program Files\Microchip\xc8\v2.46\pic\dat\20240104201356_en.msgs \
  -cn -h+dist/default/debug\codelcd.X.debug.sym \
  --cmf=dist/default/debug\codelcd.X.debug.cmf -z -Q18F27Q84 \
  -oC:\Users\p2405621\AppData\Local\Temp\xcAs3bs.\driver_tmp_3.o \
  --defsym=__MPLAB_BUILD=1 --fixupoverflow=error \
  -Mdist/default/debug/codelcd.X.debug.map \
  --md=C:\Users\p2405621\AppData\Local\Temp\xcAs3bs.\driver_tmp_0.dat -E1 \
  -ver=XC8 Compiler --acfsm=1493 -ACODE=00h-01FFFFh -ACONST=00h-01FFFFh \
  -ASMALLCONST=03700h-037FFhx457 \
  -AMEDIUMCONST=03700h-0FFFFh,013700h-01FFFFh -ACOMRAM=0501h-055Fh \
  -AABS1=0500h-036FFh -ABIGRAM=0501h-036FFh \
  -ARAM=0560h-05FFh,0600h-06FFhx49 -ABANK5=0560h-05FFh -ABANK6=0600h-06FFh \
  -ABANK7=0700h-07FFh -ABANK8=0800h-08FFh -ABANK9=0900h-09FFh \
  -ABANK10=0A00h-0AFFh -ABANK11=0B00h-0BFFh -ABANK12=0C00h-0CFFh \
  -ABANK13=0D00h-0DFFh -ABANK14=0E00h-0EFFh -ABANK15=0F00h-0FFFh \
  -ABANK16=01000h-010FFh -ABANK17=01100h-011FFh -ABANK18=01200h-012FFh \
  -ABANK19=01300h-013FFh -ABANK20=01400h-014FFh -ABANK21=01500h-015FFh \
  -ABANK22=01600h-016FFh -ABANK23=01700h-017FFh -ABANK24=01800h-018FFh \
  -ABANK25=01900h-019FFh -ABANK26=01A00h-01AFFh -ABANK27=01B00h-01BFFh \
  -ABANK28=01C00h-01CFFh -ABANK29=01D00h-01DFFh -ABANK30=01E00h-01EFFh \
  -ABANK31=01F00h-01FFFh -ABANK32=02000h-020FFh -ABANK33=02100h-021FFh \
  -ABANK34=02200h-022FFh -ABANK35=02300h-023FFh -ABANK36=02400h-024FFh \
  -ABANK37=02500h-025FFh -ABANK38=02600h-026FFh -ABANK39=02700h-027FFh \
  -ABANK40=02800h-028FFh -ABANK41=02900h-029FFh -ABANK42=02A00h-02AFFh \
  -ABANK43=02B00h-02BFFh -ABANK44=02C00h-02CFFh -ABANK45=02D00h-02DFFh \
  -ABANK46=02E00h-02EFFh -ABANK47=02F00h-02FFFh -ABANK48=03000h-030FFh \
  -ABANK49=03100h-031FFh -ABANK50=03200h-032FFh -ABANK51=03300h-033FFh \
  -ABANK52=03400h-034FFh -ABANK53=03500h-035FFh -ABANK54=03600h-036FFh \
  -ASFR=00h-0FFhx4,0400h-045Fh,0460h-04FFh,03700h-037FFhx9 \
  -ABIGSFR=00h-04FFh,03700h-03FFFh -ACONFIG=0300000h-0300023h \
  -AIDLOC=0200000h-020003Fh -AEEDATA=0380000h-03803FFh -peeprom_data=EEDATA \
  -preset_vec=00h -ppowerup=CODE,init -pramtop=03700h \
  -psmallconst=SMALLCONST -pmediumconst=MEDIUMCONST -pconst=CONST \
  -AFARRAM=00h-00h \
  -prdata=COMRAM,nvrram=COMRAM,nvbit=COMRAM,rbss=COMRAM,rbit=COMRAM \
  -pfarbss=FARRAM,fardata=FARRAM,nvFARRAM=FARRAM \
  -pintsave_regs=BIGRAM,bigbss=BIGRAM,bigdata=BIGRAM -pbss=RAM \
  -pidata=CODE,irdata=CODE,ibigdata=CODE,ifardata=CODE -prparam=COMRAM \
  C:\Users\p2405621\AppData\Local\Temp\xcAs3bs.\driver_tmp_14.o \
  dist/default/debug\codelcd.X.debug.o 

Object code version is 3.11

Machine type is 18F27Q84



                Name                               Link     Load   Length Selector   Space Scale
C:\Users\p2405621\AppData\Local\Temp\xcAs3bs.\driver_tmp_14.o
                config                           300000   300000       1F        0       4
                init                              1FFFC    1FFFC        4     FFFE       0
                reset_vec                             0        0        4        0       0
dist/default/debug\codelcd.X.debug.o
                config                           300000   300000       1F        0       4
                mediumconst                        EFB2     EFB2     104E     77D9       0
                text70                            15CFC    15CFC       1E     8000       0
                text69                            15D32    15D32       18     8000       0
                text68                            15A70    15A70       50     8000       0
                text67                            13268    13268      230     8000       0
                text66                            14C18    14C18      112     8000       0
                text65                            15D96    15D96       10     AECB       0
                text64                            15DB2    15DB2        C     AECB       0
                text63                            15DA6    15DA6        C     AECB       0
                text62                            158CC    158CC       58     8000       0
                text61                            13CEC    13CEC      1EC     8000       0
                text60                            1561E    1561E       8C     8000       0
                text59                            152C2    152C2       C4     8000       0
                text58                            15386    15386       B0     8000       0
                text57                            15C28    15C28       34     8000       0
                text56                            15DCE    15DCE        2     AEE7       0
                text55                            151F8    151F8       CA     8000       0
                text54                            15B06    15B06       44     8000       0
                text53                            154E0    154E0       A2     8000       0
                text52                            140BA    140BA      1B8     8000       0
                text51                            129B8    129B8      39A     8000       0
                text50                            15436    15436       AA     8000       0
                text49                            14E30    14E30      104     8000       0
                text48                            121C6    121C6      42A     8000       0
                text47                            15B86    15B86       38     8000       0
                text46                            1145A    1145A      4C0     8000       0
                text45                            15AC0    15AC0       46     8000       0
                text44                            14D2A    14D2A      106     8000       0
                text43                            14F34    14F34       FE     8000       0
                text42                            138DC    138DC      212     8000       0
                text41                            1597A    1597A       56     8000       0
                text40                            15B4A    15B4A       3C     8000       0
                text39                            10000    10000      A62     8000       0
                text38                            15CD6    15CD6       26     8000       0
                text37                            1512A    1512A       CE     8000       0
                text36                            1191A    1191A      476     8000       0
                text35                            15924    15924       56     8000       0
                text34                            15A20    15A20       50     8000       0
                text33                            14426    14426      168     8000       0
                text32                            1586E    1586E       5E     8000       0
                text31                            1485A    1485A      166     8000       0
                text30                            146F4    146F4      166     8000       0
                text29                            15032    15032       F8     8000       0
                text28                            13AEE    13AEE      1FE     8000       0
                text27                            14272    14272      1B4     8000       0
                text26                            15BF4    15BF4       34     8000       0
                text25                            125F0    125F0      3C8     8000       0
                text24                            13036    13036      232     8000       0
                text23                            10F70    10F70      4EA     8000       0
                text22                            10A62    10A62      50E     8000       0
                text21                            136BA    136BA      222     8000       0
                text20                            14AEC    14AEC      12C     8000       0
                text19                            13498    13498      222     8000       0
                text18                            15732    15732       7C     8000       0
                text17                            12D52    12D52      2E4     8000       0
                text16                            13ED8    13ED8      1E2     8000       0
                text15                            15582    15582       9C     8000       0
                text14                            15BBE    15BBE       36     8000       0
                text13                            149C0    149C0      12C     8000       0
                text12                            15D5E    15D5E       14     8000       0
                text11                            15DBE    15DBE        A     AECB       0
                text10                            156AA    156AA       88     8000       0
                text9                             15D4A    15D4A       14     8000       0
                text8                             15CAE    15CAE       28     8000       0
                text7                             15C5C    15C5C       2A     8000       0
                text6                             159D0    159D0       50     8000       0
                text5                             15D1A    15D1A       18     8000       0
                text4                             157AE    157AE       62     8000       0
                text3                             15C86    15C86       28     8000       0
                text2                             15D72    15D72       12     8000       0
                text1                             11D90    11D90      436     8000       0
                text0                             1458E    1458E      166     8000       0
                cstackCOMRAM                        501      501       5F      501       1
                cstackBANK5                         560      560       82      560       1
                dataBANK6                           66C      66C       11      600       1
                bssBANK6                            600      600       6C      600       1
                dataBANK5                           5FB      5FB        5      560       1
                bssBANK5                            5E2      5E2       19      560       1
                cinit                             15810    15810       5E     8000       0
                idataBANK6                        15D84    15D84       11     8000       0
                idataBANK5                        15DC8    15DC8        5     AECB       0

TOTAL           Name                               Link     Load   Length     Space
        CLASS   CODE           
                init                              1FFFC    1FFFC        4         0
                reset_vec                             0        0        4         0
                text70                            15CFC    15CFC       1E         0
                text69                            15D32    15D32       18         0
                text68                            15A70    15A70       50         0
                text67                            13268    13268      230         0
                text66                            14C18    14C18      112         0
                text65                            15D96    15D96       10         0
                text64                            15DB2    15DB2        C         0
                text63                            15DA6    15DA6        C         0
                text62                            158CC    158CC       58         0
                text61                            13CEC    13CEC      1EC         0
                text60                            1561E    1561E       8C         0
                text59                            152C2    152C2       C4         0
                text58                            15386    15386       B0         0
                text57                            15C28    15C28       34         0
                text56                            15DCE    15DCE        2         0
                text55                            151F8    151F8       CA         0
                text54                            15B06    15B06       44         0
                text53                            154E0    154E0       A2         0
                text52                            140BA    140BA      1B8         0
                text51                            129B8    129B8      39A         0
                text50                            15436    15436       AA         0
                text49                            14E30    14E30      104         0
                text48                            121C6    121C6      42A         0
                text47                            15B86    15B86       38         0
                text46                            1145A    1145A      4C0         0
                text45                            15AC0    15AC0       46         0
                text44                            14D2A    14D2A      106         0
                text43                            14F34    14F34       FE         0
                text42                            138DC    138DC      212         0
                text41                            1597A    1597A       56         0
                text40                            15B4A    15B4A       3C         0
                text39                            10000    10000      A62         0
                text38                            15CD6    15CD6       26         0
                text37                            1512A    1512A       CE         0
                text36                            1191A    1191A      476         0
                text35                            15924    15924       56         0
                text34                            15A20    15A20       50         0
                text33                            14426    14426      168         0
                text32                            1586E    1586E       5E         0
                text31                            1485A    1485A      166         0
                text30                            146F4    146F4      166         0
                text29                            15032    15032       F8         0
                text28                            13AEE    13AEE      1FE         0
                text27                            14272    14272      1B4         0
                text26                            15BF4    15BF4       34         0
                text25                            125F0    125F0      3C8         0
                text24                            13036    13036      232         0
                text23                            10F70    10F70      4EA         0
                text22                            10A62    10A62      50E         0
                text21                            136BA    136BA      222         0
                text20                            14AEC    14AEC      12C         0
                text19                            13498    13498      222         0
                text18                            15732    15732       7C         0
                text17                            12D52    12D52      2E4         0
                text16                            13ED8    13ED8      1E2         0
                text15                            15582    15582       9C         0
                text14                            15BBE    15BBE       36         0
                text13                            149C0    149C0      12C         0
                text12                            15D5E    15D5E       14         0
                text11                            15DBE    15DBE        A         0
                text10                            156AA    156AA       88         0
                text9                             15D4A    15D4A       14         0
                text8                             15CAE    15CAE       28         0
                text7                             15C5C    15C5C       2A         0
                text6                             159D0    159D0       50         0
                text5                             15D1A    15D1A       18         0
                text4                             157AE    157AE       62         0
                text3                             15C86    15C86       28         0
                text2                             15D72    15D72       12         0
                text1                             11D90    11D90      436         0
                text0                             1458E    1458E      166         0
                cinit                             15810    15810       5E         0
                idataBANK6                        15D84    15D84       11         0
                idataBANK5                        15DC8    15DC8        5         0

        CLASS   CONST          

        CLASS   SMALLCONST     

        CLASS   MEDIUMCONST    
                mediumconst                        EFB2     EFB2     104E         0

        CLASS   COMRAM         
                cstackCOMRAM                        501      501       5F         1

        CLASS   ABS1           

        CLASS   BIGRAM         

        CLASS   RAM            

        CLASS   BANK5          
                cstackBANK5                         560      560       82         1
                dataBANK5                           5FB      5FB        5         1
                bssBANK5                            5E2      5E2       19         1

        CLASS   BANK6          
                dataBANK6                           66C      66C       11         1
                bssBANK6                            600      600       6C         1

        CLASS   BANK7          

        CLASS   BANK8          

        CLASS   BANK9          

        CLASS   BANK10         

        CLASS   BANK11         

        CLASS   BANK12         

        CLASS   BANK13         

        CLASS   BANK14         

        CLASS   BANK15         

        CLASS   BANK16         

        CLASS   BANK17         

        CLASS   BANK18         

        CLASS   BANK19         

        CLASS   BANK20         

        CLASS   BANK21         

        CLASS   BANK22         

        CLASS   BANK23         

        CLASS   BANK24         

        CLASS   BANK25         

        CLASS   BANK26         

        CLASS   BANK27         

        CLASS   BANK28         

        CLASS   BANK29         

        CLASS   BANK30         

        CLASS   BANK31         

        CLASS   BANK32         

        CLASS   BANK33         

        CLASS   BANK34         

        CLASS   BANK35         

        CLASS   BANK36         

        CLASS   BANK37         

        CLASS   BANK38         

        CLASS   BANK39         

        CLASS   BANK40         

        CLASS   BANK41         

        CLASS   BANK42         

        CLASS   BANK43         

        CLASS   BANK44         

        CLASS   BANK45         

        CLASS   BANK46         

        CLASS   BANK47         

        CLASS   BANK48         

        CLASS   BANK49         

        CLASS   BANK50         

        CLASS   BANK51         

        CLASS   BANK52         

        CLASS   BANK53         

        CLASS   BANK54         

        CLASS   SFR            

        CLASS   BIGSFR         

        CLASS   CONFIG         
                config                           300000   300000       1F         4

        CLASS   IDLOC          

        CLASS   EEDATA         

        CLASS   FARRAM         

        CLASS   HEAP           

        CLASS   STACK          



SEGMENTS        Name                           Load    Length   Top    Selector   Space  Class

                reset_vec                      000000  000004  000004         0       0  CODE    
                cstackCOMRAM                   000501  00005F  000560       501       1  COMRAM  
                cstackBANK5                    000560  0000A0  000600       560       1  BANK5   
                bssBANK6                       000600  00007D  00067D       600       1  BANK6   
                mediumconst                    00EFB2  00104E  010000      77D9       0  MEDIUMCO
                text39                         010000  005D95  015D95      8000       0  CODE    
                text65                         015D96  000037  015DCD      AECB       0  CODE    
                text56                         015DCE  000002  015DD0      AEE7       0  CODE    
                init                           01FFFC  000004  020000      FFFE       0  CODE    


UNUSED ADDRESS RANGES

        Name                Unused          Largest block    Delta
        BANK10           000A00-000AFF              100
        BANK11           000B00-000BFF              100
        BANK12           000C00-000CFF              100
        BANK13           000D00-000DFF              100
        BANK14           000E00-000EFF              100
        BANK15           000F00-000FFF              100
        BANK16           001000-0010FF              100
        BANK17           001100-0011FF              100
        BANK18           001200-0012FF              100
        BANK19           001300-0013FF              100
        BANK20           001400-0014FF              100
        BANK21           001500-0015FF              100
        BANK22           001600-0016FF              100
        BANK23           001700-0017FF              100
        BANK24           001800-0018FF              100
        BANK25           001900-0019FF              100
        BANK26           001A00-001AFF              100
        BANK27           001B00-001BFF              100
        BANK28           001C00-001CFF              100
        BANK29           001D00-001DFF              100
        BANK30           001E00-001EFF              100
        BANK31           001F00-001FFF              100
        BANK32           002000-0020FF              100
        BANK33           002100-0021FF              100
        BANK34           002200-0022FF              100
        BANK35           002300-0023FF              100
        BANK36           002400-0024FF              100
        BANK37           002500-0025FF              100
        BANK38           002600-0026FF              100
        BANK39           002700-0027FF              100
        BANK40           002800-0028FF              100
        BANK41           002900-0029FF              100
        BANK42           002A00-002AFF              100
        BANK43           002B00-002BFF              100
        BANK44           002C00-002CFF              100
        BANK45           002D00-002DFF              100
        BANK46           002E00-002EFF              100
        BANK47           002F00-002FFF              100
        BANK48           003000-0030FF              100
        BANK49           003100-0031FF              100
        BANK50           003200-0032FF              100
        BANK51           003300-0033FF              100
        BANK52           003400-0034FF              100
        BANK53           003500-0035FF              100
        BANK54           003600-0036FF              100
        BANK6            00067D-0006FF               83
        BANK7            000700-0007FF              100
        BANK8            000800-0008FF              100
        BANK9            000900-0009FF              100
        BIGRAM           00067D-0036FF             3083
        BIGSFR           000000-0004FF              500
                         003700-003FFF              900
        CODE             000004-00EFB1             EFAE
                         015D95-015D95                1
                         015DCD-015DCD                1
                         015DD0-01FFFB             A22C
        CONFIG           30001F-300023                5
        CONST            000004-00EFB1             EFAE
                         015D95-015D95                1
                         015DCD-015DCD                1
                         015DD0-01FFFB             A22C
        EEDATA           380000-3803FF              400
        IDLOC            200000-20003F               40
        MEDIUMCONST      003700-00EFB1             B8B2
                         015D95-015D95                1
                         015DCD-015DCD                1
                         015DD0-01FFFB             A22C
        RAM              00067D-0036FF              100
        SFR              000000-0004FF              100
                         003700-003FFF              100
        SMALLCONST       003700-00EFB1              100
                         015D95-015D95                1
                         015DCD-015DCD                1
                         015DD0-01FFFB              100

                                  Symbol Table

?___awdiv                                     cstackCOMRAM 000501
?___awmod                                     cstackCOMRAM 000501
?___cosdf                                     cstackCOMRAM 000538
?___fladd                                     cstackCOMRAM 000528
?___fldiv                                     cstackCOMRAM 000501
?___flmul                                     cstackCOMRAM 00050F
?___flneg                                     cstackCOMRAM 000554
?___flsub                                     cstackCOMRAM 000538
?___fltol                                     cstackCOMRAM 000538
?___fpclassifyf                               cstackCOMRAM 000501
?___rem_pio2f                                 cstackCOMRAM 000558
?___sindf                                     cstackCOMRAM 000540
?___wmul                                      cstackCOMRAM 000501
?___xxtofl                                    cstackCOMRAM 000501
?_abs                                         cstackCOMRAM 000507
?_cosf                                        cstackBANK5  000579
?_fabsf                                       cstackCOMRAM 000501
?_floorf                                      cstackCOMRAM 00051A
?_labs                                        cstackCOMRAM 000501
?_read_prec_or_width                          cstackCOMRAM 000507
?_sinf                                        cstackBANK5  000579
?_sprintf                                     cstackBANK5  0005A6
?_vfprintf                                    cstackBANK5  00059E
CAN1_OperationModeSet@opMode                  cstackCOMRAM 000501
CAN1_OperationModeSet@requestMode             cstackCOMRAM 000503
CAN1_OperationModeSet@status                  cstackCOMRAM 000502
CAN1_RX_FIFO_ResetInfo@index                  cstackCOMRAM 000501
CAN1_Receive@channel                          cstackCOMRAM 00051F
CAN1_Receive@index                            cstackCOMRAM 000520
CAN1_Receive@rxCanMsg                         cstackCOMRAM 000517
CAN1_Receive@rxFifoObj                        cstackCOMRAM 00051C
CAN1_Receive@rxMsgStatus                      cstackCOMRAM 00051E
CAN1_Receive@status                           cstackCOMRAM 00051B
GetMsgDateTime@Date                           cstackBANK5  0005C0
GetMsgDateTime@day                            cstackBANK5  0005D1
GetMsgDateTime@hour                           cstackBANK5  0005D2
GetMsgDateTime@min                            cstackBANK5  0005D3
GetMsgDateTime@month                          cstackBANK5  0005D0
GetMsgDateTime@rxData                         cstackBANK5  0005BE
GetMsgDateTime@sec                            cstackBANK5  0005D4
GetMsgDateTime@year                           cstackBANK5  0005D5
GetMsgKmh@car_trmin                           cstackBANK5  0005C0
GetMsgKmh@rxData                              cstackBANK5  0005BE
GetMsgKmh@vitesse                             cstackBANK5  0005C5
GetMsgTrminVbat@Vbat                          cstackBANK5  0005C0
GetMsgTrminVbat@Voltage                       cstackBANK5  0005D1
GetMsgTrminVbat@engine_trmin                  cstackBANK5  0005C8
GetMsgTrminVbat@rxData                        cstackBANK5  0005BE
GetMsgTrminVbat@vitesse                       cstackBANK5  0005D5
GetRxFifoDepth@validChannel                   cstackCOMRAM 000502
GetRxFifoStatus@validChannel                  cstackCOMRAM 000501
LCD_DrawPixel@color                           cstackCOMRAM 000507
LCD_DrawPixel@x                               cstackCOMRAM 000503
LCD_DrawPixel@xh                              cstackCOMRAM 000509
LCD_DrawPixel@y                               cstackCOMRAM 000505
LCD_DrawPixel@yh                              cstackCOMRAM 00050A
LCD_DrawPixelThick@color                      cstackCOMRAM 00050F
LCD_DrawPixelThick@dx                         cstackCOMRAM 000512
LCD_DrawPixelThick@dy                         cstackCOMRAM 000513
LCD_DrawPixelThick@thickness                  cstackCOMRAM 000511
LCD_DrawPixelThick@x                          cstackCOMRAM 00050B
LCD_DrawPixelThick@y                          cstackCOMRAM 00050D
LCD_FillScreen@ColorH                         cstackCOMRAM 000505
LCD_FillScreen@ColorL                         cstackCOMRAM 000506
LCD_FillScreen@color                          cstackCOMRAM 000503
LCD_FillScreen@x                              cstackCOMRAM 000507
LCD_FillScreen@y                              cstackCOMRAM 000509
LCD_WriteBus@data                             cstackCOMRAM 000501
LCD_WriteCommand@cmd                          cstackCOMRAM 000502
LCD_WriteData@data                            cstackCOMRAM 000502
ReadMessageFromFifo@msgId                     cstackCOMRAM 000512
ReadMessageFromFifo@rxCanMsg                  cstackCOMRAM 00050E
ReadMessageFromFifo@rxFifoObj                 cstackCOMRAM 00050C
ReadMessageFromFifo@status                    cstackCOMRAM 000516
ScreenDrawArc@angle                           cstackBANK5  0005AF
ScreenDrawArc@angle_end                       cstackBANK5  00059B
ScreenDrawArc@angle_start                     cstackBANK5  000599
ScreenDrawArc@color                           cstackBANK5  00059D
ScreenDrawArc@r                               cstackBANK5  000597
ScreenDrawArc@rad                             cstackBANK5  0005B9
ScreenDrawArc@tmp                             cstackBANK5  0005A5
ScreenDrawArc@x                               cstackBANK5  0005A1
ScreenDrawArc@x1                              cstackBANK5  0005A7
ScreenDrawArc@x2                              cstackBANK5  0005AB
ScreenDrawArc@xc                              cstackBANK5  000593
ScreenDrawArc@y                               cstackBANK5  0005A3
ScreenDrawArc@y1                              cstackBANK5  0005A9
ScreenDrawArc@y2                              cstackBANK5  0005AD
ScreenDrawArc@yc                              cstackBANK5  000595
ScreenDrawCharH@bg                            cstackCOMRAM 000512
ScreenDrawCharH@bitmap                        cstackCOMRAM 000518
ScreenDrawCharH@c                             cstackCOMRAM 00050F
ScreenDrawCharH@col                           cstackCOMRAM 000520
ScreenDrawCharH@color                         cstackCOMRAM 000510
ScreenDrawCharH@line                          cstackCOMRAM 00051A
ScreenDrawCharH@r                             cstackCOMRAM 00051C
ScreenDrawCharH@row                           cstackCOMRAM 00051E
ScreenDrawCharH@x                             cstackCOMRAM 00050B
ScreenDrawCharH@y                             cstackCOMRAM 00050D
ScreenDrawLine@color                          cstackCOMRAM 000535
ScreenDrawLine@dx                             cstackCOMRAM 000539
ScreenDrawLine@dy                             cstackCOMRAM 00053B
ScreenDrawLine@thickness                      cstackCOMRAM 000537
ScreenDrawLine@x0                             cstackCOMRAM 00052D
ScreenDrawLine@x1                             cstackCOMRAM 000531
ScreenDrawLine@y0                             cstackCOMRAM 00052F
ScreenDrawLine@y1                             cstackCOMRAM 000533
ScreenDrawLineH@color                         cstackCOMRAM 00051C
ScreenDrawLineH@dir                           cstackCOMRAM 000521
ScreenDrawLineH@dx                            cstackCOMRAM 000529
ScreenDrawLineH@dy                            cstackCOMRAM 00052B
ScreenDrawLineH@i                             cstackCOMRAM 000525
ScreenDrawLineH@p                             cstackCOMRAM 000527
ScreenDrawLineH@thickness                     cstackCOMRAM 00051E
ScreenDrawLineH@x0                            cstackCOMRAM 000514
ScreenDrawLineH@x1                            cstackCOMRAM 000518
ScreenDrawLineH@y                             cstackCOMRAM 000523
ScreenDrawLineH@y0                            cstackCOMRAM 000516
ScreenDrawLineH@y1                            cstackCOMRAM 00051A
ScreenDrawLineV@color                         cstackCOMRAM 00051C
ScreenDrawLineV@dir                           cstackCOMRAM 000521
ScreenDrawLineV@dx                            cstackCOMRAM 00052B
ScreenDrawLineV@dy                            cstackCOMRAM 000529
ScreenDrawLineV@i                             cstackCOMRAM 000525
ScreenDrawLineV@p                             cstackCOMRAM 000527
ScreenDrawLineV@thickness                     cstackCOMRAM 00051E
ScreenDrawLineV@x                             cstackCOMRAM 000523
ScreenDrawLineV@x0                            cstackCOMRAM 000514
ScreenDrawLineV@x1                            cstackCOMRAM 000518
ScreenDrawLineV@y0                            cstackCOMRAM 000516
ScreenDrawLineV@y1                            cstackCOMRAM 00051A
ScreenDrawStraightLineV@color                 cstackCOMRAM 00051A
ScreenDrawStraightLineV@dy                    cstackCOMRAM 00051D
ScreenDrawStraightLineV@thickness             cstackCOMRAM 00051C
ScreenDrawStraightLineV@x                     cstackCOMRAM 000514
ScreenDrawStraightLineV@y0                    cstackCOMRAM 000516
ScreenDrawStraightLineV@y1                    cstackCOMRAM 000518
ScreenDrawTextH@bg                            cstackCOMRAM 00052A
ScreenDrawTextH@color                         cstackCOMRAM 000528
ScreenDrawTextH@text                          cstackCOMRAM 000526
ScreenDrawTextH@x                             cstackCOMRAM 000522
ScreenDrawTextH@y                             cstackCOMRAM 000524
SpeedometerKmh@X                              cstackBANK5  000593
SpeedometerKmh@Y                              cstackBANK5  000595
SpeedometerKmh@angle_rad                      bssBANK5     0005E6
SpeedometerKmh@px2                            bssBANK5     0005F4
SpeedometerKmh@py2                            bssBANK5     0005F2
SpeedometerKmh@vitesse                        cstackBANK5  000597
SpeedometerTrmin@X                            cstackBANK5  000593
SpeedometerTrmin@Y                            cstackBANK5  000595
SpeedometerTrmin@angle_rad2                   bssBANK5     0005E2
SpeedometerTrmin@px22                         bssBANK5     0005F0
SpeedometerTrmin@py22                         bssBANK5     0005EE
SpeedometerTrmin@vitesse                      cstackBANK5  000597
Voltmeter@X                                   cstackCOMRAM 000534
Voltmeter@Y                                   cstackCOMRAM 000536
Voltmeter@voltage                             cstackCOMRAM 000538
_ANSELA                                       (abs)        000400
_ANSELB                                       (abs)        000408
_ANSELC                                       (abs)        000410
_C1CONH                                       (abs)        000101
_C1CONHbits                                   (abs)        000101
_C1CONL                                       (abs)        000100
_C1CONTbits                                   (abs)        000103
_C1CONU                                       (abs)        000102
_C1CONUbits                                   (abs)        000102
_C1FIFOBA                                     (abs)        00014C
_C1FIFOCON2H                                  (abs)        000169
_C1FIFOCON2L                                  (abs)        000168
_C1FIFOCON2T                                  (abs)        00016B
_C1FIFOCON2U                                  (abs)        00016A
_C1FLTCON0H                                   (abs)        000181
_C1FLTOBJ1H                                   (abs)        000195
_C1FLTOBJ1L                                   (abs)        000194
_C1FLTOBJ1T                                   (abs)        000197
_C1FLTOBJ1U                                   (abs)        000196
_C1INTHbits                                   (abs)        00011D
_C1INTTbits                                   (abs)        00011F
_C1MASK1H                                     (abs)        000199
_C1MASK1L                                     (abs)        000198
_C1MASK1T                                     (abs)        00019B
_C1MASK1U                                     (abs)        00019A
_C1NBTCFGH                                    (abs)        000105
_C1NBTCFGL                                    (abs)        000104
_C1NBTCFGT                                    (abs)        000107
_C1NBTCFGU                                    (abs)        000106
_C1TRECUbits                                  (abs)        000136
_C1TXQCONL                                    (abs)        000150
_CAN1_BitRateConfiguration                    text12       015D5E
_CAN1_Initialize                              text6        0159D0
_CAN1_OperationModeGet                        text11       015DBE
_CAN1_OperationModeSet                        text10       0156AA
_CAN1_RX_FIFO_Configuration                   text9        015D4A
_CAN1_RX_FIFO_FilterMaskConfiguration         text8        015CAE
_CAN1_RX_FIFO_ResetInfo                       text7        015C5C
_CAN1_Receive                                 text66       014C18
_CANRXPPS                                     (abs)        00023D
_DLC_BYTES                                    mediumconst  00EFB3
_Font10x21                                    mediumconst  00F00E
_GetMsgDateTime                               text33       014426
_GetMsgKmh                                    text20       014AEC
_GetMsgTrminVbat                              text16       013ED8
_GetMsgTrminVbat$2069                         cstackBANK5  0005CD
_GetRxFifoDepth                               text70       015CFC
_GetRxFifoStatus                              text69       015D32
_INLVLA                                       (abs)        000404
_INLVLB                                       (abs)        00040C
_INLVLC                                       (abs)        000414
_INLVLE                                       (abs)        000424
_LATA                                         (abs)        0004BE
_LATAbits                                     (abs)        0004BE
_LATB                                         (abs)        0004BF
_LATBbits                                     (abs)        0004BF
_LATC                                         (abs)        0004C0
_LCD_DrawPixel                                text62       0158CC
_LCD_DrawPixelThick                           text32       01586E
_LCD_FillScreen                               text15       015582
_LCD_Init                                     text13       0149C0
_LCD_Reset                                    text14       015BBE
_LCD_WriteBus                                 text65       015D96
_LCD_WriteCommand                             text64       015DB2
_LCD_WriteData                                text63       015DA6
_ODCONA                                       (abs)        000402
_ODCONB                                       (abs)        00040A
_ODCONC                                       (abs)        000412
_OSCCON1                                      (abs)        0000AD
_OSCCON3                                      (abs)        0000AF
_OSCEN                                        (abs)        0000B3
_OSCFRQ                                       (abs)        0000B1
_OSCILLATOR_Initialize                        text5        015D1A
_OSCTUNE                                      (abs)        0000B0
_PIN_MANAGER_Initialize                       text4        0157AE
_PMD0                                         (abs)        000060
_PMD1                                         (abs)        000061
_PMD2                                         (abs)        000062
_PMD3                                         (abs)        000063
_PMD4                                         (abs)        000064
_PMD5                                         (abs)        000065
_PMD6                                         (abs)        000066
_PMD7                                         (abs)        000067
_PMD8                                         (abs)        000068
_PMD_Initialize                               text3        015C86
_RB4PPS                                       (abs)        00020D
_ReadMessageFromFifo                          text67       013268
_SLRCONA                                      (abs)        000403
_SLRCONB                                      (abs)        00040B
_SLRCONC                                      (abs)        000413
_SYSTEM_Initialize                            text2        015D72
_ScreenDrawArc                                text1        011D90
_ScreenDrawArc$2070                           cstackBANK5  0005B1
_ScreenDrawArc$2071                           cstackBANK5  0005B5
_ScreenDrawCharH                              text61       013CEC
_ScreenDrawLine                               text29       015032
_ScreenDrawLineH                              text31       01485A
_ScreenDrawLineV                              text30       0146F4
_ScreenDrawStraightLineV                      text18       015732
_ScreenDrawTextH                              text60       01561E
_SpeedometerKmh                               text21       0136BA
_SpeedometerKmh$2065                          cstackBANK5  00059B
_SpeedometerKmh$2066                          cstackBANK5  00059F
_SpeedometerTrmin                             text19       013498
_SpeedometerTrmin$2067                        cstackBANK5  00059B
_SpeedometerTrmin$2068                        cstackBANK5  00059F
_TRISA                                        (abs)        0004C6
_TRISAbits                                    (abs)        0004C6
_TRISB                                        (abs)        0004C7
_TRISC                                        (abs)        0004C8
_TRISE                                        (abs)        0004CA
_Voltmeter                                    text17       012D52
_WPUA                                         (abs)        000401
_WPUB                                         (abs)        000409
_WPUC                                         (abs)        000411
_WPUE                                         (abs)        000421
__HRAM                                        (abs)        000000
__H__absolute__                               __absolute__ 000000
__Habs1                                       abs1         000000
__Hbank10                                     bank10       000000
__Hbank11                                     bank11       000000
__Hbank12                                     bank12       000000
__Hbank13                                     bank13       000000
__Hbank14                                     bank14       000000
__Hbank15                                     bank15       000000
__Hbank16                                     bank16       000000
__Hbank17                                     bank17       000000
__Hbank18                                     bank18       000000
__Hbank19                                     bank19       000000
__Hbank20                                     bank20       000000
__Hbank21                                     bank21       000000
__Hbank22                                     bank22       000000
__Hbank23                                     bank23       000000
__Hbank24                                     bank24       000000
__Hbank25                                     bank25       000000
__Hbank26                                     bank26       000000
__Hbank27                                     bank27       000000
__Hbank28                                     bank28       000000
__Hbank29                                     bank29       000000
__Hbank30                                     bank30       000000
__Hbank31                                     bank31       000000
__Hbank32                                     bank32       000000
__Hbank33                                     bank33       000000
__Hbank34                                     bank34       000000
__Hbank35                                     bank35       000000
__Hbank36                                     bank36       000000
__Hbank37                                     bank37       000000
__Hbank38                                     bank38       000000
__Hbank39                                     bank39       000000
__Hbank40                                     bank40       000000
__Hbank41                                     bank41       000000
__Hbank42                                     bank42       000000
__Hbank43                                     bank43       000000
__Hbank44                                     bank44       000000
__Hbank45                                     bank45       000000
__Hbank46                                     bank46       000000
__Hbank47                                     bank47       000000
__Hbank48                                     bank48       000000
__Hbank49                                     bank49       000000
__Hbank5                                      bank5        000000
__Hbank50                                     bank50       000000
__Hbank51                                     bank51       000000
__Hbank52                                     bank52       000000
__Hbank53                                     bank53       000000
__Hbank54                                     bank54       000000
__Hbank6                                      bank6        000000
__Hbank7                                      bank7        000000
__Hbank8                                      bank8        000000
__Hbank9                                      bank9        000000
__Hbigbss                                     bigbss       000000
__Hbigdata                                    bigdata      000000
__Hbigram                                     bigram       000000
__Hbigsfr                                     bigsfr       000000
__Hbss                                        bss          000000
__HbssBANK5                                   bssBANK5     000000
__HbssBANK6                                   bssBANK6     000000
__Hcinit                                      cinit        000000
__Hclrtext                                    clrtext      000000
__Hcomram                                     comram       000000
__Hconfig                                     config       30001F
__Hconst                                      const        000000
__HcstackBANK5                                cstackBANK5  000000
__HcstackCOMRAM                               cstackCOMRAM 000000
__Hdata                                       data         000000
__HdataBANK5                                  dataBANK5    000000
__HdataBANK6                                  dataBANK6    000000
__Heeprom_data                                eeprom_data  000000
__Hfarbss                                     farbss       000000
__Hfardata                                    fardata      000000
__Hheap                                       heap         000000
__Hibigdata                                   ibigdata     000000
__Hidata                                      idata        000000
__HidataBANK5                                 idataBANK5   000000
__HidataBANK6                                 idataBANK6   000000
__Hidloc                                      idloc        000000
__Hifardata                                   ifardata     000000
__Hinit                                       init         020000
__Hintsave_regs                               intsave_regs 000000
__Hirdata                                     irdata       000000
__Hmediumconst                                mediumconst  010000
__HnvFARRAM                                   nvFARRAM     000000
__Hnvbit                                      nvbit        000000
__Hnvrram                                     nvrram       000000
__Hparam                                      rparam       000000
__Hpowerup                                    powerup      000000
__Hram                                        ram          000000
__Hramtop                                     ramtop       003700
__Hrbit                                       rbit         000000
__Hrbss                                       rbss         000000
__Hrdata                                      rdata        000000
__Hreset_vec                                  reset_vec    000004
__Hrparam                                     rparam       000000
__Hsfr                                        sfr          000000
__Hsmallconst                                 smallconst   000000
__Hspace_0                                    (abs)        020000
__Hspace_1                                    (abs)        00067D
__Hspace_2                                    (abs)        000000
__Hspace_4                                    (abs)        60001F
__Hstack                                      stack        000000
__Hstruct                                     struct       000000
__Htemp                                       temp         000000
__Htext                                       text         000000
__Htext0                                      text0        000000
__Htext1                                      text1        000000
__Htext10                                     text10       000000
__Htext11                                     text11       000000
__Htext12                                     text12       000000
__Htext13                                     text13       000000
__Htext14                                     text14       000000
__Htext15                                     text15       000000
__Htext16                                     text16       000000
__Htext17                                     text17       000000
__Htext18                                     text18       000000
__Htext19                                     text19       000000
__Htext2                                      text2        000000
__Htext20                                     text20       000000
__Htext21                                     text21       000000
__Htext22                                     text22       000000
__Htext23                                     text23       000000
__Htext24                                     text24       000000
__Htext25                                     text25       000000
__Htext26                                     text26       000000
__Htext27                                     text27       000000
__Htext28                                     text28       000000
__Htext29                                     text29       000000
__Htext3                                      text3        000000
__Htext30                                     text30       000000
__Htext31                                     text31       000000
__Htext32                                     text32       000000
__Htext33                                     text33       000000
__Htext34                                     text34       000000
__Htext35                                     text35       000000
__Htext36                                     text36       000000
__Htext37                                     text37       000000
__Htext38                                     text38       000000
__Htext39                                     text39       000000
__Htext4                                      text4        000000
__Htext40                                     text40       000000
__Htext41                                     text41       000000
__Htext42                                     text42       000000
__Htext43                                     text43       000000
__Htext44                                     text44       000000
__Htext45                                     text45       000000
__Htext46                                     text46       000000
__Htext47                                     text47       000000
__Htext48                                     text48       000000
__Htext49                                     text49       000000
__Htext5                                      text5        000000
__Htext50                                     text50       000000
__Htext51                                     text51       000000
__Htext52                                     text52       000000
__Htext53                                     text53       000000
__Htext54                                     text54       000000
__Htext55                                     text55       000000
__Htext56                                     text56       000000
__Htext57                                     text57       000000
__Htext58                                     text58       000000
__Htext59                                     text59       000000
__Htext6                                      text6        000000
__Htext60                                     text60       000000
__Htext61                                     text61       000000
__Htext62                                     text62       000000
__Htext63                                     text63       000000
__Htext64                                     text64       000000
__Htext65                                     text65       000000
__Htext66                                     text66       000000
__Htext67                                     text67       000000
__Htext68                                     text68       000000
__Htext69                                     text69       000000
__Htext7                                      text7        000000
__Htext70                                     text70       000000
__Htext8                                      text8        000000
__Htext9                                      text9        000000
__LRAM                                        (abs)        000001
__L__absolute__                               __absolute__ 000000
__Labs1                                       abs1         000000
__Lbank10                                     bank10       000000
__Lbank11                                     bank11       000000
__Lbank12                                     bank12       000000
__Lbank13                                     bank13       000000
__Lbank14                                     bank14       000000
__Lbank15                                     bank15       000000
__Lbank16                                     bank16       000000
__Lbank17                                     bank17       000000
__Lbank18                                     bank18       000000
__Lbank19                                     bank19       000000
__Lbank20                                     bank20       000000
__Lbank21                                     bank21       000000
__Lbank22                                     bank22       000000
__Lbank23                                     bank23       000000
__Lbank24                                     bank24       000000
__Lbank25                                     bank25       000000
__Lbank26                                     bank26       000000
__Lbank27                                     bank27       000000
__Lbank28                                     bank28       000000
__Lbank29                                     bank29       000000
__Lbank30                                     bank30       000000
__Lbank31                                     bank31       000000
__Lbank32                                     bank32       000000
__Lbank33                                     bank33       000000
__Lbank34                                     bank34       000000
__Lbank35                                     bank35       000000
__Lbank36                                     bank36       000000
__Lbank37                                     bank37       000000
__Lbank38                                     bank38       000000
__Lbank39                                     bank39       000000
__Lbank40                                     bank40       000000
__Lbank41                                     bank41       000000
__Lbank42                                     bank42       000000
__Lbank43                                     bank43       000000
__Lbank44                                     bank44       000000
__Lbank45                                     bank45       000000
__Lbank46                                     bank46       000000
__Lbank47                                     bank47       000000
__Lbank48                                     bank48       000000
__Lbank49                                     bank49       000000
__Lbank5                                      bank5        000000
__Lbank50                                     bank50       000000
__Lbank51                                     bank51       000000
__Lbank52                                     bank52       000000
__Lbank53                                     bank53       000000
__Lbank54                                     bank54       000000
__Lbank6                                      bank6        000000
__Lbank7                                      bank7        000000
__Lbank8                                      bank8        000000
__Lbank9                                      bank9        000000
__Lbigbss                                     bigbss       000000
__Lbigdata                                    bigdata      000000
__Lbigram                                     bigram       000000
__Lbigsfr                                     bigsfr       000000
__Lbss                                        bss          000000
__LbssBANK5                                   bssBANK5     000000
__LbssBANK6                                   bssBANK6     000000
__Lcinit                                      cinit        000000
__Lclrtext                                    clrtext      000000
__Lcomram                                     comram       000000
__Lconfig                                     config       000000
__Lconst                                      const        000000
__LcstackBANK5                                cstackBANK5  000000
__LcstackCOMRAM                               cstackCOMRAM 000000
__Ldata                                       data         000000
__LdataBANK5                                  dataBANK5    000000
__LdataBANK6                                  dataBANK6    000000
__Leeprom_data                                eeprom_data  000000
__Lfarbss                                     farbss       000000
__Lfardata                                    fardata      000000
__Lheap                                       heap         000000
__Libigdata                                   ibigdata     000000
__Lidata                                      idata        000000
__LidataBANK5                                 idataBANK5   000000
__LidataBANK6                                 idataBANK6   000000
__Lidloc                                      idloc        000000
__Lifardata                                   ifardata     000000
__Linit                                       init         01FFFC
__Lintsave_regs                               intsave_regs 000000
__Lirdata                                     irdata       000000
__Lmediumconst                                mediumconst  00EFB2
__LnvFARRAM                                   nvFARRAM     000000
__Lnvbit                                      nvbit        000000
__Lnvrram                                     nvrram       000000
__Lparam                                      rparam       000000
__Lpowerup                                    powerup      000000
__Lram                                        ram          000000
__Lramtop                                     ramtop       003700
__Lrbit                                       rbit         000000
__Lrbss                                       rbss         000000
__Lrdata                                      rdata        000000
__Lreset_vec                                  reset_vec    000000
__Lrparam                                     rparam       000000
__Lsfr                                        sfr          000000
__Lsmallconst                                 smallconst   000000
__Lspace_0                                    (abs)        000000
__Lspace_1                                    (abs)        000000
__Lspace_2                                    (abs)        000000
__Lspace_4                                    (abs)        000000
__Lstack                                      stack        000000
__Lstruct                                     struct       000000
__Ltemp                                       temp         000000
__Ltext                                       text         000000
__Ltext0                                      text0        000000
__Ltext1                                      text1        000000
__Ltext10                                     text10       000000
__Ltext11                                     text11       000000
__Ltext12                                     text12       000000
__Ltext13                                     text13       000000
__Ltext14                                     text14       000000
__Ltext15                                     text15       000000
__Ltext16                                     text16       000000
__Ltext17                                     text17       000000
__Ltext18                                     text18       000000
__Ltext19                                     text19       000000
__Ltext2                                      text2        000000
__Ltext20                                     text20       000000
__Ltext21                                     text21       000000
__Ltext22                                     text22       000000
__Ltext23                                     text23       000000
__Ltext24                                     text24       000000
__Ltext25                                     text25       000000
__Ltext26                                     text26       000000
__Ltext27                                     text27       000000
__Ltext28                                     text28       000000
__Ltext29                                     text29       000000
__Ltext3                                      text3        000000
__Ltext30                                     text30       000000
__Ltext31                                     text31       000000
__Ltext32                                     text32       000000
__Ltext33                                     text33       000000
__Ltext34                                     text34       000000
__Ltext35                                     text35       000000
__Ltext36                                     text36       000000
__Ltext37                                     text37       000000
__Ltext38                                     text38       000000
__Ltext39                                     text39       000000
__Ltext4                                      text4        000000
__Ltext40                                     text40       000000
__Ltext41                                     text41       000000
__Ltext42                                     text42       000000
__Ltext43                                     text43       000000
__Ltext44                                     text44       000000
__Ltext45                                     text45       000000
__Ltext46                                     text46       000000
__Ltext47                                     text47       000000
__Ltext48                                     text48       000000
__Ltext49                                     text49       000000
__Ltext5                                      text5        000000
__Ltext50                                     text50       000000
__Ltext51                                     text51       000000
__Ltext52                                     text52       000000
__Ltext53                                     text53       000000
__Ltext54                                     text54       000000
__Ltext55                                     text55       000000
__Ltext56                                     text56       000000
__Ltext57                                     text57       000000
__Ltext58                                     text58       000000
__Ltext59                                     text59       000000
__Ltext6                                      text6        000000
__Ltext60                                     text60       000000
__Ltext61                                     text61       000000
__Ltext62                                     text62       000000
__Ltext63                                     text63       000000
__Ltext64                                     text64       000000
__Ltext65                                     text65       000000
__Ltext66                                     text66       000000
__Ltext67                                     text67       000000
__Ltext68                                     text68       000000
__Ltext69                                     text69       000000
__Ltext7                                      text7        000000
__Ltext70                                     text70       000000
__Ltext8                                      text8        000000
__Ltext9                                      text9        000000
__S0                                          (abs)        020000
__S1                                          (abs)        00067D
__S4                                          (abs)        000000
__S5                                          (abs)        000000
___awdiv                                      text59       0152C2
___awdiv@counter                              cstackCOMRAM 000505
___awdiv@dividend                             cstackCOMRAM 000501
___awdiv@divisor                              cstackCOMRAM 000503
___awdiv@quotient                             cstackCOMRAM 000507
___awdiv@sign                                 cstackCOMRAM 000506
___awmod                                      text58       015386
___awmod@counter                              cstackCOMRAM 000505
___awmod@dividend                             cstackCOMRAM 000501
___awmod@divisor                              cstackCOMRAM 000503
___awmod@sign                                 cstackCOMRAM 000506
___cosdf                                      text28       013AEE
___cosdf$2073                                 cstackCOMRAM 000540
___cosdf$2074                                 cstackCOMRAM 000544
___cosdf$2075                                 cstackCOMRAM 000548
___cosdf@r                                    cstackCOMRAM 00053C
___cosdf@w                                    cstackCOMRAM 00054C
___cosdf@x                                    cstackCOMRAM 000538
___cosdf@z                                    cstackCOMRAM 000550
___fladd                                      text46       01145A
___fladd@a                                    cstackCOMRAM 00052C
___fladd@aexp                                 cstackCOMRAM 000535
___fladd@b                                    cstackCOMRAM 000528
___fladd@bexp                                 cstackCOMRAM 000536
___fladd@grs                                  cstackCOMRAM 000537
___fladd@signs                                cstackCOMRAM 000534
___fldiv                                      text51       0129B8
___fldiv@a                                    cstackCOMRAM 000505
___fldiv@aexp                                 cstackCOMRAM 000519
___fldiv@b                                    cstackCOMRAM 000501
___fldiv@bexp                                 cstackCOMRAM 000518
___fldiv@grs                                  cstackCOMRAM 000514
___fldiv@new_exp                              cstackCOMRAM 000512
___fldiv@rem                                  cstackCOMRAM 00050D
___fldiv@sign                                 cstackCOMRAM 000511
___fleq                                       text50       015436
___fleq@ff1                                   cstackCOMRAM 000501
___fleq@ff2                                   cstackCOMRAM 000505
___flge                                       text49       014E30
___flge@ff1                                   cstackCOMRAM 000528
___flge@ff2                                   cstackCOMRAM 00052C
___flmul                                      text48       0121C6
___flmul@a                                    cstackCOMRAM 000513
___flmul@aexp                                 cstackCOMRAM 000520
___flmul@b                                    cstackCOMRAM 00050F
___flmul@bexp                                 cstackCOMRAM 000521
___flmul@grs                                  cstackCOMRAM 00051C
___flmul@prod                                 cstackCOMRAM 000522
___flmul@sign                                 cstackCOMRAM 00051B
___flmul@temp                                 cstackCOMRAM 000526
___flneg                                      text47       015B86
___flneg@f1                                   cstackCOMRAM 000554
___flsub                                      text45       015AC0
___flsub@a                                    cstackCOMRAM 00053C
___flsub@b                                    cstackCOMRAM 000538
___fltol                                      text44       014D2A
___fltol@exp1                                 cstackCOMRAM 000541
___fltol@f1                                   cstackCOMRAM 000538
___fltol@sign1                                cstackCOMRAM 000540
___fpclassifyf                                text43       014F34
___fpclassifyf@F465                           bssBANK6     000604
___fpclassifyf@e                              cstackCOMRAM 000509
___fpclassifyf@u                              cstackCOMRAM 00050B
___fpclassifyf@x                              cstackCOMRAM 000501
___heap_hi                                    (abs)        000000
___heap_lo                                    (abs)        000000
___inthi_sp                                   stack        000000
___inthi_stack_hi                             stack        000000
___inthi_stack_lo                             stack        000000
___intlo_sp                                   stack        000000
___intlo_stack_hi                             stack        000000
___intlo_stack_lo                             stack        000000
___param_bank                                 (abs)        000000
___rem_pio2f                                  text25       0125F0
___rem_pio2f$2076                             cstackBANK5  000564
___rem_pio2f@F526                             bssBANK6     00060C
___rem_pio2f@fn                               cstackBANK5  00056D
___rem_pio2f@n                                cstackBANK5  000575
___rem_pio2f@sign                             cstackBANK5  000568
___rem_pio2f@t                                cstackBANK5  000571
___rem_pio2f@ty                               cstackBANK5  000560
___rem_pio2f@ux                               cstackBANK5  000569
___rem_pio2f@x                                cstackCOMRAM 000558
___rem_pio2f@y                                cstackCOMRAM 00055C
___rparam_used                                (abs)        000001
___sindf                                      text24       013036
___sindf$2077                                 cstackCOMRAM 00054C
___sindf$2078                                 cstackCOMRAM 000550
___sindf$2079                                 cstackCOMRAM 000554
___sindf@r                                    cstackCOMRAM 000544
___sindf@s                                    cstackCOMRAM 000558
___sindf@w                                    cstackCOMRAM 000548
___sindf@x                                    cstackCOMRAM 000540
___sindf@z                                    cstackCOMRAM 00055C
___sp                                         stack        000000
___stack_hi                                   stack        000000
___stack_lo                                   stack        000000
___wmul                                       text38       015CD6
___wmul@multiplicand                          cstackCOMRAM 000503
___wmul@multiplier                            cstackCOMRAM 000501
___wmul@product                               cstackCOMRAM 000505
___xxtofl                                     text27       014272
___xxtofl@arg                                 cstackCOMRAM 00050B
___xxtofl@exp                                 cstackCOMRAM 00050A
___xxtofl@sign                                cstackCOMRAM 000509
___xxtofl@val                                 cstackCOMRAM 000501
__accesstop                                   (abs)        000560
__activetblptr                                (abs)        000003
__end_of_C0                                   mediumconst  00EFFC
__end_of_C1                                   mediumconst  00EFF8
__end_of_C2                                   mediumconst  00EFF4
__end_of_C3                                   mediumconst  00EFF0
__end_of_CAN1_BitRateConfiguration            text12       015D72
__end_of_CAN1_Initialize                      text6        015A20
__end_of_CAN1_OperationModeGet                text11       015DC8
__end_of_CAN1_OperationModeSet                text10       015732
__end_of_CAN1_RX_FIFO_Configuration           text9        015D5E
__end_of_CAN1_RX_FIFO_FilterMaskConfiguration text8        015CD6
__end_of_CAN1_RX_FIFO_ResetInfo               text7        015C86
__end_of_CAN1_Receive                         text66       014D2A
__end_of_DLC_BYTES                            mediumconst  00EFBC
__end_of_FIFO                                 mediumconst  00F00E
__end_of_Font10x21                            mediumconst  00FFA4
__end_of_GetMsgDateTime                       text33       01458E
__end_of_GetMsgKmh                            text20       014C18
__end_of_GetMsgTrminVbat                      text16       0140BA
__end_of_GetRxFifoDepth                       text70       015D1A
__end_of_GetRxFifoStatus                      text69       015D4A
__end_of_LCD_DrawPixel                        text62       015924
__end_of_LCD_DrawPixelThick                   text32       0158CC
__end_of_LCD_FillScreen                       text15       01561E
__end_of_LCD_Init                             text13       014AEC
__end_of_LCD_Reset                            text14       015BF4
__end_of_LCD_WriteBus                         text65       015DA6
__end_of_LCD_WriteCommand                     text64       015DBE
__end_of_LCD_WriteData                        text63       015DB2
__end_of_OSCILLATOR_Initialize                text5        015D32
__end_of_PIN_MANAGER_Initialize               text4        015810
__end_of_PMD_Initialize                       text3        015CAE
__end_of_ReadMessageFromFifo                  text67       013498
__end_of_S1                                   mediumconst  00EFDC
__end_of_S2                                   mediumconst  00EFD8
__end_of_S3                                   mediumconst  00EFD4
__end_of_S4                                   mediumconst  00EFD0
__end_of_SYSTEM_Initialize                    text2        015D84
__end_of_ScreenDrawArc                        text1        0121C6
__end_of_ScreenDrawCharH                      text61       013ED8
__end_of_ScreenDrawLine                       text29       01512A
__end_of_ScreenDrawLineH                      text31       0149C0
__end_of_ScreenDrawLineV                      text30       01485A
__end_of_ScreenDrawStraightLineV              text18       0157AE
__end_of_ScreenDrawTextH                      text60       0156AA
__end_of_SpeedometerKmh                       text21       0138DC
__end_of_SpeedometerTrmin                     text19       0136BA
__end_of_Voltmeter                            text17       013036
__end_of___awdiv                              text59       015386
__end_of___awmod                              text58       015436
__end_of___cosdf                              text28       013CEC
__end_of___fladd                              text46       01191A
__end_of___fldiv                              text51       012D52
__end_of___fleq                               text50       0154E0
__end_of___flge                               text49       014F34
__end_of___flmul                              text48       0125F0
__end_of___flneg                              text47       015BBE
__end_of___flsub                              text45       015B06
__end_of___fltol                              text44       014E30
__end_of___fpclassifyf                        text43       015032
__end_of___rem_pio2f                          text25       0129B8
__end_of___sindf                              text24       013268
__end_of___wmul                               text38       015CFC
__end_of___xxtofl                             text27       014426
__end_of__initialization                      cinit        015868
__end_of_abs                                  text57       015C5C
__end_of_c1pio2                               mediumconst  00F00C
__end_of_c2pio2                               mediumconst  00F008
__end_of_c3pio2                               mediumconst  00F004
__end_of_c4pio2                               mediumconst  00F000
__end_of_cosf                                 text23       01145A
__end_of_dtoa                                 text52       014272
[...]
__ptext67                                     text67       013268
__ptext68                                     text68       015A70
__ptext69                                     text69       015D32
__ptext7                                      text7        015C5C
__ptext70                                     text70       015CFC
__ptext8                                      text8        015CAE
__ptext9                                      text9        015D4A
__ramtop                                      ramtop       003700
__smallconst                                  smallconst   000000
_abs                                          text57       015C28
_angle_aiguille_deg                           bssBANK5     0005F7
_angle_aiguille_deg2                          bssBANK6     000668
_angle_delta_deg_kmh                          dataBANK6    000670
_angle_delta_deg_trmin                        dataBANK6    00066C
_cosf                                         text23       010F70
_cosf$1473                                    cstackBANK5  00057D
_cosf$1474                                    cstackBANK5  000581
_cosf$2072                                    cstackBANK5  000586
_dbuf                                         bssBANK6     000610
_dtoa                                         text52       0140BA
_dtoa$1642                                    cstackCOMRAM 00051E
_efgtoa                                       text39       010000
_efgtoa$1673                                  cstackBANK5  000568
_fabsf                                        text26       015BF4
_flags                                        bssBANK5     0005F6
_floorf                                       text42       0138DC
_fputc                                        text55       0151F8
_fputs                                        text54       015B06
_labs                                         text41       01597A
_main                                         text0        01458E
_memcpy                                       text68       015A70
_pad                                          text53       0154E0
_prec                                         bssBANK5     0005EC
_ptrScreenDrawPixel                           dataBANK6    00067A
_ptrScreenDrawPixelThick                      dataBANK6    000677
_ptrScreenFillScreen                          dataBANK6    000674
_ptrScreenInit                                dataBANK5    0005FB
_putch                                        text56       015DCE
_read_prec_or_width                           text37       01512A
_rxFifos                                      dataBANK5    0005FE
_rxMsgData                                    bssBANK6     000660
_sinf                                         text22       010A62
_sinf$1796                                    cstackBANK5  00057D
_sinf$1797                                    cstackBANK5  000581
_sinf$2080                                    cstackBANK5  000587
_sprintf                                      text34       015A20
_strcpy                                       text40       015B4A
_vfpfcnvrt                                    text36       01191A
_vfprintf                                     text35       015924
_width                                        bssBANK5     0005EA
abs@a                                         cstackCOMRAM 000507
cosf@ix                                       cstackBANK5  00058F
cosf@n                                        cstackBANK5  000585
cosf@sign                                     cstackBANK5  00058A
cosf@x                                        cstackBANK5  000579
cosf@y                                        cstackBANK5  00058B
dtoa@d                                        cstackCOMRAM 00051C
dtoa@fp                                       cstackCOMRAM 00051A
dtoa@i                                        cstackCOMRAM 000525
dtoa@p                                        cstackCOMRAM 000520
dtoa@s                                        cstackCOMRAM 000524
dtoa@w                                        cstackCOMRAM 000522
efgtoa@c                                      cstackCOMRAM 00055E
efgtoa@d                                      cstackBANK5  00056D
efgtoa@e                                      cstackBANK5  000571
efgtoa@f                                      cstackCOMRAM 00055A
efgtoa@fp                                     cstackCOMRAM 000558
efgtoa@g                                      cstackBANK5  000584
efgtoa@h                                      cstackBANK5  000579
efgtoa@i                                      cstackBANK5  000581
efgtoa@l                                      cstackBANK5  00057D
efgtoa@m                                      cstackBANK5  00056F
efgtoa@mode                                   cstackBANK5  00056B
efgtoa@n                                      cstackBANK5  000588
efgtoa@ne                                     cstackBANK5  000562
efgtoa@nmode                                  cstackBANK5  00056C
efgtoa@ou                                     cstackBANK5  000575
efgtoa@p                                      cstackBANK5  000564
efgtoa@pp                                     cstackBANK5  00056A
efgtoa@sign                                   cstackBANK5  000583
efgtoa@t                                      cstackBANK5  000566
efgtoa@u                                      cstackBANK5  00058A
efgtoa@w                                      cstackBANK5  000573
end_of_initialization                         cinit        015868
fabsf@F465                                    bssBANK6     000608
fabsf@u                                       cstackCOMRAM 000505
fabsf@x                                       cstackCOMRAM 000501
floorf@F521                                   bssBANK6     000600
floorf@e                                      cstackCOMRAM 000528
floorf@m                                      cstackCOMRAM 000524
floorf@u                                      cstackCOMRAM 00052A
floorf@x                                      cstackCOMRAM 00051A
fputc@c                                       cstackCOMRAM 000501
fputc@fp                                      cstackCOMRAM 000503
fputs@c                                       cstackCOMRAM 00050E
fputs@fp                                      cstackCOMRAM 00050C
fputs@i                                       cstackCOMRAM 00050F
fputs@s                                       cstackCOMRAM 00050A
intlevel0                                     text         000000
intlevel1                                     text         000000
intlevel2                                     text         000000
intlevel3                                     text         000000
isa$std                                       (abs)        000001
isa$xinst                                     (abs)        000000
labs@a                                        cstackCOMRAM 000501
main@rxMessage                                cstackBANK5  0005DB
memcpy@d                                      cstackCOMRAM 000507
memcpy@d1                                     cstackCOMRAM 000501
memcpy@n                                      cstackCOMRAM 000505
memcpy@s                                      cstackCOMRAM 000509
memcpy@s1                                     cstackCOMRAM 000503
memcpy@tmp                                    cstackCOMRAM 00050B
pad@buf                                       cstackCOMRAM 000513
pad@fp                                        cstackCOMRAM 000511
pad@i                                         cstackCOMRAM 000518
pad@p                                         cstackCOMRAM 000515
read_prec_or_width@ap                         cstackCOMRAM 000509
read_prec_or_width@c                          cstackCOMRAM 00050D
read_prec_or_width@fmt                        cstackCOMRAM 000507
read_prec_or_width@n                          cstackCOMRAM 00050E
sinf@n                                        cstackBANK5  000585
sinf@sign                                     cstackBANK5  000586
sinf@ux                                       cstackBANK5  00058F
sinf@x                                        cstackBANK5  000579
sinf@y                                        cstackBANK5  00058B
sprintf@ap                                    cstackBANK5  0005B0
sprintf@f                                     cstackBANK5  0005B2
sprintf@fmt                                   cstackBANK5  0005A8
sprintf@s                                     cstackBANK5  0005A6
stackhi                                       (abs)        000000
stacklo                                       (abs)        000000
start                                         init         01FFFC
start_initialization                          cinit        015810
strcpy@d                                      cstackCOMRAM 000505
strcpy@dest                                   cstackCOMRAM 000501
strcpy@src                                    cstackCOMRAM 000503
vfpfcnvrt@ap                                  cstackBANK5  000592
vfpfcnvrt@c                                   cstackBANK5  00059B
vfpfcnvrt@convarg                             cstackBANK5  000597
vfpfcnvrt@cp                                  cstackBANK5  00059C
vfpfcnvrt@done                                cstackBANK5  000596
vfpfcnvrt@fmt                                 cstackBANK5  000590
vfpfcnvrt@fp                                  cstackBANK5  00058E
vfprintf@ap                                   cstackBANK5  0005A2
vfprintf@cfmt                                 cstackBANK5  0005A4
vfprintf@fmt                                  cstackBANK5  0005A0
vfprintf@fp                                   cstackBANK5  00059E


MODULE INFORMATION

Module		Function		Class		Link	Load	Size
C:\Program Files\Microchip\xc8\v2.46\pic\sources\c99\common\fltol.c
		___fltol       		CODE           	14D2A	0000	262

C:\Program Files\Microchip\xc8\v2.46\pic\sources\c99\common\fltol.c estimated size: 262

mcc_generated_files/can1.c
		_ReadMessageFromFifo		CODE           	13268	0000	560
		_CAN1_BitRateConfiguration		CODE           	15D5E	0000	20
		_GetRxFifoDepth		CODE           	15CFC	0000	30
		_CAN1_OperationModeGet		CODE           	15DBE	0000	10
		_CAN1_Initialize		CODE           	159D0	0000	80
		_CAN1_RX_FIFO_FilterMaskConfiguration		CODE           	15CAE	0000	40
		_CAN1_RX_FIFO_Configuration		CODE           	15D4A	0000	20
		_GetRxFifoStatus		CODE           	15D32	0000	24
		_CAN1_Receive  		CODE           	14C18	0000	274
		_CAN1_RX_FIFO_ResetInfo		CODE           	15C5C	0000	42
		_CAN1_OperationModeSet		CODE           	156AA	0000	136

mcc_generated_files/can1.c estimated size: 1236

C:\Program Files\Microchip\xc8\v2.46\pic\sources\c99\common\floorf.c
		_floorf        		CODE           	138DC	0000	530

C:\Program Files\Microchip\xc8\v2.46\pic\sources\c99\common\floorf.c estimated size: 530

C:\Program Files\Microchip\xc8\v2.46\pic\sources\c99\common\nf_fputc.c
		_fputc         		CODE           	151F8	0000	202

C:\Program Files\Microchip\xc8\v2.46\pic\sources\c99\common\nf_fputc.c estimated size: 202

C:\Program Files\Microchip\xc8\v2.46\pic\sources\c99\common\__sindf.c
		___sindf       		CODE           	13036	0000	562

C:\Program Files\Microchip\xc8\v2.46\pic\sources\c99\common\__sindf.c estimated size: 562

C:\Program Files\Microchip\xc8\v2.46\pic\sources\c99\common\awdiv.c
		___awdiv       		CODE           	152C2	0000	196

C:\Program Files\Microchip\xc8\v2.46\pic\sources\c99\common\awdiv.c estimated size: 196

C:\Program Files\Microchip\xc8\v2.46\pic\sources\c99\common\xxtofl.c
		___xxtofl      		CODE           	14272	0000	436

C:\Program Files\Microchip\xc8\v2.46\pic\sources\c99\common\xxtofl.c estimated size: 436

mcc_generated_files/pin_manager.c
		_PIN_MANAGER_Initialize		CODE           	157AE	0000	98

mcc_generated_files/pin_manager.c estimated size: 98

C:\Program Files\Microchip\xc8\v2.46\pic\sources\c99\common\__cosdf.c
		___cosdf       		CODE           	13AEE	0000	510

C:\Program Files\Microchip\xc8\v2.46\pic\sources\c99\common\__cosdf.c estimated size: 510

C:\Program Files\Microchip\xc8\v2.46\pic\sources\c99\common\flneg.c
		___flneg       		CODE           	15B86	0000	56

C:\Program Files\Microchip\xc8\v2.46\pic\sources\c99\common\flneg.c estimated size: 56

C:\Program Files\Microchip\xc8\v2.46\pic\sources\c99\common\__fpclassifyf.c
		___fpclassifyf 		CODE           	14F34	0000	254

C:\Program Files\Microchip\xc8\v2.46\pic\sources\c99\common\__fpclassifyf.c estimated size: 254

C:\Program Files\Microchip\xc8\v2.46\pic\sources\c99\common\sprcmul.c
		___flmul       		CODE           	121C6	0000	1066

C:\Program Files\Microchip\xc8\v2.46\pic\sources\c99\common\sprcmul.c estimated size: 1066

C:\Program Files\Microchip\xc8\v2.46\pic\sources\c99\common\strcpy.c
		_strcpy        		CODE           	15B4A	0000	60

C:\Program Files\Microchip\xc8\v2.46\pic\sources\c99\common\strcpy.c estimated size: 60

C:\Program Files\Microchip\xc8\v2.46\pic\sources\c99\common\sprcdiv.c
		___fldiv       		CODE           	129B8	0000	922

C:\Program Files\Microchip\xc8\v2.46\pic\sources\c99\common\sprcdiv.c estimated size: 922

C:\Program Files\Microchip\xc8\v2.46\pic\sources\c99\common\fleq.c
		___fleq        		CODE           	15436	0000	170

C:\Program Files\Microchip\xc8\v2.46\pic\sources\c99\common\fleq.c estimated size: 170

C:\Program Files\Microchip\xc8\v2.46\pic\sources\c99\common\doprnt.c
		_read_prec_or_width		CODE           	1512A	0000	206
		_vfpfcnvrt     		CODE           	1191A	0000	1142
		_efgtoa        		CODE           	10000	0000	2658
		_pad           		CODE           	154E0	0000	162
		_dtoa          		CODE           	140BA	0000	440
		_vfprintf      		CODE           	15924	0000	86

C:\Program Files\Microchip\xc8\v2.46\pic\sources\c99\common\doprnt.c estimated size: 4694

C:\Program Files\Microchip\xc8\v2.46\pic\sources\c99\common\nf_sprintf.c
		_sprintf       		CODE           	15A20	0000	80

C:\Program Files\Microchip\xc8\v2.46\pic\sources\c99\common\nf_sprintf.c estimated size: 80

C:\Program Files\Microchip\xc8\v2.46\pic\sources\c99\common\fabsf.c
		_fabsf         		CODE           	15BF4	0000	52

C:\Program Files\Microchip\xc8\v2.46\pic\sources\c99\common\fabsf.c estimated size: 52

C:\Program Files\Microchip\xc8\v2.46\pic\sources\c99\common\sinf.c
		_sinf          		CODE           	10A62	0000	1294

C:\Program Files\Microchip\xc8\v2.46\pic\sources\c99\common\sinf.c estimated size: 1294

shared
		_S1            		MEDIUMCONST    	0000	0000	0
		_S2            		MEDIUMCONST    	0000	0000	0
		_S3            		MEDIUMCONST    	0000	0000	0
		_S4            		MEDIUMCONST    	0000	0000	0
		_FIFO          		MEDIUMCONST    	0000	0000	0
		_DLC_BYTES     		MEDIUMCONST    	EFB3	0000	9
		_c1pio2        		MEDIUMCONST    	0000	0000	0
		_c2pio2        		MEDIUMCONST    	0000	0000	0
		_c3pio2        		MEDIUMCONST    	0000	0000	0
		_c4pio2        		MEDIUMCONST    	0000	0000	0
		_Font10x21     		MEDIUMCONST    	F00E	0000	3990
		_s1pio2        		MEDIUMCONST    	0000	0000	0
		__initialization		CODE           	15810	0000	88
		_s2pio2        		MEDIUMCONST    	0000	0000	0
		_s3pio2        		MEDIUMCONST    	0000	0000	0
		_s4pio2        		MEDIUMCONST    	0000	0000	0
		_pio2_1t       		MEDIUMCONST    	0000	0000	0
		_half          		MEDIUMCONST    	0000	0000	0
		_pio2_1        		MEDIUMCONST    	0000	0000	0
		_C0            		MEDIUMCONST    	0000	0000	0
		_C1            		MEDIUMCONST    	0000	0000	0
		_C2            		MEDIUMCONST    	0000	0000	0
		_C3            		MEDIUMCONST    	0000	0000	0
		_invpio2       		MEDIUMCONST    	0000	0000	0

shared estimated size: 4087

C:\Program Files\Microchip\xc8\v2.46\pic\sources\c99\common\putch.c
		_putch         		CODE           	15DCE	0000	2

C:\Program Files\Microchip\xc8\v2.46\pic\sources\c99\common\putch.c estimated size: 2

C:\Program Files\Microchip\xc8\v2.46\pic\sources\c99\common\Umul16.c
		___wmul        		CODE           	15CD6	0000	38

C:\Program Files\Microchip\xc8\v2.46\pic\sources\c99\common\Umul16.c estimated size: 38

mcc_generated_files/mcc.c
		_PMD_Initialize		CODE           	15C86	0000	40
		_OSCILLATOR_Initialize		CODE           	15D1A	0000	24
		_SYSTEM_Initialize		CODE           	15D72	0000	18

mcc_generated_files/mcc.c estimated size: 82

C:\Program Files\Microchip\xc8\v2.46\pic\sources\c99\common\nf_fputs.c
		_fputs         		CODE           	15B06	0000	68

C:\Program Files\Microchip\xc8\v2.46\pic\sources\c99\common\nf_fputs.c estimated size: 68

CAN_format.c
		_GetMsgTrminVbat		CODE           	13ED8	0000	482
		_GetMsgKmh     		CODE           	14AEC	0000	300
		_GetMsgDateTime		CODE           	14426	0000	360

CAN_format.c estimated size: 1142

C:\Program Files\Microchip\xc8\v2.46\pic\sources\c99\common\sprcadd.c
		___flsub       		CODE           	15AC0	0000	70
		___fladd       		CODE           	1145A	0000	1216

C:\Program Files\Microchip\xc8\v2.46\pic\sources\c99\common\sprcadd.c estimated size: 1286

C:\Program Files\Microchip\xc8\v2.46\pic\sources\c99\common\__rem_pio2f.c
		___rem_pio2f   		CODE           	125F0	0000	968

C:\Program Files\Microchip\xc8\v2.46\pic\sources\c99\common\__rem_pio2f.c estimated size: 968

lcd.c
		_LCD_Init      		CODE           	149C0	0000	300
		_LCD_FillScreen		CODE           	15582	0000	156
		_LCD_DrawPixel 		CODE           	158CC	0000	88
		_LCD_Reset     		CODE           	15BBE	0000	54
		_LCD_DrawPixelThick		CODE           	1586E	0000	94
		_LCD_WriteBus  		CODE           	15D96	0000	16
		_LCD_WriteCommand		CODE           	15DB2	0000	12
		_LCD_WriteData 		CODE           	15DA6	0000	12

lcd.c estimated size: 732

C:\Program Files\Microchip\xc8\v2.46\pic\sources\c99\common\memcpy.c
		_memcpy        		CODE           	15A70	0000	80

C:\Program Files\Microchip\xc8\v2.46\pic\sources\c99\common\memcpy.c estimated size: 80

C:\Program Files\Microchip\xc8\v2.46\pic\sources\c99\common\labs.c
		_labs          		CODE           	1597A	0000	86

C:\Program Files\Microchip\xc8\v2.46\pic\sources\c99\common\labs.c estimated size: 86

C:\Program Files\Microchip\xc8\v2.46\pic\sources\c99\common\abs.c
		_abs           		CODE           	15C28	0000	52

C:\Program Files\Microchip\xc8\v2.46\pic\sources\c99\common\abs.c estimated size: 52

C:\Program Files\Microchip\xc8\v2.46\pic\sources\c99\common\awmod.c
		___awmod       		CODE           	15386	0000	176

C:\Program Files\Microchip\xc8\v2.46\pic\sources\c99\common\awmod.c estimated size: 176

main.c
		_main          		CODE           	1458E	0000	358

main.c estimated size: 358

C:\Program Files\Microchip\xc8\v2.46\pic\sources\c99\common\cosf.c
		_cosf          		CODE           	10F70	0000	1258

C:\Program Files\Microchip\xc8\v2.46\pic\sources\c99\common\cosf.c estimated size: 1258

compteur_vitesse.c
		_SpeedometerKmh		CODE           	136BA	0000	546
		_Voltmeter     		CODE           	12D52	0000	740
		_SpeedometerTrmin		CODE           	13498	0000	546

compteur_vitesse.c estimated size: 1832

displayFunctions.c
		_ScreenDrawLineH		CODE           	1485A	0000	358
		_ScreenDrawCharH		CODE           	13CEC	0000	492
		_ScreenDrawTextH		CODE           	1561E	0000	140
		_ScreenDrawLineV		CODE           	146F4	0000	358
		_ScreenDrawStraightLineV		CODE           	15732	0000	124
		_ScreenDrawArc 		CODE           	11D90	0000	1078
		_ScreenDrawLine		CODE           	15032	0000	248

displayFunctions.c estimated size: 2798

C:\Program Files\Microchip\xc8\v2.46\pic\sources\c99\common\flge.c
		___flge        		CODE           	14E30	0000	260

C:\Program Files\Microchip\xc8\v2.46\pic\sources\c99\common\flge.c estimated size: 260

