Microchip MPLAB XC8 Compiler V3.10

Linker command line:

-W-3 \
  --edf=C:\Program Files\Microchip\xc8\v3.10\pic\dat\20250813170317_en.msgs \
  -pivt0x8=08h -cn \
  -h+dist/default/production\CAN_Transmitter.X.production.sym \
  --cmf=dist/default/production\CAN_Transmitter.X.production.cmf -z \
  -Q18F27Q84 -oC:\Users\redsq\AppData\Local\Temp\xcAsi6o.0\driver_tmp_3.o \
  --defsym=__MPLAB_BUILD=1 --fixupoverflow=error \
  -Mdist/default/production/CAN_Transmitter.X.production.map \
  --md=C:\Users\redsq\AppData\Local\Temp\xcAsi6o.0\driver_tmp_0.dat -E1 \
  -ver=XC8 Compiler -ACODE=00h-01FFFFh -ACONST=00h-01FFFFh \
  -ASMALLCONST=04000h-040FFhx192,014000h-0140FFhx192 \
  -AMEDIUMCONST=04000h-0FFFFh,014000h-01FFFFh -ACOMRAM=0501h-055Fh \
  -AABS1=0500h-036FFh -ABIGRAM=0501h-036FFh \
  -ARAM=0560h-05FFh,0600h-06FFhx49 -ABANK5=0560h-05FFh -ABANK6=0600h-06FFh \
  -ABANK7=0700h-07FFh -ABANK8=0800h-08FFh -ABANK9=0900h-09FFh \
  -ABANK10=0A00h-0AFFh -ABANK11=0B00h-0BFFh -ABANK12=0C00h-0CFFh \
  -ABANK13=0D00h-0DFFh -ABANK14=0E00h-0EFFh -ABANK15=0F00h-0FFFh \
  -ABANK16=01000h-010FFh -ABANK17=01100h-011FFh -ABANK18=01200h-012FFh \
  -ABANK19=01300h-013FFh -ABANK20=01400h-014FFh -ABANK21=01500h-015FFh \
  -ABANK22=01600h-016FFh -ABANK23=01700h-017FFh -ABANK24=01800h-018FFh \
  -ABANK25=01900h-019FFh -ABANK26=01A00h-01AFFh -ABANK27=01B00h-01BFFh \
  -ABANK28=01C00h-01CFFh -ABANK29=01D00h-01DFFh -ABANK30=01E00h-01EFFh \
  -ABANK31=01F00h-01FFFh -ABANK32=02000h-020FFh -ABANK33=02100h-021FFh \
  -ABANK34=02200h-022FFh -ABANK35=02300h-023FFh -ABANK36=02400h-024FFh \
  -ABANK37=02500h-025FFh -ABANK38=02600h-026FFh -ABANK39=02700h-027FFh \
  -ABANK40=02800h-028FFh -ABANK41=02900h-029FFh -ABANK42=02A00h-02AFFh \
  -ABANK43=02B00h-02BFFh -ABANK44=02C00h-02CFFh -ABANK45=02D00h-02DFFh \
  -ABANK46=02E00h-02EFFh -ABANK47=02F00h-02FFFh -ABANK48=03000h-030FFh \
  -ABANK49=03100h-031FFh -ABANK50=03200h-032FFh -ABANK51=03300h-033FFh \
  -ABANK52=03400h-034FFh -ABANK53=03500h-035FFh -ABANK54=03600h-036FFh \
  -ASFR=00h-0FFhx4,0400h-045Fh,0460h-04FFh,03700h-037FFhx9 \
  -ABIGSFR=00h-04FFh,03700h-03FFFh -ACONFIG=0300000h-0300023h \
  -AIDLOC=0200000h-020003Fh -AEEDATA=0380000h-03803FFh -peeprom_data=EEDATA \
  -preset_vec=00h -ppowerup=CODE,init -pramtop=04000h \
  -psmallconst=SMALLCONST -pmediumconst=MEDIUMCONST -pconst=CONST \
  -AFARRAM=00h-00h \
  -prdata=COMRAM,nvrram=COMRAM,nvbit=COMRAM,rbss=COMRAM,rbit=COMRAM \
  -pfarbss=FARRAM,fardata=FARRAM,nvFARRAM=FARRAM \
  -pintsave_regs=BIGRAM,bigbss=BIGRAM,bigdata=BIGRAM -pbss=RAM \
  -pidata=CODE,irdata=CODE,ibigdata=CODE,ifardata=CODE -prparam=COMRAM \
  C:\Users\redsq\AppData\Local\Temp\xcAsi6o.0\driver_tmp_19.o \
  dist/default/production\CAN_Transmitter.X.production.o 

Object code version is 3.11

Machine type is 18F27Q84



                Name                               Link     Load   Length Selector   Space Scale
C:\Users\redsq\AppData\Local\Temp\xcAsi6o.0\driver_tmp_19.o
                config                           300000   300000       1F        0       4
                init                                 1A       1A        4        4       0
                reset_vec                             0        0        4        0       0
dist/default/production\CAN_Transmitter.X.production.o
                config                           300000   300000       1F        0       4
                mediumconst                        FEF6     FEF6      10A     7F7B       0
                ivt0x8                                8        8       12        4       0
                text82                            1405A    1405A       54     8000       0
                text81                            1457C    1457C        A     8000       0
                text80                            14226    14226       44     8000       0
                text79                            13B04    13B04       82     8000       0
                text78                            143E8    143E8       28     8000       0
                text77                            1458C    1458C        6     8000       0
                text76                            1459A    1459A        2     8000       0
                text75                            14598    14598        2     8000       0
                text74                            130E8    130E8       C4     8000       0
                text73                            1326C    1326C       B8     8000       0
                text72                            1426A    1426A       40     8000       0
                text71                            135E0    135E0       A6     8000       0
                text70                            131AC    131AC       C0     8000       0
                text69                            13488    13488       AE     8000       0
                text68                            1435A    1435A       34     8000       0
                text67                            14006    14006       54     8000       0
                text66                            14572    14572        A     8000       0
                text65                            1301E    1301E       CA     8000       0
                text64                            120EA    120EA      376     8000       0
                text63                            140FE    140FE       50     8000       0
                text62                            14436    14436       26     8000       0
                text61                            14586    14586        6     8000       0
                text60                            12B72    12B72      11C     8000       0
                text59                            12D92    12D92       EC     8000       0
                text58                            13324    13324       B6     8000       0
                text57                            1107A    1107A      46C     8000       0
                text56                            12A38    12A38      13A     8000       0
                text55                            13D58    13D58       72     8000       0
                text54                            114E6    114E6      44E     8000       0
                text53                            12F50    12F50       CE     8000       0
                text52                            1414E    1414E       4E     8000       0
                text51                            133DA    133DA       AE     8000       0
                text50                            141E2    141E2       44     8000       0
                text49                            13C72    13C72       74     8000       0
                text48                            14506    14506       12     8000       0
                text47                            14568    14568        A     8000       0
                text46                            13978    13978       86     8000       0
                text45                            144E0    144E0       14     8000       0
                text44                            1419C    1419C       46     8000       0
                text43                            14592    14592        4     8000       0
                text42                            144F4    144F4       12     8000       0
                text41                            13F5C    13F5C       56     8000       0
                text40                            144CA    144CA       16     8000       0
                text39                            144B4    144B4       16     8000       0
                text38                            14550    14550        E     8000       0
                text37                            14542    14542        E     8000       0
                text36                            14534    14534        E     8000       0
                text35                            14526    14526        E     8000       0
                text34                            14518    14518        E     8000       0
                text33                            1385A    1385A       92     8000       0
                text32                            1447E    1447E       1E     8000       0
                text31                            1372A    1372A       9E     8000       0
                text30                            13EFA    13EFA       62     8000       0
                text29                            1449C    1449C       18     8000       0
                text28                            12E7E    12E7E       D2     8000       0
                text27                            140AE    140AE       50     8000       0
                text26                            12460    12460      226     8000       0
                text25                            142E8    142E8       3A     8000       0
                text24                            137C8    137C8       92     8000       0
                text23                            13686    13686       A4     8000       0
                text22                            13E98    13E98       62     8000       0
                text21                            11D5A    11D5A      390     8000       0
                text20                            13536    13536       AA     8000       0
                text19                            12C8E    12C8E      104     8000       0
                text18                            11934    11934      426     8000       0
                text17                            14322    14322       38     8000       0
                text16                            13DCA    13DCA       6A     8000       0
                text15                            14410    14410       26     8000       0
                text14                            12884    12884      1B4     8000       0
                text13                            143BC    143BC       2C     8000       0
                text12                            13FB2    13FB2       54     8000       0
                text11                            1445C    1445C       22     8000       0
                text10                            1438E    1438E       2E     8000       0
                text9                             10000    10000     107A     8000       0
                text8                             13BFC    13BFC       76     8000       0
                text7                             13B86    13B86       76     8000       0
                text6                             142AA    142AA       3E     8000       0
                text5                             139FE    139FE       84     8000       0
                text4                             13E34    13E34       64     8000       0
                text3                             13CE6    13CE6       72     8000       0
                text2                             1455E    1455E        A     8000       0
                text1                             13A82    13A82       82     8000       0
                text0                             12686    12686      1FE     8000       0
                cstackCOMRAM                        501      501       41      501       1
                cstackBANK5                         5CD      5CD       26      560       1
                cstackBANK6                         68B      68B        F      600       1
                bssBANK9                            900      900      100      900       1
                bssBANK8                            800      800      100      800       1
                bssBANK7                            700      700      100      700       1
                bssBANK6                            600      600       8B      600       1
                bssBANK5                            560      560       6D      560       1
                dataCOMRAM                          54F      54F        2      501       1
                bssCOMRAM                           542      542        D      501       1
                cinit                             138EC    138EC       8C     8000       0
                nvBANK6                             69A      69A        3      600       1
                nvBANK5                             5F3      5F3        C      560       1
                idataCOMRAM                       14596    14596        2     8000       0

TOTAL           Name                               Link     Load   Length     Space
        CLASS   CODE           
                init                                 1A       1A        4         0
                reset_vec                             0        0        4         0
                ivt0x8                                8        8       12         0
                text82                            1405A    1405A       54         0
                text81                            1457C    1457C        A         0
                text80                            14226    14226       44         0
                text79                            13B04    13B04       82         0
                text78                            143E8    143E8       28         0
                text77                            1458C    1458C        6         0
                text76                            1459A    1459A        2         0
                text75                            14598    14598        2         0
                text74                            130E8    130E8       C4         0
                text73                            1326C    1326C       B8         0
                text72                            1426A    1426A       40         0
                text71                            135E0    135E0       A6         0
                text70                            131AC    131AC       C0         0
                text69                            13488    13488       AE         0
                text68                            1435A    1435A       34         0
                text67                            14006    14006       54         0
                text66                            14572    14572        A         0
                text65                            1301E    1301E       CA         0
                text64                            120EA    120EA      376         0
                text63                            140FE    140FE       50         0
                text62                            14436    14436       26         0
                text61                            14586    14586        6         0
                text60                            12B72    12B72      11C         0
                text59                            12D92    12D92       EC         0
                text58                            13324    13324       B6         0
                text57                            1107A    1107A      46C         0
                text56                            12A38    12A38      13A         0
                text55                            13D58    13D58       72         0
                text54                            114E6    114E6      44E         0
                text53                            12F50    12F50       CE         0
                text52                            1414E    1414E       4E         0
                text51                            133DA    133DA       AE         0
                text50                            141E2    141E2       44         0
                text49                            13C72    13C72       74         0
                text48                            14506    14506       12         0
                text47                            14568    14568        A         0
                text46                            13978    13978       86         0
                text45                            144E0    144E0       14         0
                text44                            1419C    1419C       46         0
                text43                            14592    14592        4         0
                text42                            144F4    144F4       12         0
                text41                            13F5C    13F5C       56         0
                text40                            144CA    144CA       16         0
                text39                            144B4    144B4       16         0
                text38                            14550    14550        E         0
                text37                            14542    14542        E         0
                text36                            14534    14534        E         0
                text35                            14526    14526        E         0
                text34                            14518    14518        E         0
                text33                            1385A    1385A       92         0
                text32                            1447E    1447E       1E         0
                text31                            1372A    1372A       9E         0
                text30                            13EFA    13EFA       62         0
                text29                            1449C    1449C       18         0
                text28                            12E7E    12E7E       D2         0
                text27                            140AE    140AE       50         0
                text26                            12460    12460      226         0
                text25                            142E8    142E8       3A         0
                text24                            137C8    137C8       92         0
                text23                            13686    13686       A4         0
                text22                            13E98    13E98       62         0
                text21                            11D5A    11D5A      390         0
                text20                            13536    13536       AA         0
                text19                            12C8E    12C8E      104         0
                text18                            11934    11934      426         0
                text17                            14322    14322       38         0
                text16                            13DCA    13DCA       6A         0
                text15                            14410    14410       26         0
                text14                            12884    12884      1B4         0
                text13                            143BC    143BC       2C         0
                text12                            13FB2    13FB2       54         0
                text11                            1445C    1445C       22         0
                text10                            1438E    1438E       2E         0
                text9                             10000    10000     107A         0
                text8                             13BFC    13BFC       76         0
                text7                             13B86    13B86       76         0
                text6                             142AA    142AA       3E         0
                text5                             139FE    139FE       84         0
                text4                             13E34    13E34       64         0
                text3                             13CE6    13CE6       72         0
                text2                             1455E    1455E        A         0
                text1                             13A82    13A82       82         0
                text0                             12686    12686      1FE         0
                cinit                             138EC    138EC       8C         0
                idataCOMRAM                       14596    14596        2         0

        CLASS   CONST          

        CLASS   SMALLCONST     

        CLASS   MEDIUMCONST    
                mediumconst                        FEF6     FEF6      10A         0

        CLASS   COMRAM         
                cstackCOMRAM                        501      501       41         1
                dataCOMRAM                          54F      54F        2         1
                bssCOMRAM                           542      542        D         1

        CLASS   ABS1           

        CLASS   BIGRAM         

        CLASS   RAM            

        CLASS   BANK5          
                cstackBANK5                         5CD      5CD       26         1
                bssBANK5                            560      560       6D         1
                nvBANK5                             5F3      5F3        C         1

        CLASS   BANK6          
                cstackBANK6                         68B      68B        F         1
                bssBANK6                            600      600       8B         1
                nvBANK6                             69A      69A        3         1

        CLASS   BANK7          
                bssBANK7                            700      700      100         1

        CLASS   BANK8          
                bssBANK8                            800      800      100         1

        CLASS   BANK9          
                bssBANK9                            900      900      100         1

        CLASS   BANK10         

        CLASS   BANK11         

        CLASS   BANK12         

        CLASS   BANK13         

        CLASS   BANK14         

        CLASS   BANK15         

        CLASS   BANK16         

        CLASS   BANK17         

        CLASS   BANK18         

        CLASS   BANK19         

        CLASS   BANK20         

        CLASS   BANK21         

        CLASS   BANK22         

        CLASS   BANK23         

        CLASS   BANK24         

        CLASS   BANK25         

        CLASS   BANK26         

        CLASS   BANK27         

        CLASS   BANK28         

        CLASS   BANK29         

        CLASS   BANK30         

        CLASS   BANK31         

        CLASS   BANK32         

        CLASS   BANK33         

        CLASS   BANK34         

        CLASS   BANK35         

        CLASS   BANK36         

        CLASS   BANK37         

        CLASS   BANK38         

        CLASS   BANK39         

        CLASS   BANK40         

        CLASS   BANK41         

        CLASS   BANK42         

        CLASS   BANK43         

        CLASS   BANK44         

        CLASS   BANK45         

        CLASS   BANK46         

        CLASS   BANK47         

        CLASS   BANK48         

        CLASS   BANK49         

        CLASS   BANK50         

        CLASS   BANK51         

        CLASS   BANK52         

        CLASS   BANK53         

        CLASS   BANK54         

        CLASS   SFR            

        CLASS   BIGSFR         

        CLASS   CONFIG         
                config                           300000   300000       1F         4

        CLASS   IDLOC          

        CLASS   EEDATA         

        CLASS   FARRAM         

        CLASS   HEAP           

        CLASS   STACK          



SEGMENTS        Name                           Load    Length   Top    Selector   Space  Class

                reset_vec                      000000  000004  000004         0       0  CODE    
                ivt0x8                         000008  000016  00001E         4       0  CODE    
                cstackCOMRAM                   000501  000050  000551       501       1  COMRAM  
                bssBANK5                       000560  00009F  0005FF       560       1  BANK5   
                bssBANK6                       000600  00009D  00069D       600       1  BANK6   
                bssBANK7                       000700  000100  000800       700       1  BANK7   
                bssBANK8                       000800  000100  000900       800       1  BANK8   
                bssBANK9                       000900  000100  000A00       900       1  BANK9   
                mediumconst                    00FEF6  00010A  010000      7F7B       0  MEDIUMCO
                text9                          010000  00459C  01459C      8000       0  CODE    


UNUSED ADDRESS RANGES

        Name                Unused          Largest block    Delta
        BANK10           000A00-000AFF              100
        BANK11           000B00-000BFF              100
        BANK12           000C00-000CFF              100
        BANK13           000D00-000DFF              100
        BANK14           000E00-000EFF              100
        BANK15           000F00-000FFF              100
        BANK16           001000-0010FF              100
        BANK17           001100-0011FF              100
        BANK18           001200-0012FF              100
        BANK19           001300-0013FF              100
        BANK20           001400-0014FF              100
        BANK21           001500-0015FF              100
        BANK22           001600-0016FF              100
        BANK23           001700-0017FF              100
        BANK24           001800-0018FF              100
        BANK25           001900-0019FF              100
        BANK26           001A00-001AFF              100
        BANK27           001B00-001BFF              100
        BANK28           001C00-001CFF              100
        BANK29           001D00-001DFF              100
        BANK30           001E00-001EFF              100
        BANK31           001F00-001FFF              100
        BANK32           002000-0020FF              100
        BANK33           002100-0021FF              100
        BANK34           002200-0022FF              100
        BANK35           002300-0023FF              100
        BANK36           002400-0024FF              100
        BANK37           002500-0025FF              100
        BANK38           002600-0026FF              100
        BANK39           002700-0027FF              100
        BANK40           002800-0028FF              100
        BANK41           002900-0029FF              100
        BANK42           002A00-002AFF              100
        BANK43           002B00-002BFF              100
        BANK44           002C00-002CFF              100
        BANK45           002D00-002DFF              100
        BANK46           002E00-002EFF              100
        BANK47           002F00-002FFF              100
        BANK48           003000-0030FF              100
        BANK49           003100-0031FF              100
        BANK5            0005FF-0005FF                1
        BANK50           003200-0032FF              100
        BANK51           003300-0033FF              100
        BANK52           003400-0034FF              100
        BANK53           003500-0035FF              100
        BANK54           003600-0036FF              100
        BANK6            00069D-0006FF               63
        BIGRAM           000551-00055F                F
                         0005FF-0005FF                1
                         00069D-0006FF               63
                         000A00-0036FF             2D00
        BIGSFR           000000-0004FF              500
                         003700-003FFF              900
        CODE             000004-000007                4
                         00001E-00FEF5             FED8
                         01459C-01FFFF             BA64
        COMRAM           000551-00055F                F
        CONFIG           30001F-300023                5
        CONST            000004-000007                4
                         00001E-00FEF5             FED8
                         01459C-01FFFF             BA64
        EEDATA           380000-3803FF              400
        IDLOC            200000-20003F               40
        MEDIUMCONST      004000-00FEF5             BEF6
                         01459C-01FFFF             BA64
        RAM              0005FF-0005FF                1
                         00069D-0006FF               63
                         000A00-0036FF              100
        SFR              000000-0004FF              100
                         003700-003FFF              100
        SMALLCONST       004000-00FEF5              100
                         01459C-01FFFF              100

                                  Symbol Table

?___awdiv                                     cstackCOMRAM 000510
?___awmod                                     cstackCOMRAM 000510
?___fldiv                                     cstackCOMRAM 00052A
?___flmul                                     cstackCOMRAM 000510
?___flneg                                     cstackCOMRAM 000510
?___lmul                                      cstackCOMRAM 000510
?___lwmod                                     cstackCOMRAM 000510
?___wmul                                      cstackCOMRAM 000510
?___xxtofl                                    cstackCOMRAM 00051C
?_abs                                         cstackCOMRAM 000516
?_atoc                                        cstackCOMRAM 00051B
?_atocs                                       cstackCOMRAM 00051B
?_atoi                                        cstackCOMRAM 000510
?_fgetc                                       cstackCOMRAM 000512
?_getch                                       cstackCOMRAM 000510
?_isdigit                                     cstackCOMRAM 000510
?_isxdigit                                    cstackCOMRAM 000510
?_nanf                                        cstackCOMRAM 000510
?_printf                                      cstackCOMRAM 000535
?_rand16                                      cstackCOMRAM 000515
?_sscanf                                      cstackBANK5  0005DD
?_strtof                                      cstackCOMRAM 000536
?_toupper                                     cstackCOMRAM 000510
?_vfprintf                                    cstackCOMRAM 00052D
?_vfscanf                                     cstackBANK5  0005D1
?_vfsfcnvrt                                   cstackCOMRAM 000537
CAN1_OperationModeSet@opMode                  cstackCOMRAM 000510
CAN1_OperationModeSet@requestMode             cstackCOMRAM 000512
CAN1_OperationModeSet@status                  cstackCOMRAM 000511
CAN1_Transmit@fifoChannel                     cstackCOMRAM 00052A
CAN1_Transmit@status                          cstackCOMRAM 000529
CAN1_Transmit@txCanMsg                        cstackCOMRAM 000525
CAN1_Transmit@txFifoObj                       cstackCOMRAM 000527
GPGLL_Parser@GpsMsg                           cstackBANK5  0005EF
GPGLL_Parser@GpsMsgToParse                    cstackBANK5  0005ED
GPGLL_Parser@ret                              cstackCOMRAM 00053F
GPSRxISR@UART_strt_receiving                  bssBANK5     000586
GPSRxISR@UART_tmp                             cstackCOMRAM 000509
GetTxFifoStatus@validChannel                  cstackCOMRAM 000510
IVTBASEH                                      (abs)        00045E
IVTBASEL                                      (abs)        00045D
IVTBASEU                                      (abs)        00045F
UART1_SetErrorHandler@interruptHandler        cstackCOMRAM 000510
UART1_SetFramingErrorHandler@interruptHandler cstackCOMRAM 000510
UART1_SetOverrunErrorHandler@interruptHandler cstackCOMRAM 000510
UART1_SetRxInterruptHandler@InterruptHandler  cstackCOMRAM 000510
UART1_SetTxInterruptHandler@InterruptHandler  cstackCOMRAM 000510
UART1_Write@txData                            cstackCOMRAM 000510
ValidateTransmission@field                    cstackCOMRAM 000516
ValidateTransmission@txCanMsg                 cstackCOMRAM 000511
ValidateTransmission@txMsgStatus              cstackCOMRAM 000515
ValidateTransmission@validChannel             cstackCOMRAM 000514
WriteMessageToFifo@msgId                      cstackCOMRAM 000521
WriteMessageToFifo@status                     cstackCOMRAM 000520
WriteMessageToFifo@txCanMsg                   cstackCOMRAM 00051D
WriteMessageToFifo@txFifoObj                  cstackCOMRAM 00051B
_ANSELA                                       (abs)        000400
_ANSELB                                       (abs)        000408
_ANSELC                                       (abs)        000410
_C1CONH                                       (abs)        000101
_C1CONHbits                                   (abs)        000101
_C1CONL                                       (abs)        000100
_C1CONTbits                                   (abs)        000103
_C1CONU                                       (abs)        000102
_C1CONUbits                                   (abs)        000102
_C1FIFOBA                                     (abs)        00014C
_C1FIFOCON1H                                  (abs)        00015D
_C1FIFOCON1L                                  (abs)        00015C
_C1FIFOCON1T                                  (abs)        00015F
_C1FIFOCON1U                                  (abs)        00015E
_C1INTHbits                                   (abs)        00011D
_C1INTTbits                                   (abs)        00011F
_C1NBTCFGH                                    (abs)        000105
_C1NBTCFGL                                    (abs)        000104
_C1NBTCFGT                                    (abs)        000107
_C1NBTCFGU                                    (abs)        000106
_C1TRECUbits                                  (abs)        000136
_C1TXQCONL                                    (abs)        000150
_CAN1_BitRateConfiguration                    text48       014506
_CAN1_Initialize                              text44       01419C
_CAN1_OperationModeGet                        text47       014568
_CAN1_OperationModeSet                        text46       013978
_CAN1_TX_FIFO_Configuration                   text45       0144E0
_CAN1_Transmit                                text24       0137C8
_CANRXPPS                                     (abs)        00023D
_DLC_BYTES                                    mediumconst  00FEF7
_GPGLL_Parser                                 text51       0133DA
_GPSMessage                                   bssBANK7     000780
_GPSMessage_safe                              bssBANK8     000880
_GPSRxBuffer                                  bssBANK8     000800
_GPSRxBuffer@GPS$F1352                        bssBANK9     000980
_GPSRxBuffer@GPS$F1534                        bssBANK9     000900
_GPSRxBuffer@GPS$F1609                        bssBANK7     000700
_GPSRxCnt                                     bssBANK5     000589
_GPSRxCnt@GPS$F1354                           bssBANK5     000588
_GPSRxCnt@GPS$F1536                           bssBANK5     000587
_GPSRxCnt@GPS$F1611                           bssCOMRAM    000546
_GPSRxISR                                     text73       01326C
_GPSRxReady                                   bssCOMRAM    000547
_GPS_init                                     text49       013C72
_GetTxFifoStatus                              text29       01449C
_GpsMsg                                       bssBANK6     000640
_INLVLA                                       (abs)        000404
_INLVLB                                       (abs)        00040C
_INLVLC                                       (abs)        000414
_INLVLE                                       (abs)        000424
_INTCON0bits                                  (abs)        0004D6
_INTERRUPT_Initialize                         text43       014592
_INTERRUPT_InterruptManager                   text71       0135E0
_LATA                                         (abs)        0004BE
_LATAbits                                     (abs)        0004BE
_LATB                                         (abs)        0004BF
_LATBbits                                     (abs)        0004BF
_LATC                                         (abs)        0004C0
_ODCONA                                       (abs)        000402
_ODCONB                                       (abs)        00040A
_ODCONC                                       (abs)        000412
_OSCCON1                                      (abs)        0000AD
_OSCCON3                                      (abs)        0000AF
_OSCEN                                        (abs)        0000B3
_OSCFRQ                                       (abs)        0000B1
_OSCILLATOR_Initialize                        text42       0144F4
_OSCTUNE                                      (abs)        0000B0
_PIE4bits                                     (abs)        0004A2
_PIN_MANAGER_Initialize                       text41       013F5C
_PIR3bits                                     (abs)        0004B1
_PIR4bits                                     (abs)        0004B2
_PMD0                                         (abs)        000060
_PMD1                                         (abs)        000061
_PMD2                                         (abs)        000062
_PMD3                                         (abs)        000063
_PMD4                                         (abs)        000064
_PMD5                                         (abs)        000065
_PMD6                                         (abs)        000066
_PMD7                                         (abs)        000067
_PMD8                                         (abs)        000068
_PMD_Initialize                               text40       0144CA
_PR2                                          (abs)        000323
_RB4PPS                                       (abs)        00020D
_RC3PPS                                       (abs)        000214
_SLRCONA                                      (abs)        000403
_SLRCONB                                      (abs)        00040B
_SLRCONC                                      (abs)        000413
_SYSTEM_Initialize                            text32       01447E
_T2CLKCON                                     (abs)        000326
_T2CON                                        (abs)        000324
_T2CONbits                                    (abs)        000324
_T2HLT                                        (abs)        000325
_T2HLTbits                                    (abs)        000325
_T2PR                                         (abs)        000323
_T2RST                                        (abs)        000327
_T2RSTbits                                    (abs)        000327
_T2TMR                                        (abs)        000322
_TMR2                                         (abs)        000322
_TMR2_Initialize                              text39       0144B4
_TRISA                                        (abs)        0004C6
_TRISB                                        (abs)        0004C7
_TRISC                                        (abs)        0004C8
_TRISE                                        (abs)        0004CA
_U1BRGH                                       (abs)        0002AF
_U1BRGL                                       (abs)        0002AE
_U1CON0                                       (abs)        0002AB
_U1CON1                                       (abs)        0002AC
_U1CON2                                       (abs)        0002AD
_U1ERRIE                                      (abs)        0002B3
_U1ERRIR                                      (abs)        0002B2
_U1ERRIRbits                                  (abs)        0002B2
_U1FIFO                                       (abs)        0002B0
_U1P1H                                        (abs)        0002A6
_U1P1L                                        (abs)        0002A5
_U1P2H                                        (abs)        0002A8
_U1P2L                                        (abs)        0002A7
_U1P3H                                        (abs)        0002AA
_U1P3L                                        (abs)        0002A9
_U1RXB                                        (abs)        0002A1
_U1RXPPS                                      (abs)        000272
_U1TXB                                        (abs)        0002A3
_U1UIR                                        (abs)        0002B1
_UART1_DefaultErrorHandler                    text77       01458C
_UART1_DefaultFramingErrorHandler             text76       01459A
_UART1_DefaultOverrunErrorHandler             text75       014598
_UART1_ErrorHandler                           nvBANK6      00069A
_UART1_FramingErrorHandler                    nvBANK5      0005F6
_UART1_Initialize                             text33       01385A
_UART1_OverrunErrorHandler                    nvBANK5      0005F3
_UART1_Receive_ISR                            text74       0130E8
_UART1_RxDataHandler                          text78       0143E8
_UART1_RxInterruptHandler                     nvBANK5      0005FC
_UART1_SetErrorHandler                        text38       014550
_UART1_SetFramingErrorHandler                 text37       014542
_UART1_SetOverrunErrorHandler                 text36       014534
_UART1_SetRxInterruptHandler                  text35       014526
_UART1_SetTxInterruptHandler                  text34       014518
_UART1_Transmit_ISR                           text72       01426A
_UART1_TxInterruptHandler                     nvBANK5      0005F9
_UART1_Write                                  text67       014006
_ValidateTransmission                         text28       012E7E
_WPUA                                         (abs)        000401
_WPUB                                         (abs)        000409
_WPUC                                         (abs)        000411
_WPUE                                         (abs)        000421
_WriteMessageToFifo                           text26       012460
__HRAM                                        (abs)        000000
__H__absolute__                               __absolute__ 000000
__Habs1                                       abs1         000000
__Hbank10                                     bank10       000000
__Hbank11                                     bank11       000000
__Hbank12                                     bank12       000000
__Hbank13                                     bank13       000000
__Hbank14                                     bank14       000000
__Hbank15                                     bank15       000000
__Hbank16                                     bank16       000000
__Hbank17                                     bank17       000000
__Hbank18                                     bank18       000000
__Hbank19                                     bank19       000000
__Hbank20                                     bank20       000000
__Hbank21                                     bank21       000000
__Hbank22                                     bank22       000000
__Hbank23                                     bank23       000000
__Hbank24                                     bank24       000000
__Hbank25                                     bank25       000000
__Hbank26                                     bank26       000000
__Hbank27                                     bank27       000000
__Hbank28                                     bank28       000000
__Hbank29                                     bank29       000000
__Hbank30                                     bank30       000000
__Hbank31                                     bank31       000000
__Hbank32                                     bank32       000000
__Hbank33                                     bank33       000000
__Hbank34                                     bank34       000000
__Hbank35                                     bank35       000000
__Hbank36                                     bank36       000000
__Hbank37                                     bank37       000000
__Hbank38                                     bank38       000000
__Hbank39                                     bank39       000000
__Hbank40                                     bank40       000000
__Hbank41                                     bank41       000000
__Hbank42                                     bank42       000000
__Hbank43                                     bank43       000000
__Hbank44                                     bank44       000000
__Hbank45                                     bank45       000000
__Hbank46                                     bank46       000000
__Hbank47                                     bank47       000000
__Hbank48                                     bank48       000000
__Hbank49                                     bank49       000000
__Hbank5                                      bank5        000000
__Hbank50                                     bank50       000000
__Hbank51                                     bank51       000000
__Hbank52                                     bank52       000000
__Hbank53                                     bank53       000000
__Hbank54                                     bank54       000000
__Hbank6                                      bank6        000000
__Hbank7                                      bank7        000000
__Hbank8                                      bank8        000000
__Hbank9                                      bank9        000000
__Hbigbss                                     bigbss       000000
__Hbigdata                                    bigdata      000000
__Hbigram                                     bigram       000000
__Hbigsfr                                     bigsfr       000000
__Hbss                                        bss          000000
__HbssBANK5                                   bssBANK5     000000
__HbssBANK6                                   bssBANK6     000000
__HbssBANK7                                   bssBANK7     000000
__HbssBANK8                                   bssBANK8     000000
__HbssBANK9                                   bssBANK9     000000
__HbssCOMRAM                                  bssCOMRAM    000000
__Hcinit                                      cinit        000000
__Hclrtext                                    clrtext      000000
__Hcomram                                     comram       000000
__Hconfig                                     config       30001F
__Hconst                                      const        000000
__HcstackBANK5                                cstackBANK5  000000
__HcstackBANK6                                cstackBANK6  000000
__HcstackCOMRAM                               cstackCOMRAM 000000
__Hdata                                       data         000000
__HdataCOMRAM                                 dataCOMRAM   000000
__Heeprom_data                                eeprom_data  000000
__Hfarbss                                     farbss       000000
__Hfardata                                    fardata      000000
__Hheap                                       heap         000000
__Hibigdata                                   ibigdata     000000
__Hidata                                      idata        000000
__HidataCOMRAM                                idataCOMRAM  000000
__Hidloc                                      idloc        000000
__Hifardata                                   ifardata     000000
__Hinit                                       init         00001E
__Hintsave_regs                               intsave_regs 000000
__Hirdata                                     irdata       000000
__Hivt0x8                                     ivt0x8       00001A
__Hmediumconst                                mediumconst  010000
__HnvBANK5                                    nvBANK5      000000
__HnvBANK6                                    nvBANK6      000000
__HnvFARRAM                                   nvFARRAM     000000
__Hnvbit                                      nvbit        000000
__Hnvrram                                     nvrram       000000
__Hparam                                      rparam       000000
__Hpowerup                                    powerup      000000
__Hram                                        ram          000000
__Hramtop                                     ramtop       004000
__Hrbit                                       rbit         000000
__Hrbss                                       rbss         000000
__Hrdata                                      rdata        000000
__Hreset_vec                                  reset_vec    000004
__Hrparam                                     rparam       000000
__Hsfr                                        sfr          000000
__Hsmallconst                                 smallconst   000000
__Hspace_0                                    (abs)        01459C
__Hspace_1                                    (abs)        000A00
__Hspace_2                                    (abs)        000000
__Hspace_4                                    (abs)        60001F
__Hstack                                      stack        000000
__Hstruct                                     struct       000000
__Htemp                                       temp         000000
__Htext                                       text         000000
__Htext0                                      text0        000000
__Htext1                                      text1        000000
__Htext10                                     text10       000000
__Htext11                                     text11       000000
__Htext12                                     text12       000000
__Htext13                                     text13       000000
__Htext14                                     text14       000000
__Htext15                                     text15       000000
__Htext16                                     text16       000000
__Htext17                                     text17       000000
__Htext18                                     text18       000000
__Htext19                                     text19       000000
__Htext2                                      text2        000000
__Htext20                                     text20       000000
__Htext21                                     text21       000000
__Htext22                                     text22       000000
__Htext23                                     text23       000000
__Htext24                                     text24       000000
__Htext25                                     text25       000000
__Htext26                                     text26       000000
__Htext27                                     text27       000000
__Htext28                                     text28       000000
__Htext29                                     text29       000000
__Htext3                                      text3        000000
__Htext30                                     text30       000000
__Htext31                                     text31       000000
__Htext32                                     text32       000000
__Htext33                                     text33       000000
__Htext34                                     text34       000000
__Htext35                                     text35       000000
__Htext36                                     text36       000000
__Htext37                                     text37       000000
__Htext38                                     text38       000000
__Htext39                                     text39       000000
__Htext4                                      text4        000000
__Htext40                                     text40       000000
__Htext41                                     text41       000000
__Htext42                                     text42       000000
__Htext43                                     text43       000000
__Htext44                                     text44       000000
__Htext45                                     text45       000000
__Htext46                                     text46       000000
__Htext47                                     text47       000000
__Htext48                                     text48       000000
__Htext49                                     text49       000000
__Htext5                                      text5        000000
__Htext50                                     text50       000000
__Htext51                                     text51       000000
__Htext52                                     text52       000000
__Htext53                                     text53       000000
__Htext54                                     text54       000000
__Htext55                                     text55       000000
__Htext56                                     text56       000000
__Htext57                                     text57       000000
__Htext58                                     text58       000000
__Htext59                                     text59       000000
__Htext6                                      text6        000000
__Htext60                                     text60       000000
__Htext61                                     text61       000000
__Htext62                                     text62       000000
__Htext63                                     text63       000000
__Htext64                                     text64       000000
__Htext65                                     text65       000000
__Htext66                                     text66       000000
__Htext67                                     text67       000000
__Htext68                                     text68       000000
__Htext69                                     text69       000000
__Htext7                                      text7        000000
__Htext70                                     text70       000000
__Htext71                                     text71       000000
__Htext72                                     text72       000000
__Htext73                                     text73       000000
__Htext74                                     text74       000000
__Htext75                                     text75       000000
__Htext76                                     text76       000000
__Htext77                                     text77       000000
__Htext78                                     text78       000000
__Htext79                                     text79       000000
__Htext8                                      text8        000000
__Htext80                                     text80       000000
__Htext81                                     text81       000000
__Htext82                                     text82       000000
__Htext9                                      text9        000000
__LRAM                                        (abs)        000001
__L__absolute__                               __absolute__ 000000
__Labs1                                       abs1         000000
__Lbank10                                     bank10       000000
__Lbank11                                     bank11       000000
__Lbank12                                     bank12       000000
__Lbank13                                     bank13       000000
__Lbank14                                     bank14       000000
__Lbank15                                     bank15       000000
__Lbank16                                     bank16       000000
__Lbank17                                     bank17       000000
__Lbank18                                     bank18       000000
__Lbank19                                     bank19       000000
__Lbank20                                     bank20       000000
__Lbank21                                     bank21       000000
__Lbank22                                     bank22       000000
__Lbank23                                     bank23       000000
__Lbank24                                     bank24       000000
__Lbank25                                     bank25       000000
__Lbank26                                     bank26       000000
__Lbank27                                     bank27       000000
__Lbank28                                     bank28       000000
__Lbank29                                     bank29       000000
__Lbank30                                     bank30       000000
__Lbank31                                     bank31       000000
__Lbank32                                     bank32       000000
__Lbank33                                     bank33       000000
__Lbank34                                     bank34       000000
__Lbank35                                     bank35       000000
__Lbank36                                     bank36       000000
__Lbank37                                     bank37       000000
__Lbank38                                     bank38       000000
__Lbank39                                     bank39       000000
__Lbank40                                     bank40       000000
__Lbank41                                     bank41       000000
__Lbank42                                     bank42       000000
__Lbank43                                     bank43       000000
__Lbank44                                     bank44       000000
__Lbank45                                     bank45       000000
__Lbank46                                     bank46       000000
__Lbank47                                     bank47       000000
__Lbank48                                     bank48       000000
__Lbank49                                     bank49       000000
__Lbank5                                      bank5        000000
__Lbank50                                     bank50       000000
__Lbank51                                     bank51       000000
__Lbank52                                     bank52       000000
__Lbank53                                     bank53       000000
__Lbank54                                     bank54       000000
__Lbank6                                      bank6        000000
__Lbank7                                      bank7        000000
__Lbank8                                      bank8        000000
__Lbank9                                      bank9        000000
__Lbigbss                                     bigbss       000000
__Lbigdata                                    bigdata      000000
__Lbigram                                     bigram       000000
__Lbigsfr                                     bigsfr       000000
__Lbss                                        bss          000000
__LbssBANK5                                   bssBANK5     000000
__LbssBANK6                                   bssBANK6     000000
__LbssBANK7                                   bssBANK7     000000
__LbssBANK8                                   bssBANK8     000000
__LbssBANK9                                   bssBANK9     000000
__LbssCOMRAM                                  bssCOMRAM    000000
__Lcinit                                      cinit        000000
__Lclrtext                                    clrtext      000000
__Lcomram                                     comram       000000
__Lconfig                                     config       000000
__Lconst                                      const        000000
__LcstackBANK5                                cstackBANK5  000000
__LcstackBANK6                                cstackBANK6  000000
__LcstackCOMRAM                               cstackCOMRAM 000000
__Ldata                                       data         000000
__LdataCOMRAM                                 dataCOMRAM   000000
__Leeprom_data                                eeprom_data  000000
__Lfarbss                                     farbss       000000
__Lfardata                                    fardata      000000
__Lheap                                       heap         000000
__Libigdata                                   ibigdata     000000
__Lidata                                      idata        000000
__LidataCOMRAM                                idataCOMRAM  000000
__Lidloc                                      idloc        000000
__Lifardata                                   ifardata     000000
__Linit                                       init         00001A
__Lintsave_regs                               intsave_regs 000000
__Lirdata                                     irdata       000000
__Livt0x8                                     ivt0x8       000008
__Lmediumconst                                mediumconst  00FEF6
__LnvBANK5                                    nvBANK5      000000
__LnvBANK6                                    nvBANK6      000000
__LnvFARRAM                                   nvFARRAM     000000
__Lnvbit                                      nvbit        000000
__Lnvrram                                     nvrram       000000
__Lparam                                      rparam       000000
__Lpowerup                                    powerup      000000
__Lram                                        ram          000000
__Lramtop                                     ramtop       004000
__Lrbit                                       rbit         000000
__Lrbss                                       rbss         000000
__Lrdata                                      rdata        000000
__Lreset_vec                                  reset_vec    000000
__Lrparam                                     rparam       000000
__Lsfr                                        sfr          000000
__Lsmallconst                                 smallconst   000000
__Lspace_0                                    (abs)        000000
__Lspace_1                                    (abs)        000000
__Lspace_2                                    (abs)        000000
__Lspace_4                                    (abs)        000000
__Lstack                                      stack        000000
__Lstruct                                     struct       000000
__Ltemp                                       temp         000000
__Ltext                                       text         000000
__Ltext0                                      text0        000000
__Ltext1                                      text1        000000
__Ltext10                                     text10       000000
__Ltext11                                     text11       000000
__Ltext12                                     text12       000000
__Ltext13                                     text13       000000
__Ltext14                                     text14       000000
__Ltext15                                     text15       000000
__Ltext16                                     text16       000000
__Ltext17                                     text17       000000
__Ltext18                                     text18       000000
__Ltext19                                     text19       000000
__Ltext2                                      text2        000000
__Ltext20                                     text20       000000
__Ltext21                                     text21       000000
__Ltext22                                     text22       000000
__Ltext23                                     text23       000000
__Ltext24                                     text24       000000
__Ltext25                                     text25       000000
__Ltext26                                     text26       000000
__Ltext27                                     text27       000000
__Ltext28                                     text28       000000
__Ltext29                                     text29       000000
__Ltext3                                      text3        000000
__Ltext30                                     text30       000000
__Ltext31                                     text31       000000
__Ltext32                                     text32       000000
__Ltext33                                     text33       000000
__Ltext34                                     text34       000000
__Ltext35                                     text35       000000
__Ltext36                                     text36       000000
__Ltext37                                     text37       000000
__Ltext38                                     text38       000000
__Ltext39                                     text39       000000
__Ltext4                                      text4        000000
__Ltext40                                     text40       000000
__Ltext41                                     text41       000000
__Ltext42                                     text42       000000
__Ltext43                                     text43       000000
__Ltext44                                     text44       000000
__Ltext45                                     text45       000000
__Ltext46                                     text46       000000
__Ltext47                                     text47       000000
__Ltext48                                     text48       000000
__Ltext49                                     text49       000000
__Ltext5                                      text5        000000
__Ltext50                                     text50       000000
__Ltext51                                     text51       000000
__Ltext52                                     text52       000000
__Ltext53                                     text53       000000
__Ltext54                                     text54       000000
__Ltext55                                     text55       000000
__Ltext56                                     text56       000000
__Ltext57                                     text57       000000
__Ltext58                                     text58       000000
__Ltext59                                     text59       000000
__Ltext6                                      text6        000000
__Ltext60                                     text60       000000
__Ltext61                                     text61       000000
__Ltext62                                     text62       000000
__Ltext63                                     text63       000000
__Ltext64                                     text64       000000
__Ltext65                                     text65       000000
__Ltext66                                     text66       000000
__Ltext67                                     text67       000000
__Ltext68                                     text68       000000
__Ltext69                                     text69       000000
__Ltext7                                      text7        000000
__Ltext70                                     text70       000000
__Ltext71                                     text71       000000
__Ltext72                                     text72       000000
__Ltext73                                     text73       000000
__Ltext74                                     text74       000000
__Ltext75                                     text75       000000
__Ltext76                                     text76       000000
__Ltext77                                     text77       000000
__Ltext78                                     text78       000000
__Ltext79                                     text79       000000
__Ltext8                                      text8        000000
__Ltext80                                     text80       000000
__Ltext81                                     text81       000000
__Ltext82                                     text82       000000
__Ltext9                                      text9        000000
__S0                                          (abs)        01459C
__S1                                          (abs)        000A00
__S4                                          (abs)        000000
__S5                                          (abs)        000000
___awdiv                                      text70       0131AC
___awdiv@counter                              cstackCOMRAM 000514
___awdiv@dividend                             cstackCOMRAM 000510
___awdiv@divisor                              cstackCOMRAM 000512
___awdiv@quotient                             cstackCOMRAM 000516
___awdiv@sign                                 cstackCOMRAM 000515
___awmod                                      text69       013488
___awmod@counter                              cstackCOMRAM 000514
___awmod@dividend                             cstackCOMRAM 000510
___awmod@divisor                              cstackCOMRAM 000512
___awmod@sign                                 cstackCOMRAM 000515
___fldiv                                      text21       011D5A
___fldiv@a                                    cstackCOMRAM 00052E
___fldiv@aexp                                 cstackBANK5  0005D9
___fldiv@b                                    cstackCOMRAM 00052A
___fldiv@bexp                                 cstackBANK5  0005D8
___fldiv@grs                                  cstackBANK5  0005D4
___fldiv@new_exp                              cstackBANK5  0005D2
___fldiv@rem                                  cstackBANK5  0005CD
___fldiv@sign                                 cstackBANK5  0005D1
___fleq                                       text20       013536
___fleq@ff1                                   cstackCOMRAM 000510
___fleq@ff2                                   cstackCOMRAM 000514
___flge                                       text19       012C8E
___flge@ff1                                   cstackCOMRAM 000510
___flge@ff2                                   cstackCOMRAM 000514
___flmul                                      text18       011934
___flmul@a                                    cstackCOMRAM 000514
___flmul@aexp                                 cstackCOMRAM 000521
___flmul@b                                    cstackCOMRAM 000510
___flmul@bexp                                 cstackCOMRAM 000522
___flmul@grs                                  cstackCOMRAM 00051D
___flmul@prod                                 cstackCOMRAM 000523
___flmul@sign                                 cstackCOMRAM 00051C
___flmul@temp                                 cstackCOMRAM 000527
___flneg                                      text17       014322
___flneg@f1                                   cstackCOMRAM 000510
___heap_hi                                    (abs)        000000
___heap_lo                                    (abs)        000000
___inthi_sp                                   stack        000000
___inthi_stack_hi                             stack        000000
___inthi_stack_lo                             stack        000000
___intlo_sp                                   stack        000000
___intlo_stack_hi                             stack        000000
___intlo_stack_lo                             stack        000000
___lmul                                       text16       013DCA
___lmul@multiplicand                          cstackCOMRAM 000514
___lmul@multiplier                            cstackCOMRAM 000510
___lmul@product                               cstackCOMRAM 000518
___lwmod                                      text4        013E34
___lwmod@counter                              cstackCOMRAM 000514
___lwmod@dividend                             cstackCOMRAM 000510
___lwmod@divisor                              cstackCOMRAM 000512
___param_bank                                 (abs)        000000
___rparam_used                                (abs)        000001
___sp                                         stack        000000
___stack_hi                                   stack        000000
___stack_lo                                   stack        000000
___ungetbuf                                   bssBANK5     000578
___ungetcnt                                   bssCOMRAM    000544
___wmul                                       text15       014410
___wmul@multiplicand                          cstackCOMRAM 000512
___wmul@multiplier                            cstackCOMRAM 000510
___wmul@product                               cstackCOMRAM 000514
___xxtofl                                     text14       012884
___xxtofl@arg                                 cstackCOMRAM 000526
___xxtofl@exp                                 cstackCOMRAM 000525
___xxtofl@sign                                cstackCOMRAM 000524
___xxtofl@val                                 cstackCOMRAM 00051C
__accesstop                                   (abs)        000560
__activetblptr                                (abs)        000003
__end_of_CAN1_BitRateConfiguration            text48       014518
__end_of_CAN1_Initialize                      text44       0141E2
__end_of_CAN1_OperationModeGet                text47       014572
__end_of_CAN1_OperationModeSet                text46       0139FE
__end_of_CAN1_TX_FIFO_Configuration           text45       0144F4
__end_of_CAN1_Transmit                        text24       01385A
__end_of_DLC_BYTES                            mediumconst  00FF00
__end_of_FIFO                                 mediumconst  00FF02
__end_of_GPGLL_Parser                         text51       013488
__end_of_GPSRxISR                             text73       013324
__end_of_GPS_init                             text49       013CE6
__end_of_GetTxFifoStatus                      text29       0144B4
__end_of_INTERRUPT_Initialize                 text43       014596
__end_of_INTERRUPT_InterruptManager           text71       013686
__end_of_OSCILLATOR_Initialize                text42       014506
__end_of_PIN_MANAGER_Initialize               text41       013FB2
__end_of_PMD_Initialize                       text40       0144E0
__end_of_SYSTEM_Initialize                    text32       01449C
__end_of_TMR2_Initialize                      text39       0144CA
__end_of_UART1_DefaultErrorHandler            text77       014592
__end_of_UART1_DefaultFramingErrorHandler     text76       01459C
__end_of_UART1_DefaultOverrunErrorHandler     text75       01459A
__end_of_UART1_Initialize                     text33       0138EC
__end_of_UART1_Receive_ISR                    text74       0131AC
__end_of_UART1_RxDataHandler                  text78       014410
__end_of_UART1_SetErrorHandler                text38       01455E
__end_of_UART1_SetFramingErrorHandler         text37       014550
__end_of_UART1_SetOverrunErrorHandler         text36       014542
__end_of_UART1_SetRxInterruptHandler          text35       014534
__end_of_UART1_SetTxInterruptHandler          text34       014526
__end_of_UART1_Transmit_ISR                   text72       0142AA
__end_of_UART1_Write                          text67       01405A
__end_of_ValidateTransmission                 text28       012F50
__end_of_WriteMessageToFifo                   text26       012686
__end_of___awdiv                              text70       01326C
__end_of___awmod                              text69       013536
__end_of___fldiv                              text21       0120EA
__end_of___fleq                               text20       0135E0
__end_of___flge                               text19       012D92
__end_of___flmul                              text18       011D5A
__end_of___flneg                              text17       01435A
__end_of___lmul                               text16       013E34
__end_of___lwmod                              text4        013E98
__end_of___wmul                               text15       014436
__end_of___xxtofl                             text14       012A38
__end_of__initialization                      cinit        013972
__end_of_abs                                  text68       01438E
__end_of_atoc                                 text59       012E7E
__end_of_atocs                                text57       0114E6
__end_of_atoi                                 text56       012B72
__end_of_fgetc                                text60       012C8E
__end_of_fputc                                text65       0130E8
__end_of_getTime                              text31       0137C8
__end_of_getch                                text61       01458C
__end_of_initDateTime                         text30       013F5C
__end_of_isTxChannel                          text25       014322
__end_of_isdigit                              text13       0143E8
__end_of_isxdigit                             text12       014006
__end_of_main                                 text0        012884
__end_of_memcpy                               text27       0140FE
__end_of_msgDateTime                          text23       01372A
__end_of_msgKmh                               text22       013EFA
__end_of_msgLatitude                          text8        013C72
__end_of_msgLongitude                         text7        013BFC
__end_of_msgScreenSwitch                      text6        0142E8
__end_of_msgTrminVbat                         text5        013A82
__end_of_nanf                                 text11       01447E
__end_of_printf                               text62       01445C
__end_of_putch                                text66       01457C
__end_of_puts                                 text50       014226
__end_of_rand16                               text3        013D58
__end_of_skipws                               text55       013DCA
__end_of_srand16                              text2        014568
__end_of_sscanf                               text52       01419C
__end_of_strncpy                              text1        013B04
__end_of_strtof                               text9        01107A
__end_of_toupper                              text10       0143BC
__end_of_ungetc                               text58       0133DA
__end_of_vfpfcnvrt                            text64       012460
__end_of_vfprintf                             text63       01414E
__end_of_vfscanf                              text53       01301E
__end_of_vfsfcnvrt                            text54       011934
__end_ofi2_UART1_Write                        text82       0140AE
__end_ofi2_putch                              text81       014586
__end_ofi2_puts                               text80       01426A
__end_ofi2_strncpy                            text79       013B86
__initialization                              cinit        0138EC
__mediumconst                                 mediumconst  00FEF6
__pbssBANK5                                   bssBANK5     000560
__pbssBANK6                                   bssBANK6     000600
__pbssBANK7                                   bssBANK7     000700
__pbssBANK8                                   bssBANK8     000800
__pbssBANK9                                   bssBANK9     000900
__pbssCOMRAM                                  bssCOMRAM    000542
[...]
_uart1TxTail                                  bssCOMRAM    00054C
_ungetc                                       text58       013324
_vfpfcnvrt                                    text64       0120EA
_vfprintf                                     text63       0140FE
_vfscanf                                      text53       012F50
_vfsfcnvrt                                    text54       0114E6
_width                                        bssCOMRAM    000542
_width@doprnt$F2452                           bssBANK5     00057B
abs@a                                         cstackCOMRAM 000516
atoc@c                                        cstackCOMRAM 000522
atoc@fp                                       cstackCOMRAM 00051B
atoc@i                                        cstackCOMRAM 000524
atoc@s                                        cstackCOMRAM 00051D
atoc@w                                        cstackCOMRAM 000520
atocs@ap                                      cstackCOMRAM 00051F
atocs@c                                       cstackCOMRAM 00052F
atocs@end                                     cstackCOMRAM 000533
atocs@fmt                                     cstackCOMRAM 00051D
atocs@fp                                      cstackCOMRAM 00051B
atocs@i                                       cstackCOMRAM 000531
atocs@invert                                  cstackCOMRAM 000528
atocs@j                                       cstackCOMRAM 000535
atocs@k                                       cstackCOMRAM 000529
atocs@s                                       cstackCOMRAM 00052D
atocs@start                                   cstackCOMRAM 00052B
atocs@w                                       cstackCOMRAM 000526
atoi@n                                        cstackCOMRAM 000515
atoi@neg                                      cstackCOMRAM 000514
atoi@s                                        cstackCOMRAM 000510
end_of_initialization                         cinit        013972
fgetc@c                                       cstackCOMRAM 000519
fgetc@fp                                      cstackCOMRAM 000512
fputc@c                                       cstackCOMRAM 000512
fputc@fp                                      cstackCOMRAM 000514
getTime@GpsMsg                                cstackCOMRAM 000512
getTime@dateTime                              cstackCOMRAM 000510
i2UART1_Write@txData                          cstackCOMRAM 000501
i2_UART1_Write                                text82       01405A
i2_putch                                      text81       01457C
i2_puts                                       text80       014226
i2_strncpy                                    text79       013B04
i2putch@txData                                cstackCOMRAM 000502
i2puts@s                                      cstackCOMRAM 000503
i2strncpy@cp                                  cstackCOMRAM 000507
i2strncpy@d                                   cstackCOMRAM 000501
i2strncpy@n                                   cstackCOMRAM 000505
i2strncpy@s                                   cstackCOMRAM 000503
initDateTime@dateTime                         cstackCOMRAM 000510
intlevel0                                     text         000000
intlevel1                                     text         000000
intlevel2                                     text         000000
intlevel3                                     text         000000
isTxChannel@channel                           cstackCOMRAM 000511
isa$std                                       (abs)        000001
isa$xinst                                     (abs)        000000
isdigit@c                                     cstackCOMRAM 000510
isxdigit@c                                    cstackCOMRAM 000510
ivt0x8_base                                   ivt0x8       000008
memcpy@d                                      cstackCOMRAM 000516
memcpy@d1                                     cstackCOMRAM 000510
memcpy@n                                      cstackCOMRAM 000514
memcpy@s                                      cstackCOMRAM 000518
memcpy@s1                                     cstackCOMRAM 000512
memcpy@tmp                                    cstackCOMRAM 00051A
msgDateTime@TAB                               bssBANK5     0005A0
msgDateTime@horodatage                        cstackCOMRAM 00052B
msgDateTime@txMessage                         bssBANK5     0005A7
msgKmh@TAB                                    bssBANK5     0005C9
msgKmh@kmh                                    cstackCOMRAM 000536
msgKmh@txMessage                              bssBANK5     0005B5
msgKmh@vitesse                                cstackCOMRAM 00053A
msgLatitude@Latitude                          cstackBANK5  0005E9
msgLatitude@TAB                               bssBANK6     000683
msgLatitude@latitude                          cstackCOMRAM 000540
msgLatitude@txMessage                         bssBANK5     000599
msgLongitude@Longitude                        cstackBANK5  0005E9
msgLongitude@TAB                              bssBANK6     00067B
msgLongitude@longitude                        cstackCOMRAM 000540
msgLongitude@txMessage                        bssBANK5     000592
msgScreenSwitch@Screen                        bssCOMRAM    00054E
msgScreenSwitch@screen                        cstackCOMRAM 00052B
msgScreenSwitch@txMessage                     bssBANK5     00058B
msgTrminVbat@TAB                              bssBANK5     0005C3
msgTrminVbat@TrMin                            cstackCOMRAM 000540
msgTrminVbat@Vbat                             cstackCOMRAM 000538
msgTrminVbat@Voltbat                          cstackCOMRAM 00053C
msgTrminVbat@trmin                            cstackCOMRAM 000536
msgTrminVbat@txMessage                        bssBANK5     0005AE
nanf@s                                        cstackCOMRAM 000510
nanf@u                                        cstackCOMRAM 000514
printf@ap                                     cstackCOMRAM 00053B
printf@fmt                                    cstackCOMRAM 000535
putch@txData                                  cstackCOMRAM 000511
puts@s                                        cstackCOMRAM 000512
rand16@max                                    cstackCOMRAM 000517
rand16@min                                    cstackCOMRAM 000515
skipws@c                                      cstackCOMRAM 00051E
skipws@fp                                     cstackCOMRAM 00051B
srand16@seed_init                             cstackCOMRAM 000510
sscanf@ap                                     cstackBANK6  00068D
sscanf@f                                      cstackBANK6  00068F
sscanf@fmt                                    cstackBANK5  0005DF
sscanf@ret                                    cstackBANK6  00068B
sscanf@s                                      cstackBANK5  0005DD
stackhi                                       (abs)        000000
stacklo                                       (abs)        000000
start                                         init         00001A
start_initialization                          cinit        0138EC
strncpy@cp                                    cstackCOMRAM 000516
strncpy@d                                     cstackCOMRAM 000510
strncpy@n                                     cstackCOMRAM 000514
strncpy@s                                     cstackCOMRAM 000512
strtof@_u                                     cstackBANK5  0005E4
strtof@digit                                  cstackBANK5  0005DE
strtof@dpos                                   cstackBANK5  0005DB
strtof@eexp                                   cstackBANK5  0005E2
strtof@err                                    cstackBANK5  0005DC
strtof@expon                                  cstackBANK5  0005E0
strtof@flags                                  cstackBANK5  0005DF
strtof@i                                      cstackBANK5  0005E8
strtof@res                                    cstackCOMRAM 000538
strtof@s                                      cstackCOMRAM 000536
strtof@xpos                                   cstackBANK5  0005DA
toupper@c                                     cstackCOMRAM 000510
ungetc@c                                      cstackCOMRAM 000510
ungetc@fp                                     cstackCOMRAM 000512
vfpfcnvrt@ap                                  cstackCOMRAM 00051F
vfpfcnvrt@c                                   cstackCOMRAM 00052C
vfpfcnvrt@convarg                             cstackCOMRAM 000528
vfpfcnvrt@cp                                  cstackCOMRAM 000525
vfpfcnvrt@cp_2471                             cstackCOMRAM 000523
vfpfcnvrt@done                                cstackCOMRAM 000527
vfpfcnvrt@fmt                                 cstackCOMRAM 00051D
vfpfcnvrt@fp                                  cstackCOMRAM 00051B
vfprintf@ap                                   cstackCOMRAM 000531
vfprintf@cfmt                                 cstackCOMRAM 000533
vfprintf@fmt                                  cstackCOMRAM 00052F
vfprintf@fp                                   cstackCOMRAM 00052D
vfscanf@ap                                    cstackBANK5  0005D5
vfscanf@cfmt                                  cstackBANK5  0005DB
vfscanf@fmt                                   cstackBANK5  0005D3
vfscanf@fp                                    cstackBANK5  0005D1
vfscanf@n                                     cstackBANK5  0005D9
vfscanf@saved_errno                           cstackBANK5  0005D7
vfsfcnvrt@ap                                  cstackCOMRAM 00053B
vfsfcnvrt@c                                   cstackBANK5  0005CF
vfsfcnvrt@cp                                  cstackBANK5  0005CD
vfsfcnvrt@fmt                                 cstackCOMRAM 000539
vfsfcnvrt@fp                                  cstackCOMRAM 000537


MODULE INFORMATION

Module		Function		Class		Link	Load	Size
mcc_generated_files/can1.c
		_ValidateTransmission		CODE           	12E7E	0000	210
		_CAN1_BitRateConfiguration		CODE           	14506	0000	18
		_CAN1_TX_FIFO_Configuration		CODE           	144E0	0000	20
		_CAN1_OperationModeGet		CODE           	14568	0000	10
		_CAN1_Initialize		CODE           	1419C	0000	70
		_CAN1_Transmit 		CODE           	137C8	0000	146
		_isTxChannel   		CODE           	142E8	0000	58
		_GetTxFifoStatus		CODE           	1449C	0000	24
		_WriteMessageToFifo		CODE           	12460	0000	550
		_CAN1_OperationModeSet		CODE           	13978	0000	134

mcc_generated_files/can1.c estimated size: 1240

C:\Program Files\Microchip\xc8\v3.10\pic\sources\c99\common\flge.c
		___flge        		CODE           	12C8E	0000	260

C:\Program Files\Microchip\xc8\v3.10\pic\sources\c99\common\flge.c estimated size: 260

C:\Program Files\Microchip\xc8\v3.10\pic\sources\c99\common\lwmod.c
		___lwmod       		CODE           	13E34	0000	100

C:\Program Files\Microchip\xc8\v3.10\pic\sources\c99\common\lwmod.c estimated size: 100

C:\Program Files\Microchip\xc8\v3.10\pic\sources\c99\common\awmod.c
		___awmod       		CODE           	13488	0000	174

C:\Program Files\Microchip\xc8\v3.10\pic\sources\c99\common\awmod.c estimated size: 174

C:\Program Files\Microchip\xc8\v3.10\pic\sources\c99\common\memcpy.c
		_memcpy        		CODE           	140AE	0000	80

C:\Program Files\Microchip\xc8\v3.10\pic\sources\c99\common\memcpy.c estimated size: 80

C:\Program Files\Microchip\xc8\v3.10\pic\sources\c99\common\doscan.c
		_vfsfcnvrt     		CODE           	114E6	0000	1102
		_atocs         		CODE           	1107A	0000	1132
		_vfscanf       		CODE           	12F50	0000	206
		_skipws        		CODE           	13D58	0000	114
		_atoc          		CODE           	12D92	0000	236

C:\Program Files\Microchip\xc8\v3.10\pic\sources\c99\common\doscan.c estimated size: 2790

mcc_generated_files/tmr2.c
		_TMR2_Initialize		CODE           	144B4	0000	22

mcc_generated_files/tmr2.c estimated size: 22

mcc_generated_files/interrupt_manager.c
		_INTERRUPT_Initialize		CODE           	14592	0000	4
		_INTERRUPT_InterruptManager		CODE           	135E0	0000	166

mcc_generated_files/interrupt_manager.c estimated size: 170

C:\Program Files\Microchip\xc8\v3.10\pic\sources\c99\common\abs.c
		_abs           		CODE           	1435A	0000	52

C:\Program Files\Microchip\xc8\v3.10\pic\sources\c99\common\abs.c estimated size: 52

C:\Program Files\Microchip\xc8\v3.10\pic\sources\c99\common\Umul32.c
		___lmul        		CODE           	13DCA	0000	106

C:\Program Files\Microchip\xc8\v3.10\pic\sources\c99\common\Umul32.c estimated size: 106

C:\Program Files\Microchip\xc8\v3.10\pic\sources\c99\common\nf_getc.c
		_fgetc         		CODE           	12B72	0000	284
		_ungetc        		CODE           	13324	0000	182

C:\Program Files\Microchip\xc8\v3.10\pic\sources\c99\common\nf_getc.c estimated size: 466

mcc_generated_files/pin_manager.c
		_PIN_MANAGER_Initialize		CODE           	13F5C	0000	86

mcc_generated_files/pin_manager.c estimated size: 86

C:\Program Files\Microchip\xc8\v3.10\pic\sources\c99\common\nanf.c
		_nanf          		CODE           	1445C	0000	34

C:\Program Files\Microchip\xc8\v3.10\pic\sources\c99\common\nanf.c estimated size: 34

C:\Program Files\Microchip\xc8\v3.10\pic\sources\c99\common\printf.c
		_printf        		CODE           	14436	0000	38

C:\Program Files\Microchip\xc8\v3.10\pic\sources\c99\common\printf.c estimated size: 38

rand.c
		_srand16       		CODE           	1455E	0000	10
		_rand16        		CODE           	13CE6	0000	114

rand.c estimated size: 124

C:\Program Files\Microchip\xc8\v3.10\pic\sources\c99\common\getch.c
		_getch         		CODE           	14586	0000	6

C:\Program Files\Microchip\xc8\v3.10\pic\sources\c99\common\getch.c estimated size: 6

C:\Program Files\Microchip\xc8\v3.10\pic\sources\c99\common\awdiv.c
		___awdiv       		CODE           	131AC	0000	192

C:\Program Files\Microchip\xc8\v3.10\pic\sources\c99\common\awdiv.c estimated size: 192

C:\Program Files\Microchip\xc8\v3.10\pic\sources\c99\common\atoi.c
		_atoi          		CODE           	12A38	0000	314

C:\Program Files\Microchip\xc8\v3.10\pic\sources\c99\common\atoi.c estimated size: 314

C:\Program Files\Microchip\xc8\v3.10\pic\sources\c99\common\sprcmul.c
		___flmul       		CODE           	11934	0000	1062

C:\Program Files\Microchip\xc8\v3.10\pic\sources\c99\common\sprcmul.c estimated size: 1062

C:\Program Files\Microchip\xc8\v3.10\pic\sources\c99\common\fleq.c
		___fleq        		CODE           	13536	0000	170

C:\Program Files\Microchip\xc8\v3.10\pic\sources\c99\common\fleq.c estimated size: 170

mcc_generated_files/uart1.c
		_UART1_Write   		CODE           	14006	0000	84
		_putch         		CODE           	14572	0000	10
		_UART1_SetFramingErrorHandler		CODE           	14542	0000	14
		_UART1_SetOverrunErrorHandler		CODE           	14534	0000	14
		_UART1_Receive_ISR		CODE           	130E8	0000	196
		_UART1_SetRxInterruptHandler		CODE           	14526	0000	14
		_UART1_SetTxInterruptHandler		CODE           	14518	0000	14
		_UART1_Initialize		CODE           	1385A	0000	146
		_UART1_SetErrorHandler		CODE           	14550	0000	14
		_UART1_Transmit_ISR		CODE           	1426A	0000	64
		_UART1_DefaultFramingErrorHandler		CODE           	1459A	0000	2
		_UART1_DefaultErrorHandler		CODE           	1458C	0000	6
		_UART1_RxDataHandler		CODE           	143E8	0000	40
		_UART1_DefaultOverrunErrorHandler		CODE           	14598	0000	2

mcc_generated_files/uart1.c estimated size: 620

C:\Program Files\Microchip\xc8\v3.10\pic\sources\c99\common\xxtofl.c
		___xxtofl      		CODE           	12884	0000	436

C:\Program Files\Microchip\xc8\v3.10\pic\sources\c99\common\xxtofl.c estimated size: 436

C:\Program Files\Microchip\xc8\v3.10\pic\sources\c99\common\sprcdiv.c
		___fldiv       		CODE           	11D5A	0000	912

C:\Program Files\Microchip\xc8\v3.10\pic\sources\c99\common\sprcdiv.c estimated size: 912

C:\Program Files\Microchip\xc8\v3.10\pic\sources\c99\common\puts.c
		_puts          		CODE           	141E2	0000	68

C:\Program Files\Microchip\xc8\v3.10\pic\sources\c99\common\puts.c estimated size: 68

C:\Program Files\Microchip\xc8\v3.10\pic\sources\c99\common\toupper.c
		_toupper       		CODE           	1438E	0000	46

C:\Program Files\Microchip\xc8\v3.10\pic\sources\c99\common\toupper.c estimated size: 46

shared
		i2_puts        		CODE           	14226	0000	68
		i2_putch       		CODE           	1457C	0000	10
		i2_strncpy     		CODE           	13B04	0000	130
		_FIFO          		MEDIUMCONST    	0000	0000	0
		_DLC_BYTES     		MEDIUMCONST    	FEF7	0000	9
		__initialization		CODE           	138EC	0000	134
		i2_UART1_Write 		CODE           	1405A	0000	84

shared estimated size: 435

mcc_generated_files/mcc.c
		_PMD_Initialize		CODE           	144CA	0000	22
		_OSCILLATOR_Initialize		CODE           	144F4	0000	18
		_SYSTEM_Initialize		CODE           	1447E	0000	30

mcc_generated_files/mcc.c estimated size: 70

GPS.c
		_GPSRxISR      		CODE           	1326C	0000	184
		_GPS_init      		CODE           	13C72	0000	116
		_GPGLL_Parser  		CODE           	133DA	0000	174

GPS.c estimated size: 474

C:\Program Files\Microchip\xc8\v3.10\pic\sources\c99\common\nf_fputc.c
		_fputc         		CODE           	1301E	0000	202

C:\Program Files\Microchip\xc8\v3.10\pic\sources\c99\common\nf_fputc.c estimated size: 202

CAN_format.c
		_msgDateTime   		CODE           	13686	0000	164
		_msgKmh        		CODE           	13E98	0000	98
		_msgLatitude   		CODE           	13BFC	0000	118
		_msgLongitude  		CODE           	13B86	0000	118
		_msgScreenSwitch		CODE           	142AA	0000	62
		_msgTrminVbat  		CODE           	139FE	0000	132

CAN_format.c estimated size: 692

C:\Program Files\Microchip\xc8\v3.10\pic\sources\c99\common\strncpy.c
		_strncpy       		CODE           	13A82	0000	130

C:\Program Files\Microchip\xc8\v3.10\pic\sources\c99\common\strncpy.c estimated size: 130

C:\Program Files\Microchip\xc8\v3.10\pic\sources\c99\common\flneg.c
		___flneg       		CODE           	14322	0000	56

C:\Program Files\Microchip\xc8\v3.10\pic\sources\c99\common\flneg.c estimated size: 56

C:\Program Files\Microchip\xc8\v3.10\pic\sources\c99\common\nf_sscanf.c
		_sscanf        		CODE           	1414E	0000	78

C:\Program Files\Microchip\xc8\v3.10\pic\sources\c99\common\nf_sscanf.c estimated size: 78

C:\Program Files\Microchip\xc8\v3.10\pic\sources\c99\common\isxdigit.c
		_isxdigit      		CODE           	13FB2	0000	84

C:\Program Files\Microchip\xc8\v3.10\pic\sources\c99\common\isxdigit.c estimated size: 84

C:\Program Files\Microchip\xc8\v3.10\pic\sources\c99\common\doprnt.c
		_vfpfcnvrt     		CODE           	120EA	0000	886
		_vfprintf      		CODE           	140FE	0000	80

C:\Program Files\Microchip\xc8\v3.10\pic\sources\c99\common\doprnt.c estimated size: 966

main.c
		_main          		CODE           	12686	0000	510

main.c estimated size: 510

RTC.c
		_getTime       		CODE           	1372A	0000	158
		_initDateTime  		CODE           	13EFA	0000	98

RTC.c estimated size: 256

C:\Program Files\Microchip\xc8\v3.10\pic\sources\c99\common\isdigit.c
		_isdigit       		CODE           	143BC	0000	44

C:\Program Files\Microchip\xc8\v3.10\pic\sources\c99\common\isdigit.c estimated size: 44

C:\Program Files\Microchip\xc8\v3.10\pic\sources\c99\common\Umul16.c
		___wmul        		CODE           	14410	0000	38

C:\Program Files\Microchip\xc8\v3.10\pic\sources\c99\common\Umul16.c estimated size: 38

C:\Program Files\Microchip\xc8\v3.10\pic\sources\c99\common\strtof.c
		_strtof        		CODE           	10000	0000	4218

C:\Program Files\Microchip\xc8\v3.10\pic\sources\c99\common\strtof.c estimated size: 4218

