Microchip MPLAB XC8 Compiler V3.10

Linker command line:

-W-3 \
  --edf=C:\Program Files\Microchip\xc8\v3.10\pic\dat\20250813170317_en.msgs \
  -pivt0x8=08h -cn -h+dist/default/debug\CAN_Transmitter.X.debug.sym \
  --cmf=dist/default/debug\CAN_Transmitter.X.debug.cmf -z -Q18F27Q84 \
  -oC:\Users\redsq\AppData\Local\Temp\xcAsl74.0\driver_tmp_3.o \
  --defsym=__MPLAB_BUILD=1 --fixupoverflow=error \
  -Mdist/default/debug/CAN_Transmitter.X.debug.map \
  --md=C:\Users\redsq\AppData\Local\Temp\xcAsl74.0\driver_tmp_0.dat -E1 \
  -ver=XC8 Compiler -ACODE=00h-01FFFFh -ACONST=00h-01FFFFh \
  -ASMALLCONST=04000h-040FFhx192,014000h-0140FFhx192 \
  -AMEDIUMCONST=04000h-0FFFFh,014000h-01FFFFh -ACOMRAM=0501h-055Fh \
  -AABS1=0500h-036FFh -ABIGRAM=0501h-036FFh \
  -ARAM=0560h-05FFh,0600h-06FFhx49 -ABANK5=0560h-05FFh -ABANK6=0600h-06FFh \
  -ABANK7=0700h-07FFh -ABANK8=0800h-08FFh -ABANK9=0900h-09FFh \
  -ABANK10=0A00h-0AFFh -ABANK11=0B00h-0BFFh -ABANK12=0C00h-0CFFh \
  -ABANK13=0D00h-0DFFh -ABANK14=0E00h-0EFFh -ABANK15=0F00h-0FFFh \
  -ABANK16=01000h-010FFh -ABANK17=01100h-011FFh -ABANK18=01200h-012FFh \
  -ABANK19=01300h-013FFh -ABANK20=01400h-014FFh -ABANK21=01500h-015FFh \
  -ABANK22=01600h-016FFh -ABANK23=01700h-017FFh -ABANK24=01800h-018FFh \
  -ABANK25=01900h-019FFh -ABANK26=01A00h-01AFFh -ABANK27=01B00h-01BFFh \
  -ABANK28=01C00h-01CFFh -ABANK29=01D00h-01DFFh -ABANK30=01E00h-01EFFh \
  -ABANK31=01F00h-01FFFh -ABANK32=02000h-020FFh -ABANK33=02100h-021FFh \
  -ABANK34=02200h-022FFh -ABANK35=02300h-023FFh -ABANK36=02400h-024FFh \
  -ABANK37=02500h-025FFh -ABANK38=02600h-026FFh -ABANK39=02700h-027FFh \
  -ABANK40=02800h-028FFh -ABANK41=02900h-029FFh -ABANK42=02A00h-02AFFh \
  -ABANK43=02B00h-02BFFh -ABANK44=02C00h-02CFFh -ABANK45=02D00h-02DFFh \
  -ABANK46=02E00h-02EFFh -ABANK47=02F00h-02FFFh -ABANK48=03000h-030FFh \
  -ABANK49=03100h-031FFh -ABANK50=03200h-032FFh -ABANK51=03300h-033FFh \
  -ABANK52=03400h-034FFh -ABANK53=03500h-035FFh -ABANK54=03600h-036FFh \
  -ASFR=00h-0FFhx4,0400h-045Fh,0460h-04FFh,03700h-037FFhx9 \
  -ABIGSFR=00h-04FFh,03700h-03FFFh -ACONFIG=0300000h-0300023h \
  -AIDLOC=0200000h-020003Fh -AEEDATA=0380000h-03803FFh -peeprom_data=EEDATA \
  -preset_vec=00h -ppowerup=CODE,init -pramtop=04000h \
  -psmallconst=SMALLCONST -pmediumconst=MEDIUMCONST -pconst=CONST \
  -AFARRAM=00h-00h \
  -prdata=COMRAM,nvrram=COMRAM,nvbit=COMRAM,rbss=COMRAM,rbit=COMRAM \
  -pfarbss=FARRAM,fardata=FARRAM,nvFARRAM=FARRAM \
  -pintsave_regs=BIGRAM,bigbss=BIGRAM,bigdata=BIGRAM -pbss=RAM \
  -pidata=CODE,irdata=CODE,ibigdata=CODE,ifardata=CODE -prparam=COMRAM \
  C:\Users\redsq\AppData\Local\Temp\xcAsl74.0\driver_tmp_19.o \
  dist/default/debug\CAN_Transmitter.X.debug.o 

Object code version is 3.11

Machine type is 18F27Q84



                Name                               Link     Load   Length Selector   Space Scale
C:\Users\redsq\AppData\Local\Temp\xcAsl74.0\driver_tmp_19.o
                config                           300000   300000       1F        0       4
                init                                 1A       1A        4        4       0
                reset_vec                             0        0        6        0       0
dist/default/debug\CAN_Transmitter.X.debug.o
                config                           300000   300000       1F        0       4
                mediumconst                        FEF6     FEF6      10A     7F7B       0
                ivt0x8                                8        8       12        4       0
                text81                            13A74    13A74       82     8000       0
                text80                            13FCA    13FCA       54     8000       0
                text79                            144EC    144EC        A     8000       0
                text78                            14196    14196       44     8000       0
                text77                            14358    14358       28     8000       0
                text76                            144FC    144FC        6     8000       0
                text75                            1450A    1450A        2     8000       0
                text74                            14508    14508        2     8000       0
                text73                            130E8    130E8       C4     8000       0
                text72                            1347E    1347E       AC     8000       0
                text71                            141DA    141DA       40     8000       0
                text70                            135D4    135D4       A6     8000       0
                text69                            131AC    131AC       C0     8000       0
                text68                            133D0    133D0       AE     8000       0
                text67                            142CA    142CA       34     8000       0
                text66                            13F76    13F76       54     8000       0
                text65                            144E2    144E2        A     8000       0
                text64                            1301E    1301E       CA     8000       0
                text63                            120EA    120EA      376     8000       0
                text62                            1406E    1406E       50     8000       0
                text61                            143A6    143A6       26     8000       0
                text60                            144F6    144F6        6     8000       0
                text59                            12B72    12B72      11C     8000       0
                text58                            12D92    12D92       EC     8000       0
                text57                            1326C    1326C       B6     8000       0
                text56                            1107A    1107A      46C     8000       0
                text55                            12A38    12A38      13A     8000       0
                text54                            13CC8    13CC8       72     8000       0
                text53                            114E6    114E6      44E     8000       0
                text52                            12F50    12F50       CE     8000       0
                text51                            140BE    140BE       4E     8000       0
                text50                            13322    13322       AE     8000       0
                text49                            14152    14152       44     8000       0
                text48                            13BE2    13BE2       74     8000       0
                text47                            14476    14476       12     8000       0
                text46                            144D8    144D8        A     8000       0
                text45                            1396A    1396A       86     8000       0
                text44                            14450    14450       14     8000       0
                text43                            1410C    1410C       46     8000       0
                text42                            14502    14502        4     8000       0
                text41                            14464    14464       12     8000       0
                text40                            13ECC    13ECC       56     8000       0
                text39                            1443A    1443A       16     8000       0
                text38                            14424    14424       16     8000       0
                text37                            144C0    144C0        E     8000       0
                text36                            144B2    144B2        E     8000       0
                text35                            144A4    144A4        E     8000       0
                text34                            14496    14496        E     8000       0
                text33                            14488    14488        E     8000       0
                text32                            1384E    1384E       90     8000       0
                text31                            143EE    143EE       1E     8000       0
                text30                            1371E    1371E       9E     8000       0
                text29                            13E6A    13E6A       62     8000       0
                text28                            1440C    1440C       18     8000       0
                text27                            12E7E    12E7E       D2     8000       0
                text26                            1401E    1401E       50     8000       0
                text25                            12460    12460      226     8000       0
                text24                            14258    14258       3A     8000       0
                text23                            137BC    137BC       92     8000       0
                text22                            1367A    1367A       A4     8000       0
                text21                            13E08    13E08       62     8000       0
                text20                            11D5A    11D5A      390     8000       0
                text19                            1352A    1352A       AA     8000       0
                text18                            12C8E    12C8E      104     8000       0
                text17                            11934    11934      426     8000       0
                text16                            14292    14292       38     8000       0
                text15                            13D3A    13D3A       6A     8000       0
                text14                            14380    14380       26     8000       0
                text13                            12884    12884      1B4     8000       0
                text12                            1432C    1432C       2C     8000       0
                text11                            13F22    13F22       54     8000       0
                text10                            143CC    143CC       22     8000       0
                text9                             142FE    142FE       2E     8000       0
                text8                             10000    10000     107A     8000       0
                text7                             13B6C    13B6C       76     8000       0
                text6                             13AF6    13AF6       76     8000       0
                text5                             1421A    1421A       3E     8000       0
                text4                             139F0    139F0       84     8000       0
                text3                             13DA4    13DA4       64     8000       0
                text2                             13C56    13C56       72     8000       0
                text1                             144CE    144CE        A     8000       0
                text0                             12686    12686      1FE     8000       0
                cstackCOMRAM                        501      501       3F      501       1
                cstackBANK5                         5CB      5CB       28      560       1
                cstackBANK6                         68D      68D        F      600       1
                bssBANK9                            900      900      100      900       1
                bssBANK8                            800      800      100      800       1
                bssBANK7                            700      700      100      700       1
                bssBANK6                            600      600       8D      600       1
                bssBANK5                            560      560       6B      560       1
                dataCOMRAM                          54E      54E        2      501       1
                bssCOMRAM                           540      540        E      501       1
                cinit                             138DE    138DE       8C     8000       0
                nvBANK6                             69C      69C        3      600       1
                nvBANK5                             5F3      5F3        C      560       1
                idataCOMRAM                       14506    14506        2     8000       0

TOTAL           Name                               Link     Load   Length     Space
        CLASS   CODE           
                init                                 1A       1A        4         0
                reset_vec                             0        0        6         0
                ivt0x8                                8        8       12         0
                text81                            13A74    13A74       82         0
                text80                            13FCA    13FCA       54         0
                text79                            144EC    144EC        A         0
                text78                            14196    14196       44         0
                text77                            14358    14358       28         0
                text76                            144FC    144FC        6         0
                text75                            1450A    1450A        2         0
                text74                            14508    14508        2         0
                text73                            130E8    130E8       C4         0
                text72                            1347E    1347E       AC         0
                text71                            141DA    141DA       40         0
                text70                            135D4    135D4       A6         0
                text69                            131AC    131AC       C0         0
                text68                            133D0    133D0       AE         0
                text67                            142CA    142CA       34         0
                text66                            13F76    13F76       54         0
                text65                            144E2    144E2        A         0
                text64                            1301E    1301E       CA         0
                text63                            120EA    120EA      376         0
                text62                            1406E    1406E       50         0
                text61                            143A6    143A6       26         0
                text60                            144F6    144F6        6         0
                text59                            12B72    12B72      11C         0
                text58                            12D92    12D92       EC         0
                text57                            1326C    1326C       B6         0
                text56                            1107A    1107A      46C         0
                text55                            12A38    12A38      13A         0
                text54                            13CC8    13CC8       72         0
                text53                            114E6    114E6      44E         0
                text52                            12F50    12F50       CE         0
                text51                            140BE    140BE       4E         0
                text50                            13322    13322       AE         0
                text49                            14152    14152       44         0
                text48                            13BE2    13BE2       74         0
                text47                            14476    14476       12         0
                text46                            144D8    144D8        A         0
                text45                            1396A    1396A       86         0
                text44                            14450    14450       14         0
                text43                            1410C    1410C       46         0
                text42                            14502    14502        4         0
                text41                            14464    14464       12         0
                text40                            13ECC    13ECC       56         0
                text39                            1443A    1443A       16         0
                text38                            14424    14424       16         0
                text37                            144C0    144C0        E         0
                text36                            144B2    144B2        E         0
                text35                            144A4    144A4        E         0
                text34                            14496    14496        E         0
                text33                            14488    14488        E         0
                text32                            1384E    1384E       90         0
                text31                            143EE    143EE       1E         0
                text30                            1371E    1371E       9E         0
                text29                            13E6A    13E6A       62         0
                text28                            1440C    1440C       18         0
                text27                            12E7E    12E7E       D2         0
                text26                            1401E    1401E       50         0
                text25                            12460    12460      226         0
                text24                            14258    14258       3A         0
                text23                            137BC    137BC       92         0
                text22                            1367A    1367A       A4         0
                text21                            13E08    13E08       62         0
                text20                            11D5A    11D5A      390         0
                text19                            1352A    1352A       AA         0
                text18                            12C8E    12C8E      104         0
                text17                            11934    11934      426         0
                text16                            14292    14292       38         0
                text15                            13D3A    13D3A       6A         0
                text14                            14380    14380       26         0
                text13                            12884    12884      1B4         0
                text12                            1432C    1432C       2C         0
                text11                            13F22    13F22       54         0
                text10                            143CC    143CC       22         0
                text9                             142FE    142FE       2E         0
                text8                             10000    10000     107A         0
                text7                             13B6C    13B6C       76         0
                text6                             13AF6    13AF6       76         0
                text5                             1421A    1421A       3E         0
                text4                             139F0    139F0       84         0
                text3                             13DA4    13DA4       64         0
                text2                             13C56    13C56       72         0
                text1                             144CE    144CE        A         0
                text0                             12686    12686      1FE         0
                cinit                             138DE    138DE       8C         0
                idataCOMRAM                       14506    14506        2         0

        CLASS   CONST          

        CLASS   SMALLCONST     

        CLASS   MEDIUMCONST    
                mediumconst                        FEF6     FEF6      10A         0

        CLASS   COMRAM         
                cstackCOMRAM                        501      501       3F         1
                dataCOMRAM                          54E      54E        2         1
                bssCOMRAM                           540      540        E         1

        CLASS   ABS1           

        CLASS   BIGRAM         

        CLASS   RAM            

        CLASS   BANK5          
                cstackBANK5                         5CB      5CB       28         1
                bssBANK5                            560      560       6B         1
                nvBANK5                             5F3      5F3        C         1

        CLASS   BANK6          
                cstackBANK6                         68D      68D        F         1
                bssBANK6                            600      600       8D         1
                nvBANK6                             69C      69C        3         1

        CLASS   BANK7          
                bssBANK7                            700      700      100         1

        CLASS   BANK8          
                bssBANK8                            800      800      100         1

        CLASS   BANK9          
                bssBANK9                            900      900      100         1

        CLASS   BANK10         

        CLASS   BANK11         

        CLASS   BANK12         

        CLASS   BANK13         

        CLASS   BANK14         

        CLASS   BANK15         

        CLASS   BANK16         

        CLASS   BANK17         

        CLASS   BANK18         

        CLASS   BANK19         

        CLASS   BANK20         

        CLASS   BANK21         

        CLASS   BANK22         

        CLASS   BANK23         

        CLASS   BANK24         

        CLASS   BANK25         

        CLASS   BANK26         

        CLASS   BANK27         

        CLASS   BANK28         

        CLASS   BANK29         

        CLASS   BANK30         

        CLASS   BANK31         

        CLASS   BANK32         

        CLASS   BANK33         

        CLASS   BANK34         

        CLASS   BANK35         

        CLASS   BANK36         

        CLASS   BANK37         

        CLASS   BANK38         

        CLASS   BANK39         

        CLASS   BANK40         

        CLASS   BANK41         

        CLASS   BANK42         

        CLASS   BANK43         

        CLASS   BANK44         

        CLASS   BANK45         

        CLASS   BANK46         

        CLASS   BANK47         

        CLASS   BANK48         

        CLASS   BANK49         

        CLASS   BANK50         

        CLASS   BANK51         

        CLASS   BANK52         

        CLASS   BANK53         

        CLASS   BANK54         

        CLASS   SFR            

        CLASS   BIGSFR         

        CLASS   CONFIG         
                config                           300000   300000       1F         4

        CLASS   IDLOC          

        CLASS   EEDATA         

        CLASS   FARRAM         

        CLASS   HEAP           

        CLASS   STACK          



SEGMENTS        Name                           Load    Length   Top    Selector   Space  Class

                reset_vec                      000000  000006  000006         0       0  CODE    
                ivt0x8                         000008  000016  00001E         4       0  CODE    
                cstackCOMRAM                   000501  00004F  000550       501       1  COMRAM  
                bssBANK5                       000560  00009F  0005FF       560       1  BANK5   
                bssBANK6                       000600  00009F  00069F       600       1  BANK6   
                bssBANK7                       000700  000100  000800       700       1  BANK7   
                bssBANK8                       000800  000100  000900       800       1  BANK8   
                bssBANK9                       000900  000100  000A00       900       1  BANK9   
                mediumconst                    00FEF6  00010A  010000      7F7B       0  MEDIUMCO
                text8                          010000  00450C  01450C      8000       0  CODE    


UNUSED ADDRESS RANGES

        Name                Unused          Largest block    Delta
        BANK10           000A00-000AFF              100
        BANK11           000B00-000BFF              100
        BANK12           000C00-000CFF              100
        BANK13           000D00-000DFF              100
        BANK14           000E00-000EFF              100
        BANK15           000F00-000FFF              100
        BANK16           001000-0010FF              100
        BANK17           001100-0011FF              100
        BANK18           001200-0012FF              100
        BANK19           001300-0013FF              100
        BANK20           001400-0014FF              100
        BANK21           001500-0015FF              100
        BANK22           001600-0016FF              100
        BANK23           001700-0017FF              100
        BANK24           001800-0018FF              100
        BANK25           001900-0019FF              100
        BANK26           001A00-001AFF              100
        BANK27           001B00-001BFF              100
        BANK28           001C00-001CFF              100
        BANK29           001D00-001DFF              100
        BANK30           001E00-001EFF              100
        BANK31           001F00-001FFF              100
        BANK32           002000-0020FF              100
        BANK33           002100-0021FF              100
        BANK34           002200-0022FF              100
        BANK35           002300-0023FF              100
        BANK36           002400-0024FF              100
        BANK37           002500-0025FF              100
        BANK38           002600-0026FF              100
        BANK39           002700-0027FF              100
        BANK40           002800-0028FF              100
        BANK41           002900-0029FF              100
        BANK42           002A00-002AFF              100
        BANK43           002B00-002BFF              100
        BANK44           002C00-002CFF              100
        BANK45           002D00-002DFF              100
        BANK46           002E00-002EFF              100
        BANK47           002F00-002FFF              100
        BANK48           003000-0030FF              100
        BANK49           003100-0031FF              100
        BANK5            0005FF-0005FF                1
        BANK50           003200-0032FF              100
        BANK51           003300-0033FF              100
        BANK52           003400-0034FF              100
        BANK53           003500-0035FF              100
        BANK54           003600-0036FF              100
        BANK6            00069F-0006FF               61
        BIGRAM           000550-00055F               10
                         0005FF-0005FF                1
                         00069F-0006FF               61
                         000A00-0036FF             2D00
        BIGSFR           000000-0004FF              500
                         003700-003FFF              900
        CODE             000006-000007                2
                         00001E-00FEF5             FED8
                         01450C-01FFFF             BAF4
        COMRAM           000550-00055F               10
        CONFIG           30001F-300023                5
        CONST            000006-000007                2
                         00001E-00FEF5             FED8
                         01450C-01FFFF             BAF4
        EEDATA           380000-3803FF              400
        IDLOC            200000-20003F               40
        MEDIUMCONST      004000-00FEF5             BEF6
                         01450C-01FFFF             BAF4
        RAM              0005FF-0005FF                1
                         00069F-0006FF               61
                         000A00-0036FF              100
        SFR              000000-0004FF              100
                         003700-003FFF              100
        SMALLCONST       004000-00FEF5              100
                         01450C-01FFFF              100

                                  Symbol Table

?___awdiv                                     cstackCOMRAM 000511
?___awmod                                     cstackCOMRAM 000511
?___fldiv                                     cstackCOMRAM 00052B
?___flmul                                     cstackCOMRAM 000511
?___flneg                                     cstackCOMRAM 000511
?___lmul                                      cstackCOMRAM 000511
?___lwmod                                     cstackCOMRAM 000511
?___wmul                                      cstackCOMRAM 000511
?___xxtofl                                    cstackCOMRAM 00051D
?_abs                                         cstackCOMRAM 000517
?_atoc                                        cstackCOMRAM 00051C
?_atocs                                       cstackCOMRAM 00051C
?_atoi                                        cstackCOMRAM 000511
?_fgetc                                       cstackCOMRAM 000513
?_getch                                       cstackCOMRAM 000511
?_isdigit                                     cstackCOMRAM 000511
?_isxdigit                                    cstackCOMRAM 000511
?_nanf                                        cstackCOMRAM 000511
?_printf                                      cstackCOMRAM 000536
?_rand16                                      cstackCOMRAM 000516
?_sscanf                                      cstackBANK5  0005DB
?_strtof                                      cstackCOMRAM 000537
?_toupper                                     cstackCOMRAM 000511
?_vfprintf                                    cstackCOMRAM 00052E
?_vfscanf                                     cstackBANK5  0005CF
?_vfsfcnvrt                                   cstackCOMRAM 000538
CAN1_OperationModeSet@opMode                  cstackCOMRAM 000511
CAN1_OperationModeSet@requestMode             cstackCOMRAM 000513
CAN1_OperationModeSet@status                  cstackCOMRAM 000512
CAN1_Transmit@fifoChannel                     cstackCOMRAM 00052B
CAN1_Transmit@status                          cstackCOMRAM 00052A
CAN1_Transmit@txCanMsg                        cstackCOMRAM 000526
CAN1_Transmit@txFifoObj                       cstackCOMRAM 000528
GPGLL_Parser@GpsMsg                           cstackBANK5  0005ED
GPGLL_Parser@GpsMsgToParse                    cstackBANK5  0005EB
GPGLL_Parser@ret                              cstackBANK5  0005EF
GPSRxISR@UART_strt_receiving                  cstackCOMRAM 000509
GPSRxISR@UART_tmp                             cstackCOMRAM 00050A
GetTxFifoStatus@validChannel                  cstackCOMRAM 000511
IVTBASEH                                      (abs)        00045E
IVTBASEL                                      (abs)        00045D
IVTBASEU                                      (abs)        00045F
UART1_SetErrorHandler@interruptHandler        cstackCOMRAM 000511
UART1_SetFramingErrorHandler@interruptHandler cstackCOMRAM 000511
UART1_SetOverrunErrorHandler@interruptHandler cstackCOMRAM 000511
UART1_SetRxInterruptHandler@InterruptHandler  cstackCOMRAM 000511
UART1_SetTxInterruptHandler@InterruptHandler  cstackCOMRAM 000511
UART1_Write@txData                            cstackCOMRAM 000511
ValidateTransmission@field                    cstackCOMRAM 000517
ValidateTransmission@txCanMsg                 cstackCOMRAM 000512
ValidateTransmission@txMsgStatus              cstackCOMRAM 000516
ValidateTransmission@validChannel             cstackCOMRAM 000515
WriteMessageToFifo@msgId                      cstackCOMRAM 000522
WriteMessageToFifo@status                     cstackCOMRAM 000521
WriteMessageToFifo@txCanMsg                   cstackCOMRAM 00051E
WriteMessageToFifo@txFifoObj                  cstackCOMRAM 00051C
_ANSELA                                       (abs)        000400
_ANSELB                                       (abs)        000408
_ANSELC                                       (abs)        000410
_C1CONH                                       (abs)        000101
_C1CONHbits                                   (abs)        000101
_C1CONL                                       (abs)        000100
_C1CONTbits                                   (abs)        000103
_C1CONU                                       (abs)        000102
_C1CONUbits                                   (abs)        000102
_C1FIFOBA                                     (abs)        00014C
_C1FIFOCON1H                                  (abs)        00015D
_C1FIFOCON1L                                  (abs)        00015C
_C1FIFOCON1T                                  (abs)        00015F
_C1FIFOCON1U                                  (abs)        00015E
_C1INTHbits                                   (abs)        00011D
_C1INTTbits                                   (abs)        00011F
_C1NBTCFGH                                    (abs)        000105
_C1NBTCFGL                                    (abs)        000104
_C1NBTCFGT                                    (abs)        000107
_C1NBTCFGU                                    (abs)        000106
_C1TRECUbits                                  (abs)        000136
_C1TXQCONL                                    (abs)        000150
_CAN1_BitRateConfiguration                    text47       014476
_CAN1_Initialize                              text43       01410C
_CAN1_OperationModeGet                        text46       0144D8
_CAN1_OperationModeSet                        text45       01396A
_CAN1_TX_FIFO_Configuration                   text44       014450
_CAN1_Transmit                                text23       0137BC
_CANRXPPS                                     (abs)        00023D
_DLC_BYTES                                    mediumconst  00FEF7
_GPGLL_Parser                                 text50       013322
_GPSMessage                                   bssBANK7     000780
_GPSMessage_safe                              bssBANK8     000880
_GPSRxBuffer                                  bssBANK8     000800
_GPSRxBuffer@GPS$F1348                        bssBANK9     000980
_GPSRxBuffer@GPS$F1531                        bssBANK9     000900
_GPSRxBuffer@GPS$F1614                        bssBANK7     000700
_GPSRxCnt                                     bssBANK5     000588
_GPSRxCnt@GPS$F1350                           bssBANK5     000587
_GPSRxCnt@GPS$F1533                           bssBANK5     000586
_GPSRxCnt@GPS$F1616                           bssCOMRAM    000544
_GPSRxISR                                     text72       01347E
_GPSRxReady                                   bssCOMRAM    000545
_GPS_init                                     text48       013BE2
_GetTxFifoStatus                              text28       01440C
_GpsMsg                                       bssBANK6     000640
_INLVLA                                       (abs)        000404
_INLVLB                                       (abs)        00040C
_INLVLC                                       (abs)        000414
_INLVLE                                       (abs)        000424
_INTCON0bits                                  (abs)        0004D6
_INTERRUPT_Initialize                         text42       014502
_INTERRUPT_InterruptManager                   text70       0135D4
_LATA                                         (abs)        0004BE
_LATAbits                                     (abs)        0004BE
_LATB                                         (abs)        0004BF
_LATBbits                                     (abs)        0004BF
_LATC                                         (abs)        0004C0
_ODCONA                                       (abs)        000402
_ODCONB                                       (abs)        00040A
_ODCONC                                       (abs)        000412
_OSCCON1                                      (abs)        0000AD
_OSCCON3                                      (abs)        0000AF
_OSCEN                                        (abs)        0000B3
_OSCFRQ                                       (abs)        0000B1
_OSCILLATOR_Initialize                        text41       014464
_OSCTUNE                                      (abs)        0000B0
_PIE4bits                                     (abs)        0004A2
_PIN_MANAGER_Initialize                       text40       013ECC
_PIR3bits                                     (abs)        0004B1
_PIR4bits                                     (abs)        0004B2
_PMD0                                         (abs)        000060
_PMD1                                         (abs)        000061
_PMD2                                         (abs)        000062
_PMD3                                         (abs)        000063
_PMD4                                         (abs)        000064
_PMD5                                         (abs)        000065
_PMD6                                         (abs)        000066
_PMD7                                         (abs)        000067
_PMD8                                         (abs)        000068
_PMD_Initialize                               text39       01443A
_PR2                                          (abs)        000323
_RB4PPS                                       (abs)        00020D
_RC3PPS                                       (abs)        000214
_SLRCONA                                      (abs)        000403
_SLRCONB                                      (abs)        00040B
_SLRCONC                                      (abs)        000413
_SYSTEM_Initialize                            text31       0143EE
_T2CLKCON                                     (abs)        000326
_T2CON                                        (abs)        000324
_T2CONbits                                    (abs)        000324
_T2HLT                                        (abs)        000325
_T2HLTbits                                    (abs)        000325
_T2PR                                         (abs)        000323
_T2RST                                        (abs)        000327
_T2RSTbits                                    (abs)        000327
_T2TMR                                        (abs)        000322
_TMR2                                         (abs)        000322
_TMR2_Initialize                              text38       014424
_TRISA                                        (abs)        0004C6
_TRISB                                        (abs)        0004C7
_TRISC                                        (abs)        0004C8
_TRISE                                        (abs)        0004CA
_U1BRGH                                       (abs)        0002AF
_U1BRGL                                       (abs)        0002AE
_U1CON0                                       (abs)        0002AB
_U1CON1                                       (abs)        0002AC
_U1CON2                                       (abs)        0002AD
_U1ERRIE                                      (abs)        0002B3
_U1ERRIR                                      (abs)        0002B2
_U1ERRIRbits                                  (abs)        0002B2
_U1FIFO                                       (abs)        0002B0
_U1P1H                                        (abs)        0002A6
_U1P1L                                        (abs)        0002A5
_U1P2H                                        (abs)        0002A8
_U1P2L                                        (abs)        0002A7
_U1P3H                                        (abs)        0002AA
_U1P3L                                        (abs)        0002A9
_U1RXB                                        (abs)        0002A1
_U1RXPPS                                      (abs)        000272
_U1TXB                                        (abs)        0002A3
_U1UIR                                        (abs)        0002B1
_UART1_DefaultErrorHandler                    text76       0144FC
_UART1_DefaultFramingErrorHandler             text75       01450A
_UART1_DefaultOverrunErrorHandler             text74       014508
_UART1_ErrorHandler                           nvBANK6      00069C
_UART1_FramingErrorHandler                    nvBANK5      0005F6
_UART1_Initialize                             text32       01384E
_UART1_OverrunErrorHandler                    nvBANK5      0005F3
_UART1_Receive_ISR                            text73       0130E8
_UART1_RxDataHandler                          text77       014358
_UART1_RxInterruptHandler                     nvBANK5      0005FC
_UART1_SetErrorHandler                        text37       0144C0
_UART1_SetFramingErrorHandler                 text36       0144B2
_UART1_SetOverrunErrorHandler                 text35       0144A4
_UART1_SetRxInterruptHandler                  text34       014496
_UART1_SetTxInterruptHandler                  text33       014488
_UART1_Transmit_ISR                           text71       0141DA
_UART1_TxInterruptHandler                     nvBANK5      0005F9
_UART1_Write                                  text66       013F76
_ValidateTransmission                         text27       012E7E
_WPUA                                         (abs)        000401
_WPUB                                         (abs)        000409
_WPUC                                         (abs)        000411
_WPUE                                         (abs)        000421
_WriteMessageToFifo                           text25       012460
__HRAM                                        (abs)        000000
__H__absolute__                               __absolute__ 000000
__Habs1                                       abs1         000000
__Hbank10                                     bank10       000000
__Hbank11                                     bank11       000000
__Hbank12                                     bank12       000000
__Hbank13                                     bank13       000000
__Hbank14                                     bank14       000000
__Hbank15                                     bank15       000000
__Hbank16                                     bank16       000000
__Hbank17                                     bank17       000000
__Hbank18                                     bank18       000000
__Hbank19                                     bank19       000000
__Hbank20                                     bank20       000000
__Hbank21                                     bank21       000000
__Hbank22                                     bank22       000000
__Hbank23                                     bank23       000000
__Hbank24                                     bank24       000000
__Hbank25                                     bank25       000000
__Hbank26                                     bank26       000000
__Hbank27                                     bank27       000000
__Hbank28                                     bank28       000000
__Hbank29                                     bank29       000000
__Hbank30                                     bank30       000000
__Hbank31                                     bank31       000000
__Hbank32                                     bank32       000000
__Hbank33                                     bank33       000000
__Hbank34                                     bank34       000000
__Hbank35                                     bank35       000000
__Hbank36                                     bank36       000000
__Hbank37                                     bank37       000000
__Hbank38                                     bank38       000000
__Hbank39                                     bank39       000000
__Hbank40                                     bank40       000000
__Hbank41                                     bank41       000000
__Hbank42                                     bank42       000000
__Hbank43                                     bank43       000000
__Hbank44                                     bank44       000000
__Hbank45                                     bank45       000000
__Hbank46                                     bank46       000000
__Hbank47                                     bank47       000000
__Hbank48                                     bank48       000000
__Hbank49                                     bank49       000000
__Hbank5                                      bank5        000000
__Hbank50                                     bank50       000000
__Hbank51                                     bank51       000000
__Hbank52                                     bank52       000000
__Hbank53                                     bank53       000000
__Hbank54                                     bank54       000000
__Hbank6                                      bank6        000000
__Hbank7                                      bank7        000000
__Hbank8                                      bank8        000000
__Hbank9                                      bank9        000000
__Hbigbss                                     bigbss       000000
__Hbigdata                                    bigdata      000000
__Hbigram                                     bigram       000000
__Hbigsfr                                     bigsfr       000000
__Hbss                                        bss          000000
__HbssBANK5                                   bssBANK5     000000
__HbssBANK6                                   bssBANK6     000000
__HbssBANK7                                   bssBANK7     000000
__HbssBANK8                                   bssBANK8     000000
__HbssBANK9                                   bssBANK9     000000
__HbssCOMRAM                                  bssCOMRAM    000000
__Hcinit                                      cinit        000000
__Hclrtext                                    clrtext      000000
__Hcomram                                     comram       000000
__Hconfig                                     config       30001F
__Hconst                                      const        000000
__HcstackBANK5                                cstackBANK5  000000
__HcstackBANK6                                cstackBANK6  000000
__HcstackCOMRAM                               cstackCOMRAM 000000
__Hdata                                       data         000000
__HdataCOMRAM                                 dataCOMRAM   000000
__Heeprom_data                                eeprom_data  000000
__Hfarbss                                     farbss       000000
__Hfardata                                    fardata      000000
__Hheap                                       heap         000000
__Hibigdata                                   ibigdata     000000
__Hidata                                      idata        000000
__HidataCOMRAM                                idataCOMRAM  000000
__Hidloc                                      idloc        000000
__Hifardata                                   ifardata     000000
__Hinit                                       init         00001E
__Hintsave_regs                               intsave_regs 000000
__Hirdata                                     irdata       000000
__Hivt0x8                                     ivt0x8       00001A
__Hmediumconst                                mediumconst  010000
__HnvBANK5                                    nvBANK5      000000
__HnvBANK6                                    nvBANK6      000000
__HnvFARRAM                                   nvFARRAM     000000
__Hnvbit                                      nvbit        000000
__Hnvrram                                     nvrram       000000
__Hparam                                      rparam       000000
__Hpowerup                                    powerup      000000
__Hram                                        ram          000000
__Hramtop                                     ramtop       004000
__Hrbit                                       rbit         000000
__Hrbss                                       rbss         000000
__Hrdata                                      rdata        000000
__Hreset_vec                                  reset_vec    000006
__Hrparam                                     rparam       000000
__Hsfr                                        sfr          000000
__Hsmallconst                                 smallconst   000000
__Hspace_0                                    (abs)        01450C
__Hspace_1                                    (abs)        000A00
__Hspace_2                                    (abs)        000000
__Hspace_4                                    (abs)        60001F
__Hstack                                      stack        000000
__Hstruct                                     struct       000000
__Htemp                                       temp         000000
__Htext                                       text         000000
__Htext0                                      text0        000000
__Htext1                                      text1        000000
__Htext10                                     text10       000000
__Htext11                                     text11       000000
__Htext12                                     text12       000000
__Htext13                                     text13       000000
__Htext14                                     text14       000000
__Htext15                                     text15       000000
__Htext16                                     text16       000000
__Htext17                                     text17       000000
__Htext18                                     text18       000000
__Htext19                                     text19       000000
__Htext2                                      text2        000000
__Htext20                                     text20       000000
__Htext21                                     text21       000000
__Htext22                                     text22       000000
__Htext23                                     text23       000000
__Htext24                                     text24       000000
__Htext25                                     text25       000000
__Htext26                                     text26       000000
__Htext27                                     text27       000000
__Htext28                                     text28       000000
__Htext29                                     text29       000000
__Htext3                                      text3        000000
__Htext30                                     text30       000000
__Htext31                                     text31       000000
__Htext32                                     text32       000000
__Htext33                                     text33       000000
__Htext34                                     text34       000000
__Htext35                                     text35       000000
__Htext36                                     text36       000000
__Htext37                                     text37       000000
__Htext38                                     text38       000000
__Htext39                                     text39       000000
__Htext4                                      text4        000000
__Htext40                                     text40       000000
__Htext41                                     text41       000000
__Htext42                                     text42       000000
__Htext43                                     text43       000000
__Htext44                                     text44       000000
__Htext45                                     text45       000000
__Htext46                                     text46       000000
__Htext47                                     text47       000000
__Htext48                                     text48       000000
__Htext49                                     text49       000000
__Htext5                                      text5        000000
__Htext50                                     text50       000000
__Htext51                                     text51       000000
__Htext52                                     text52       000000
__Htext53                                     text53       000000
__Htext54                                     text54       000000
__Htext55                                     text55       000000
__Htext56                                     text56       000000
__Htext57                                     text57       000000
__Htext58                                     text58       000000
__Htext59                                     text59       000000
__Htext6                                      text6        000000
__Htext60                                     text60       000000
__Htext61                                     text61       000000
__Htext62                                     text62       000000
__Htext63                                     text63       000000
__Htext64                                     text64       000000
__Htext65                                     text65       000000
__Htext66                                     text66       000000
__Htext67                                     text67       000000
__Htext68                                     text68       000000
__Htext69                                     text69       000000
__Htext7                                      text7        000000
__Htext70                                     text70       000000
__Htext71                                     text71       000000
__Htext72                                     text72       000000
__Htext73                                     text73       000000
__Htext74                                     text74       000000
__Htext75                                     text75       000000
__Htext76                                     text76       000000
__Htext77                                     text77       000000
__Htext78                                     text78       000000
__Htext79                                     text79       000000
__Htext8                                      text8        000000
__Htext80                                     text80       000000
__Htext81                                     text81       000000
__Htext9                                      text9        000000
__LRAM                                        (abs)        000001
__L__absolute__                               __absolute__ 000000
__Labs1                                       abs1         000000
__Lbank10                                     bank10       000000
__Lbank11                                     bank11       000000
__Lbank12                                     bank12       000000
__Lbank13                                     bank13       000000
__Lbank14                                     bank14       000000
__Lbank15                                     bank15       000000
__Lbank16                                     bank16       000000
__Lbank17                                     bank17       000000
__Lbank18                                     bank18       000000
__Lbank19                                     bank19       000000
__Lbank20                                     bank20       000000
__Lbank21                                     bank21       000000
__Lbank22                                     bank22       000000
__Lbank23                                     bank23       000000
__Lbank24                                     bank24       000000
__Lbank25                                     bank25       000000
__Lbank26                                     bank26       000000
__Lbank27                                     bank27       000000
__Lbank28                                     bank28       000000
__Lbank29                                     bank29       000000
__Lbank30                                     bank30       000000
__Lbank31                                     bank31       000000
__Lbank32                                     bank32       000000
__Lbank33                                     bank33       000000
__Lbank34                                     bank34       000000
__Lbank35                                     bank35       000000
__Lbank36                                     bank36       000000
__Lbank37                                     bank37       000000
__Lbank38                                     bank38       000000
__Lbank39                                     bank39       000000
__Lbank40                                     bank40       000000
__Lbank41                                     bank41       000000
__Lbank42                                     bank42       000000
__Lbank43                                     bank43       000000
__Lbank44                                     bank44       000000
__Lbank45                                     bank45       000000
__Lbank46                                     bank46       000000
__Lbank47                                     bank47       000000
__Lbank48                                     bank48       000000
__Lbank49                                     bank49       000000
__Lbank5                                      bank5        000000
__Lbank50                                     bank50       000000
__Lbank51                                     bank51       000000
__Lbank52                                     bank52       000000
__Lbank53                                     bank53       000000
__Lbank54                                     bank54       000000
__Lbank6                                      bank6        000000
__Lbank7                                      bank7        000000
__Lbank8                                      bank8        000000
__Lbank9                                      bank9        000000
__Lbigbss                                     bigbss       000000
__Lbigdata                                    bigdata      000000
__Lbigram                                     bigram       000000
__Lbigsfr                                     bigsfr       000000
__Lbss                                        bss          000000
__LbssBANK5                                   bssBANK5     000000
__LbssBANK6                                   bssBANK6     000000
__LbssBANK7                                   bssBANK7     000000
__LbssBANK8                                   bssBANK8     000000
__LbssBANK9                                   bssBANK9     000000
__LbssCOMRAM                                  bssCOMRAM    000000
__Lcinit                                      cinit        000000
__Lclrtext                                    clrtext      000000
__Lcomram                                     comram       000000
__Lconfig                                     config       000000
__Lconst                                      const        000000
__LcstackBANK5                                cstackBANK5  000000
__LcstackBANK6                                cstackBANK6  000000
__LcstackCOMRAM                               cstackCOMRAM 000000
__Ldata                                       data         000000
__LdataCOMRAM                                 dataCOMRAM   000000
__Leeprom_data                                eeprom_data  000000
__Lfarbss                                     farbss       000000
__Lfardata                                    fardata      000000
__Lheap                                       heap         000000
__Libigdata                                   ibigdata     000000
__Lidata                                      idata        000000
__LidataCOMRAM                                idataCOMRAM  000000
__Lidloc                                      idloc        000000
__Lifardata                                   ifardata     000000
__Linit                                       init         00001A
__Lintsave_regs                               intsave_regs 000000
__Lirdata                                     irdata       000000
__Livt0x8                                     ivt0x8       000008
__Lmediumconst                                mediumconst  00FEF6
__LnvBANK5                                    nvBANK5      000000
__LnvBANK6                                    nvBANK6      000000
__LnvFARRAM                                   nvFARRAM     000000
__Lnvbit                                      nvbit        000000
__Lnvrram                                     nvrram       000000
__Lparam                                      rparam       000000
__Lpowerup                                    powerup      000000
__Lram                                        ram          000000
__Lramtop                                     ramtop       004000
__Lrbit                                       rbit         000000
__Lrbss                                       rbss         000000
__Lrdata                                      rdata        000000
__Lreset_vec                                  reset_vec    000000
__Lrparam                                     rparam       000000
__Lsfr                                        sfr          000000
__Lsmallconst                                 smallconst   000000
__Lspace_0                                    (abs)        000000
__Lspace_1                                    (abs)        000000
__Lspace_2                                    (abs)        000000
__Lspace_4                                    (abs)        000000
__Lstack                                      stack        000000
__Lstruct                                     struct       000000
__Ltemp                                       temp         000000
__Ltext                                       text         000000
__Ltext0                                      text0        000000
__Ltext1                                      text1        000000
__Ltext10                                     text10       000000
__Ltext11                                     text11       000000
__Ltext12                                     text12       000000
__Ltext13                                     text13       000000
__Ltext14                                     text14       000000
__Ltext15                                     text15       000000
__Ltext16                                     text16       000000
__Ltext17                                     text17       000000
__Ltext18                                     text18       000000
__Ltext19                                     text19       000000
__Ltext2                                      text2        000000
__Ltext20                                     text20       000000
__Ltext21                                     text21       000000
__Ltext22                                     text22       000000
__Ltext23                                     text23       000000
__Ltext24                                     text24       000000
__Ltext25                                     text25       000000
__Ltext26                                     text26       000000
__Ltext27                                     text27       000000
__Ltext28                                     text28       000000
__Ltext29                                     text29       000000
__Ltext3                                      text3        000000
__Ltext30                                     text30       000000
__Ltext31                                     text31       000000
__Ltext32                                     text32       000000
__Ltext33                                     text33       000000
__Ltext34                                     text34       000000
__Ltext35                                     text35       000000
__Ltext36                                     text36       000000
__Ltext37                                     text37       000000
__Ltext38                                     text38       000000
__Ltext39                                     text39       000000
__Ltext4                                      text4        000000
__Ltext40                                     text40       000000
__Ltext41                                     text41       000000
__Ltext42                                     text42       000000
__Ltext43                                     text43       000000
__Ltext44                                     text44       000000
__Ltext45                                     text45       000000
__Ltext46                                     text46       000000
__Ltext47                                     text47       000000
__Ltext48                                     text48       000000
__Ltext49                                     text49       000000
__Ltext5                                      text5        000000
__Ltext50                                     text50       000000
__Ltext51                                     text51       000000
__Ltext52                                     text52       000000
__Ltext53                                     text53       000000
__Ltext54                                     text54       000000
__Ltext55                                     text55       000000
__Ltext56                                     text56       000000
__Ltext57                                     text57       000000
__Ltext58                                     text58       000000
__Ltext59                                     text59       000000
__Ltext6                                      text6        000000
__Ltext60                                     text60       000000
__Ltext61                                     text61       000000
__Ltext62                                     text62       000000
__Ltext63                                     text63       000000
__Ltext64                                     text64       000000
__Ltext65                                     text65       000000
__Ltext66                                     text66       000000
__Ltext67                                     text67       000000
__Ltext68                                     text68       000000
__Ltext69                                     text69       000000
__Ltext7                                      text7        000000
__Ltext70                                     text70       000000
__Ltext71                                     text71       000000
__Ltext72                                     text72       000000
__Ltext73                                     text73       000000
__Ltext74                                     text74       000000
__Ltext75                                     text75       000000
__Ltext76                                     text76       000000
__Ltext77                                     text77       000000
__Ltext78                                     text78       000000
__Ltext79                                     text79       000000
__Ltext8                                      text8        000000
__Ltext80                                     text80       000000
__Ltext81                                     text81       000000
__Ltext9                                      text9        000000
__S0                                          (abs)        01450C
__S1                                          (abs)        000A00
__S4                                          (abs)        000000
__S5                                          (abs)        000000
___awdiv                                      text69       0131AC
___awdiv@counter                              cstackCOMRAM 000515
___awdiv@dividend                             cstackCOMRAM 000511
___awdiv@divisor                              cstackCOMRAM 000513
___awdiv@quotient                             cstackCOMRAM 000517
___awdiv@sign                                 cstackCOMRAM 000516
___awmod                                      text68       0133D0
___awmod@counter                              cstackCOMRAM 000515
___awmod@dividend                             cstackCOMRAM 000511
___awmod@divisor                              cstackCOMRAM 000513
___awmod@sign                                 cstackCOMRAM 000516
___fldiv                                      text20       011D5A
___fldiv@a                                    cstackCOMRAM 00052F
___fldiv@aexp                                 cstackBANK5  0005D7
___fldiv@b                                    cstackCOMRAM 00052B
___fldiv@bexp                                 cstackBANK5  0005D6
___fldiv@grs                                  cstackBANK5  0005D2
___fldiv@new_exp                              cstackBANK5  0005D0
___fldiv@rem                                  cstackBANK5  0005CB
___fldiv@sign                                 cstackBANK5  0005CF
___fleq                                       text19       01352A
___fleq@ff1                                   cstackCOMRAM 000511
___fleq@ff2                                   cstackCOMRAM 000515
___flge                                       text18       012C8E
___flge@ff1                                   cstackCOMRAM 000511
___flge@ff2                                   cstackCOMRAM 000515
___flmul                                      text17       011934
___flmul@a                                    cstackCOMRAM 000515
___flmul@aexp                                 cstackCOMRAM 00051E
___flmul@b                                    cstackCOMRAM 000511
___flmul@bexp                                 cstackCOMRAM 000523
___flmul@grs                                  cstackCOMRAM 00051F
___flmul@prod                                 cstackCOMRAM 000524
___flmul@sign                                 cstackCOMRAM 00051D
___flmul@temp                                 cstackCOMRAM 000528
___flneg                                      text16       014292
___flneg@f1                                   cstackCOMRAM 000511
___heap_hi                                    (abs)        000000
___heap_lo                                    (abs)        000000
___inthi_sp                                   stack        000000
___inthi_stack_hi                             stack        000000
___inthi_stack_lo                             stack        000000
___intlo_sp                                   stack        000000
___intlo_stack_hi                             stack        000000
___intlo_stack_lo                             stack        000000
___lmul                                       text15       013D3A
___lmul@multiplicand                          cstackCOMRAM 000515
___lmul@multiplier                            cstackCOMRAM 000511
___lmul@product                               cstackCOMRAM 000519
___lwmod                                      text3        013DA4
___lwmod@counter                              cstackCOMRAM 000515
___lwmod@dividend                             cstackCOMRAM 000511
___lwmod@divisor                              cstackCOMRAM 000513
___param_bank                                 (abs)        000000
___rparam_used                                (abs)        000001
___sp                                         stack        000000
___stack_hi                                   stack        000000
___stack_lo                                   stack        000000
___ungetbuf                                   bssBANK5     000578
___ungetcnt                                   bssCOMRAM    000542
___wmul                                       text14       014380
___wmul@multiplicand                          cstackCOMRAM 000513
___wmul@multiplier                            cstackCOMRAM 000511
___wmul@product                               cstackCOMRAM 000515
___xxtofl                                     text13       012884
___xxtofl@arg                                 cstackCOMRAM 000527
___xxtofl@exp                                 cstackCOMRAM 000526
___xxtofl@sign                                cstackCOMRAM 000525
___xxtofl@val                                 cstackCOMRAM 00051D
__accesstop                                   (abs)        000560
__activetblptr                                (abs)        000003
__end_of_CAN1_BitRateConfiguration            text47       014488
__end_of_CAN1_Initialize                      text43       014152
__end_of_CAN1_OperationModeGet                text46       0144E2
__end_of_CAN1_OperationModeSet                text45       0139F0
__end_of_CAN1_TX_FIFO_Configuration           text44       014464
__end_of_CAN1_Transmit                        text23       01384E
__end_of_DLC_BYTES                            mediumconst  00FF00
__end_of_FIFO                                 mediumconst  00FF02
__end_of_GPGLL_Parser                         text50       0133D0
__end_of_GPSRxISR                             text72       01352A
__end_of_GPS_init                             text48       013C56
__end_of_GetTxFifoStatus                      text28       014424
__end_of_INTERRUPT_Initialize                 text42       014506
__end_of_INTERRUPT_InterruptManager           text70       01367A
__end_of_OSCILLATOR_Initialize                text41       014476
__end_of_PIN_MANAGER_Initialize               text40       013F22
__end_of_PMD_Initialize                       text39       014450
__end_of_SYSTEM_Initialize                    text31       01440C
__end_of_TMR2_Initialize                      text38       01443A
__end_of_UART1_DefaultErrorHandler            text76       014502
__end_of_UART1_DefaultFramingErrorHandler     text75       01450C
__end_of_UART1_DefaultOverrunErrorHandler     text74       01450A
__end_of_UART1_Initialize                     text32       0138DE
__end_of_UART1_Receive_ISR                    text73       0131AC
__end_of_UART1_RxDataHandler                  text77       014380
__end_of_UART1_SetErrorHandler                text37       0144CE
__end_of_UART1_SetFramingErrorHandler         text36       0144C0
__end_of_UART1_SetOverrunErrorHandler         text35       0144B2
__end_of_UART1_SetRxInterruptHandler          text34       0144A4
__end_of_UART1_SetTxInterruptHandler          text33       014496
__end_of_UART1_Transmit_ISR                   text71       01421A
__end_of_UART1_Write                          text66       013FCA
__end_of_ValidateTransmission                 text27       012F50
__end_of_WriteMessageToFifo                   text25       012686
__end_of___awdiv                              text69       01326C
__end_of___awmod                              text68       01347E
__end_of___fldiv                              text20       0120EA
__end_of___fleq                               text19       0135D4
__end_of___flge                               text18       012D92
__end_of___flmul                              text17       011D5A
__end_of___flneg                              text16       0142CA
__end_of___lmul                               text15       013DA4
__end_of___lwmod                              text3        013E08
__end_of___wmul                               text14       0143A6
__end_of___xxtofl                             text13       012A38
__end_of__initialization                      cinit        013964
__end_of_abs                                  text67       0142FE
__end_of_atoc                                 text58       012E7E
__end_of_atocs                                text56       0114E6
__end_of_atoi                                 text55       012B72
__end_of_fgetc                                text59       012C8E
__end_of_fputc                                text64       0130E8
__end_of_getTime                              text30       0137BC
__end_of_getch                                text60       0144FC
__end_of_initDateTime                         text29       013ECC
__end_of_isTxChannel                          text24       014292
__end_of_isdigit                              text12       014358
__end_of_isxdigit                             text11       013F76
__end_of_main                                 text0        012884
__end_of_memcpy                               text26       01406E
__end_of_msgDateTime                          text22       01371E
__end_of_msgKmh                               text21       013E6A
__end_of_msgLatitude                          text7        013BE2
__end_of_msgLongitude                         text6        013B6C
__end_of_msgScreenSwitch                      text5        014258
__end_of_msgTrminVbat                         text4        013A74
__end_of_nanf                                 text10       0143EE
__end_of_printf                               text61       0143CC
__end_of_putch                                text65       0144EC
__end_of_puts                                 text49       014196
__end_of_rand16                               text2        013CC8
__end_of_skipws                               text54       013D3A
__end_of_srand16                              text1        0144D8
__end_of_sscanf                               text51       01410C
__end_of_strncpy                              text81       013AF6
__end_of_strtof                               text8        01107A
__end_of_toupper                              text9        01432C
__end_of_ungetc                               text57       013322
__end_of_vfpfcnvrt                            text63       012460
__end_of_vfprintf                             text62       0140BE
__end_of_vfscanf                              text52       01301E
__end_of_vfsfcnvrt                            text53       011934
__end_ofi2_UART1_Write                        text80       01401E
__end_ofi2_putch                              text79       0144F6
__end_ofi2_puts                               text78       0141DA
__initialization                              cinit        0138DE
__mediumconst                                 mediumconst  00FEF6
__pbssBANK5                                   bssBANK5     000560
__pbssBANK6                                   bssBANK6     000600
__pbssBANK7                                   bssBANK7     000700
__pbssBANK8                                   bssBANK8     000800
__pbssBANK9                                   bssBANK9     000900
__pbssCOMRAM                                  bssCOMRAM    000540
__pcinit                                      cinit        0138DE
__pcstackBANK5                                cstackBANK5  0005CB
__pcstackBANK6                                cstackBANK6  00068D
__pcstackCOMRAM                               cstackCOMRAM 000501
__pdataCOMRAM                                 dataCOMRAM   00054E
__pidataCOMRAM                                idataCOMRAM  014506
__pivt0x8                                     ivt0x8       000008
[...]
_uart1RxLastError                             bssCOMRAM    000546
_uart1RxStatusBuffer                          bssBANK5     000560
_uart1RxTail                                  bssCOMRAM    000548
_uart1TxBuffer                                bssBANK5     000570
_uart1TxBufferRemaining                       bssCOMRAM    00054A
_uart1TxHead                                  bssCOMRAM    00054C
_uart1TxTail                                  bssCOMRAM    00054B
_ungetc                                       text57       01326C
_vfpfcnvrt                                    text63       0120EA
_vfprintf                                     text62       01406E
_vfscanf                                      text52       012F50
_vfsfcnvrt                                    text53       0114E6
_width                                        bssCOMRAM    000540
_width@doprnt$F2460                           bssBANK5     00057B
abs@a                                         cstackCOMRAM 000517
atoc@c                                        cstackCOMRAM 000523
atoc@fp                                       cstackCOMRAM 00051C
atoc@i                                        cstackCOMRAM 000525
atoc@s                                        cstackCOMRAM 00051E
atoc@w                                        cstackCOMRAM 000521
atocs@ap                                      cstackCOMRAM 000520
atocs@c                                       cstackCOMRAM 000530
atocs@end                                     cstackCOMRAM 000534
atocs@fmt                                     cstackCOMRAM 00051E
atocs@fp                                      cstackCOMRAM 00051C
atocs@i                                       cstackCOMRAM 000532
atocs@invert                                  cstackCOMRAM 000529
atocs@j                                       cstackCOMRAM 000536
atocs@k                                       cstackCOMRAM 00052A
atocs@s                                       cstackCOMRAM 00052E
atocs@start                                   cstackCOMRAM 00052C
atocs@w                                       cstackCOMRAM 000527
atoi@n                                        cstackCOMRAM 000516
atoi@neg                                      cstackCOMRAM 000515
atoi@s                                        cstackCOMRAM 000511
end_of_initialization                         cinit        013964
fgetc@c                                       cstackCOMRAM 00051A
fgetc@fp                                      cstackCOMRAM 000513
fputc@c                                       cstackCOMRAM 000513
fputc@fp                                      cstackCOMRAM 000515
getTime@GpsMsg                                cstackCOMRAM 000513
getTime@dateTime                              cstackCOMRAM 000511
i2UART1_Write@txData                          cstackCOMRAM 000501
i2_UART1_Write                                text80       013FCA
i2_putch                                      text79       0144EC
i2_puts                                       text78       014196
i2putch@txData                                cstackCOMRAM 000502
i2puts@s                                      cstackCOMRAM 000503
initDateTime@dateTime                         cstackCOMRAM 000511
intlevel0                                     text         000000
intlevel1                                     text         000000
intlevel2                                     text         000000
intlevel3                                     text         000000
isTxChannel@channel                           cstackCOMRAM 000512
isa$std                                       (abs)        000001
isa$xinst                                     (abs)        000000
isdigit@c                                     cstackCOMRAM 000511
isxdigit@c                                    cstackCOMRAM 000511
ivt0x8_base                                   ivt0x8       000008
memcpy@d                                      cstackCOMRAM 000518
memcpy@d1                                     cstackCOMRAM 000511
memcpy@n                                      cstackCOMRAM 000515
memcpy@s                                      cstackCOMRAM 00051A
memcpy@s1                                     cstackCOMRAM 000513
memcpy@tmp                                    cstackCOMRAM 000517
msgDateTime@TAB                               bssBANK5     00059E
msgDateTime@horodatage                        cstackCOMRAM 00052C
msgDateTime@txMessage                         bssBANK5     0005A5
msgKmh@TAB                                    bssBANK5     0005C7
msgKmh@kmh                                    cstackCOMRAM 000537
msgKmh@txMessage                              bssBANK5     0005B3
msgKmh@vitesse                                cstackCOMRAM 00053B
msgLatitude@Latitude                          cstackBANK6  00068D
msgLatitude@TAB                               bssBANK6     000685
msgLatitude@latitude                          cstackCOMRAM 00053B
msgLatitude@txMessage                         bssBANK5     000597
msgLongitude@Longitude                        cstackBANK6  00068D
msgLongitude@TAB                              bssBANK6     00067D
msgLongitude@longitude                        cstackCOMRAM 00053B
msgLongitude@txMessage                        bssBANK5     000590
msgScreenSwitch@Screen                        bssCOMRAM    00054D
msgScreenSwitch@screen                        cstackCOMRAM 00052C
msgScreenSwitch@txMessage                     bssBANK5     000589
msgTrminVbat@TAB                              bssBANK5     0005C1
msgTrminVbat@TrMin                            cstackBANK5  0005DC
msgTrminVbat@Vbat                             cstackCOMRAM 000539
msgTrminVbat@Voltbat                          cstackBANK5  0005D8
msgTrminVbat@trmin                            cstackCOMRAM 000537
msgTrminVbat@txMessage                        bssBANK5     0005AC
nanf@s                                        cstackCOMRAM 000511
nanf@u                                        cstackCOMRAM 000515
printf@ap                                     cstackCOMRAM 00053C
printf@fmt                                    cstackCOMRAM 000536
putch@txData                                  cstackCOMRAM 000512
puts@s                                        cstackCOMRAM 000513
rand16@max                                    cstackCOMRAM 000518
rand16@min                                    cstackCOMRAM 000516
skipws@c                                      cstackCOMRAM 00051F
skipws@fp                                     cstackCOMRAM 00051C
srand16@seed_init                             cstackCOMRAM 000511
sscanf@ap                                     cstackBANK6  00068F
sscanf@f                                      cstackBANK6  000691
sscanf@fmt                                    cstackBANK5  0005DD
sscanf@ret                                    cstackBANK6  00068D
sscanf@s                                      cstackBANK5  0005DB
stackhi                                       (abs)        000000
stacklo                                       (abs)        000000
start                                         init         00001A
start_initialization                          cinit        0138DE
strncpy@cp                                    cstackCOMRAM 000507
strncpy@d                                     cstackCOMRAM 000501
strncpy@n                                     cstackCOMRAM 000505
strncpy@s                                     cstackCOMRAM 000503
strtof@_u                                     cstackBANK5  0005E8
strtof@digit                                  cstackBANK5  0005E2
strtof@dpos                                   cstackBANK5  0005DF
strtof@eexp                                   cstackBANK5  0005E6
strtof@err                                    cstackBANK5  0005E0
strtof@expon                                  cstackBANK5  0005E4
strtof@flags                                  cstackBANK5  0005E3
strtof@i                                      cstackBANK5  0005EC
strtof@res                                    cstackCOMRAM 000539
strtof@s                                      cstackCOMRAM 000537
strtof@xpos                                   cstackBANK5  0005DE
toupper@c                                     cstackCOMRAM 000511
ungetc@c                                      cstackCOMRAM 000511
ungetc@fp                                     cstackCOMRAM 000513
vfpfcnvrt@ap                                  cstackCOMRAM 000520
vfpfcnvrt@c                                   cstackCOMRAM 00052D
vfpfcnvrt@convarg                             cstackCOMRAM 000529
vfpfcnvrt@cp                                  cstackCOMRAM 000526
vfpfcnvrt@cp_2479                             cstackCOMRAM 000524
vfpfcnvrt@done                                cstackCOMRAM 000528
vfpfcnvrt@fmt                                 cstackCOMRAM 00051E
vfpfcnvrt@fp                                  cstackCOMRAM 00051C
vfprintf@ap                                   cstackCOMRAM 000532
vfprintf@cfmt                                 cstackCOMRAM 000534
vfprintf@fmt                                  cstackCOMRAM 000530
vfprintf@fp                                   cstackCOMRAM 00052E
vfscanf@ap                                    cstackBANK5  0005D3
vfscanf@cfmt                                  cstackBANK5  0005D9
vfscanf@fmt                                   cstackBANK5  0005D1
vfscanf@fp                                    cstackBANK5  0005CF
vfscanf@n                                     cstackBANK5  0005D7
vfscanf@saved_errno                           cstackBANK5  0005D5
vfsfcnvrt@ap                                  cstackCOMRAM 00053C
vfsfcnvrt@c                                   cstackBANK5  0005CD
vfsfcnvrt@cp                                  cstackBANK5  0005CB
vfsfcnvrt@fmt                                 cstackCOMRAM 00053A
vfsfcnvrt@fp                                  cstackCOMRAM 000538


MODULE INFORMATION

Module		Function		Class		Link	Load	Size
mcc_generated_files/can1.c
		_ValidateTransmission		CODE           	12E7E	0000	210
		_CAN1_BitRateConfiguration		CODE           	14476	0000	18
		_CAN1_TX_FIFO_Configuration		CODE           	14450	0000	20
		_CAN1_OperationModeGet		CODE           	144D8	0000	10
		_CAN1_Initialize		CODE           	1410C	0000	70
		_CAN1_Transmit 		CODE           	137BC	0000	146
		_isTxChannel   		CODE           	14258	0000	58
		_GetTxFifoStatus		CODE           	1440C	0000	24
		_WriteMessageToFifo		CODE           	12460	0000	550
		_CAN1_OperationModeSet		CODE           	1396A	0000	134

mcc_generated_files/can1.c estimated size: 1240

C:\Program Files\Microchip\xc8\v3.10\pic\sources\c99\common\flge.c
		___flge        		CODE           	12C8E	0000	260

C:\Program Files\Microchip\xc8\v3.10\pic\sources\c99\common\flge.c estimated size: 260

C:\Program Files\Microchip\xc8\v3.10\pic\sources\c99\common\lwmod.c
		___lwmod       		CODE           	13DA4	0000	100

C:\Program Files\Microchip\xc8\v3.10\pic\sources\c99\common\lwmod.c estimated size: 100

C:\Program Files\Microchip\xc8\v3.10\pic\sources\c99\common\awmod.c
		___awmod       		CODE           	133D0	0000	174

C:\Program Files\Microchip\xc8\v3.10\pic\sources\c99\common\awmod.c estimated size: 174

C:\Program Files\Microchip\xc8\v3.10\pic\sources\c99\common\memcpy.c
		_memcpy        		CODE           	1401E	0000	80

C:\Program Files\Microchip\xc8\v3.10\pic\sources\c99\common\memcpy.c estimated size: 80

C:\Program Files\Microchip\xc8\v3.10\pic\sources\c99\common\doscan.c
		_vfsfcnvrt     		CODE           	114E6	0000	1102
		_atocs         		CODE           	1107A	0000	1132
		_vfscanf       		CODE           	12F50	0000	206
		_skipws        		CODE           	13CC8	0000	114
		_atoc          		CODE           	12D92	0000	236

C:\Program Files\Microchip\xc8\v3.10\pic\sources\c99\common\doscan.c estimated size: 2790

mcc_generated_files/tmr2.c
		_TMR2_Initialize		CODE           	14424	0000	22

mcc_generated_files/tmr2.c estimated size: 22

mcc_generated_files/interrupt_manager.c
		_INTERRUPT_Initialize		CODE           	14502	0000	4
		_INTERRUPT_InterruptManager		CODE           	135D4	0000	166

mcc_generated_files/interrupt_manager.c estimated size: 170

C:\Program Files\Microchip\xc8\v3.10\pic\sources\c99\common\abs.c
		_abs           		CODE           	142CA	0000	52

C:\Program Files\Microchip\xc8\v3.10\pic\sources\c99\common\abs.c estimated size: 52

C:\Program Files\Microchip\xc8\v3.10\pic\sources\c99\common\Umul32.c
		___lmul        		CODE           	13D3A	0000	106

C:\Program Files\Microchip\xc8\v3.10\pic\sources\c99\common\Umul32.c estimated size: 106

C:\Program Files\Microchip\xc8\v3.10\pic\sources\c99\common\nf_getc.c
		_fgetc         		CODE           	12B72	0000	284
		_ungetc        		CODE           	1326C	0000	182

C:\Program Files\Microchip\xc8\v3.10\pic\sources\c99\common\nf_getc.c estimated size: 466

mcc_generated_files/pin_manager.c
		_PIN_MANAGER_Initialize		CODE           	13ECC	0000	86

mcc_generated_files/pin_manager.c estimated size: 86

C:\Program Files\Microchip\xc8\v3.10\pic\sources\c99\common\nanf.c
		_nanf          		CODE           	143CC	0000	34

C:\Program Files\Microchip\xc8\v3.10\pic\sources\c99\common\nanf.c estimated size: 34

C:\Program Files\Microchip\xc8\v3.10\pic\sources\c99\common\printf.c
		_printf        		CODE           	143A6	0000	38

C:\Program Files\Microchip\xc8\v3.10\pic\sources\c99\common\printf.c estimated size: 38

rand.c
		_srand16       		CODE           	144CE	0000	10
		_rand16        		CODE           	13C56	0000	114

rand.c estimated size: 124

C:\Program Files\Microchip\xc8\v3.10\pic\sources\c99\common\getch.c
		_getch         		CODE           	144F6	0000	6

C:\Program Files\Microchip\xc8\v3.10\pic\sources\c99\common\getch.c estimated size: 6

C:\Program Files\Microchip\xc8\v3.10\pic\sources\c99\common\awdiv.c
		___awdiv       		CODE           	131AC	0000	192

C:\Program Files\Microchip\xc8\v3.10\pic\sources\c99\common\awdiv.c estimated size: 192

C:\Program Files\Microchip\xc8\v3.10\pic\sources\c99\common\atoi.c
		_atoi          		CODE           	12A38	0000	314

C:\Program Files\Microchip\xc8\v3.10\pic\sources\c99\common\atoi.c estimated size: 314

C:\Program Files\Microchip\xc8\v3.10\pic\sources\c99\common\sprcmul.c
		___flmul       		CODE           	11934	0000	1062

C:\Program Files\Microchip\xc8\v3.10\pic\sources\c99\common\sprcmul.c estimated size: 1062

C:\Program Files\Microchip\xc8\v3.10\pic\sources\c99\common\fleq.c
		___fleq        		CODE           	1352A	0000	170

C:\Program Files\Microchip\xc8\v3.10\pic\sources\c99\common\fleq.c estimated size: 170

mcc_generated_files/uart1.c
		_UART1_Write   		CODE           	13F76	0000	84
		_putch         		CODE           	144E2	0000	10
		_UART1_SetFramingErrorHandler		CODE           	144B2	0000	14
		_UART1_SetOverrunErrorHandler		CODE           	144A4	0000	14
		_UART1_Receive_ISR		CODE           	130E8	0000	196
		_UART1_SetRxInterruptHandler		CODE           	14496	0000	14
		_UART1_SetTxInterruptHandler		CODE           	14488	0000	14
		_UART1_Initialize		CODE           	1384E	0000	144
		_UART1_SetErrorHandler		CODE           	144C0	0000	14
		_UART1_Transmit_ISR		CODE           	141DA	0000	64
		_UART1_DefaultFramingErrorHandler		CODE           	1450A	0000	2
		_UART1_DefaultErrorHandler		CODE           	144FC	0000	6
		_UART1_RxDataHandler		CODE           	14358	0000	40
		_UART1_DefaultOverrunErrorHandler		CODE           	14508	0000	2

mcc_generated_files/uart1.c estimated size: 618

C:\Program Files\Microchip\xc8\v3.10\pic\sources\c99\common\xxtofl.c
		___xxtofl      		CODE           	12884	0000	436

C:\Program Files\Microchip\xc8\v3.10\pic\sources\c99\common\xxtofl.c estimated size: 436

C:\Program Files\Microchip\xc8\v3.10\pic\sources\c99\common\sprcdiv.c
		___fldiv       		CODE           	11D5A	0000	912

C:\Program Files\Microchip\xc8\v3.10\pic\sources\c99\common\sprcdiv.c estimated size: 912

C:\Program Files\Microchip\xc8\v3.10\pic\sources\c99\common\puts.c
		_puts          		CODE           	14152	0000	68

C:\Program Files\Microchip\xc8\v3.10\pic\sources\c99\common\puts.c estimated size: 68

C:\Program Files\Microchip\xc8\v3.10\pic\sources\c99\common\toupper.c
		_toupper       		CODE           	142FE	0000	46

C:\Program Files\Microchip\xc8\v3.10\pic\sources\c99\common\toupper.c estimated size: 46

shared
		i2_puts        		CODE           	14196	0000	68
		i2_putch       		CODE           	144EC	0000	10
		_FIFO          		MEDIUMCONST    	0000	0000	0
		_DLC_BYTES     		MEDIUMCONST    	FEF7	0000	9
		__initialization		CODE           	138DE	0000	134
		i2_UART1_Write 		CODE           	13FCA	0000	84

shared estimated size: 305

mcc_generated_files/mcc.c
		_PMD_Initialize		CODE           	1443A	0000	22
		_OSCILLATOR_Initialize		CODE           	14464	0000	18
		_SYSTEM_Initialize		CODE           	143EE	0000	30

mcc_generated_files/mcc.c estimated size: 70

GPS.c
		_GPSRxISR      		CODE           	1347E	0000	172
		_GPS_init      		CODE           	13BE2	0000	116
		_GPGLL_Parser  		CODE           	13322	0000	174

GPS.c estimated size: 462

C:\Program Files\Microchip\xc8\v3.10\pic\sources\c99\common\nf_fputc.c
		_fputc         		CODE           	1301E	0000	202

C:\Program Files\Microchip\xc8\v3.10\pic\sources\c99\common\nf_fputc.c estimated size: 202

CAN_format.c
		_msgDateTime   		CODE           	1367A	0000	164
		_msgKmh        		CODE           	13E08	0000	98
		_msgLatitude   		CODE           	13B6C	0000	118
		_msgLongitude  		CODE           	13AF6	0000	118
		_msgScreenSwitch		CODE           	1421A	0000	62
		_msgTrminVbat  		CODE           	139F0	0000	132

CAN_format.c estimated size: 692

C:\Program Files\Microchip\xc8\v3.10\pic\sources\c99\common\strncpy.c
		_strncpy       		CODE           	13A74	0000	130

C:\Program Files\Microchip\xc8\v3.10\pic\sources\c99\common\strncpy.c estimated size: 130

C:\Program Files\Microchip\xc8\v3.10\pic\sources\c99\common\flneg.c
		___flneg       		CODE           	14292	0000	56

C:\Program Files\Microchip\xc8\v3.10\pic\sources\c99\common\flneg.c estimated size: 56

C:\Program Files\Microchip\xc8\v3.10\pic\sources\c99\common\nf_sscanf.c
		_sscanf        		CODE           	140BE	0000	78

C:\Program Files\Microchip\xc8\v3.10\pic\sources\c99\common\nf_sscanf.c estimated size: 78

C:\Program Files\Microchip\xc8\v3.10\pic\sources\c99\common\isxdigit.c
		_isxdigit      		CODE           	13F22	0000	84

C:\Program Files\Microchip\xc8\v3.10\pic\sources\c99\common\isxdigit.c estimated size: 84

C:\Program Files\Microchip\xc8\v3.10\pic\sources\c99\common\doprnt.c
		_vfpfcnvrt     		CODE           	120EA	0000	886
		_vfprintf      		CODE           	1406E	0000	80

C:\Program Files\Microchip\xc8\v3.10\pic\sources\c99\common\doprnt.c estimated size: 966

main.c
		_main          		CODE           	12686	0000	510

main.c estimated size: 510

RTC.c
		_getTime       		CODE           	1371E	0000	158
		_initDateTime  		CODE           	13E6A	0000	98

RTC.c estimated size: 256

C:\Program Files\Microchip\xc8\v3.10\pic\sources\c99\common\isdigit.c
		_isdigit       		CODE           	1432C	0000	44

C:\Program Files\Microchip\xc8\v3.10\pic\sources\c99\common\isdigit.c estimated size: 44

C:\Program Files\Microchip\xc8\v3.10\pic\sources\c99\common\Umul16.c
		___wmul        		CODE           	14380	0000	38

C:\Program Files\Microchip\xc8\v3.10\pic\sources\c99\common\Umul16.c estimated size: 38

C:\Program Files\Microchip\xc8\v3.10\pic\sources\c99\common\strtof.c
		_strtof        		CODE           	10000	0000	4218

C:\Program Files\Microchip\xc8\v3.10\pic\sources\c99\common\strtof.c estimated size: 4218

